******************************************************************************
                  TI ARM Linker PC v5.2.7                      
******************************************************************************
>> Linked Tue Apr 26 20:47:35 2016

OUTPUT FILE NAME:   <wlan_station.out>
ENTRY POINT SYMBOL: "_c_int00"  address: 2000f68d


MEMORY CONFIGURATION

         name            origin    length      used     unused   attr    fill
----------------------  --------  ---------  --------  --------  ----  --------
  SRAM_CODE             20004000   00014000  0000fdce  00004232  RW X
  SRAM_DATA             20018000   00018000  0000c1ca  0000be36  RW X


SEGMENT ALLOCATION MAP

run origin  load origin   length   init length attrs members
----------  ----------- ---------- ----------- ----- -------
20004000    20004000    0000fdd8   0000fdd8    r-x
  20004000    20004000    0000030c   0000030c    r-- .resetVecs
  20004310    20004310    0000d212   0000d212    r-x .text
  20011524    20011524    00002510   00002510    r-- .const
  20013a38    20013a38    000003a0   000003a0    r-- .cinit
20018000    20018000    0000a1cc   00000000    rw-
  20018000    20018000    00009c1e   00000000    rw- .bss
  20021c20    20021c20    000005ac   00000000    rw- .data
2002e000    2002e000    00002000   00000000    rw-
  2002e000    2002e000    00002000   00000000    rw- .stack


SECTION ALLOCATION MAP

 output                                  attributes/
section   page    origin      length       input sections
--------  ----  ----------  ----------   ----------------
.init_array 
*          0    20004000    00000000     UNINITIALIZED

.resetVecs 
*          0    20004000    0000030c     
                  20004000    0000030c     app_pem4.oem4 (.resetVecs)

.text      0    20004310    0000d212     
                  20004310    000010a6     rtsv7M4_T_le_eabi.lib : _printfi.obj (.text)
                  200053b6    00000002                           : i_div0.obj (.text)
                  200053b8    00000b84     main.obj (.text)
                  20005f3c    000005ec     simplelink.a : driver.obj (.text:_SlDrvMsgRead)
                  20006528    00000544     ti_rtos.a : osi_tirtos.obj (.text)
                  20006a6c    00000004     app_pem4.oem4 (.text:ti_sysbios_BIOS_RtsGateProxy_enter__E)
                  20006a70    00000430     sysbios.aem4 : BIOS.obj (.text:ti_sysbios_family_arm_m3_Hwi_excDumpRegs__I)
                  20006ea0    000003bc     sniff.obj (.text)
                  2000725c    00000394     gpio_if.obj (.text)
                  200075f0    0000034c     ti.targets.arm.rtsarm.aem4 : System.oem4 (.text:xdc_runtime_System_doPrint__I)
                  2000793c    00000004     app_pem4.oem4 (.text:ti_sysbios_BIOS_RtsGateProxy_leave__E)
                  20007940    00000314     sysbios.aem4 : BIOS.obj (.text:ti_sysbios_knl_Semaphore_pend__E)
                  20007c54    000002d4     rtsv7M4_T_le_eabi.lib : trgdrv.obj (.text)
                  20007f28    00000280     uart_if.obj (.text)
                  200081a8    00000254     sysbios.aem4 : BIOS.obj (.text:ti_sysbios_heaps_HeapMem_free__E)
                  200083fc    00000248     simplelink.a : driver.obj (.text:_SlDrvRxHdrRead)
                  20008644    00000004     app_pem4.oem4 (.text:ti_sysbios_family_arm_m3_Hwi_delete)
                  20008648    00000240     sysbios.aem4 : BIOS.obj (.text:ti_sysbios_heaps_HeapMem_alloc__E)
                  20008888    0000022c                  : BIOS.obj (.text:ti_sysbios_knl_Task_Instance_finalize__E)
                  20008ab4    00000004     app_pem4.oem4 (.text:ti_sysbios_family_arm_m3_TaskSupport_Module__startupDone__S)
                  20008ab8    00000200     sysbios.aem4 : BIOS.obj (.text:ti_sysbios_knl_Task_sleep__E)
                  20008cb8    000001fc                  : BIOS.obj (.text:ti_sysbios_family_arm_m3_Hwi_excHandlerMax__I)
                  20008eb4    000001f4     rtsv7M4_T_le_eabi.lib : ull_div_t2.obj (.text)
                  200090a8    000001d0     simplelink.a : driver.obj (.text:_SlDrvReleasePoolObj)
                  20009278    000001cc                  : driver.obj (.text:_SlDrvMsgWrite)
                  20009444    00000004     app_pem4.oem4 (.text:ti_sysbios_heaps_HeapMem_Module_GateProxy_enter__E)
                  20009448    000001c8     sysbios.aem4 : BIOS.obj (.text:ti_sysbios_knl_Task_Instance_init__E)
                  20009610    000001b6     rtsv7M4_T_le_eabi.lib : fd_add_t2.obj (.text)
                  200097c6    00000002     app_pem4.oem4 (.text:ti_sysbios_BIOS_nullFunc__I)
                  200097c8    0000019c     sysbios.aem4 : BIOS.obj (.text:ti_sysbios_knl_Task_Module_startup__E)
                  20009964    00000190     simplelink.a : driver.obj (.text:_SlDrvWaitForPoolObj)
                  20009af4    00000174                  : driver.obj (.text:_SlDrvDriverCBInit)
                  20009c68    00000174     sysbios.aem4 : BIOS.obj (.text:ti_sysbios_family_arm_m3_Hwi_excBusFault__I)
                  20009ddc    00000170     simplelink.a : driver.obj (.text:_SlFindAndSetActiveObj)
                  20009f4c    00000004     app_pem4.oem4 (.text:ti_sysbios_heaps_HeapMem_Module_GateProxy_leave__E)
                  20009f50    00000164     sysbios.aem4 : BIOS.obj (.text:ti_sysbios_family_arm_m3_Hwi_excUsageFault__I)
                  2000a0b4    00000004     app_pem4.oem4 (.text:ti_sysbios_knl_Clock_TimerProxy_getMaxTicks__E)
                  2000a0b8    00000158     sysbios.aem4 : BIOS.obj (.text:ti_sysbios_knl_Mailbox_Instance_init__E)
                  2000a210    0000014c     simplelink.a : cc_pal.obj (.text:spi_Open)
                  2000a35c    00000004     app_pem4.oem4 (.text:ti_sysbios_knl_Mailbox_delete)
                  2000a360    00000148     sysbios.aem4 : BIOS.obj (.text:ti_sysbios_family_arm_m3_Hwi_excMemFault__I)
                  2000a4a8    00000140                  : BIOS.obj (.text:ti_sysbios_knl_Semaphore_post__E)
                  2000a5e8    0000013c                  : BIOS.obj (.text:ti_sysbios_heaps_HeapMem_Instance_init__E)
                  2000a724    00000004     app_pem4.oem4 (.text:ti_sysbios_knl_Queue_destruct)
                  2000a728    00000138     sysbios.aem4 : BIOS.obj (.text:ti_sysbios_family_arm_m3_Hwi_dispatchC__I)
                  2000a860    00000138     ti.targets.arm.rtsarm.aem4 : LoggerBuf.oem4 (.text:xdc_runtime_LoggerBuf_write8__E)
                  2000a998    00000136     rtsv7M4_T_le_eabi.lib : fd_div_t2.obj (.text)
                  2000aace    00000002     app_pem4.oem4 (.text:xdc_runtime_Startup_reset__I)
                  2000aad0    00000134     driverlib.a : prcm.obj (.text:PRCMCC3200MCUInit)
                  2000ac04    00000004     app_pem4.oem4 (.text:ti_sysbios_knl_Semaphore_delete)
                  2000ac08    00000134     sysbios.aem4 : BIOS.obj (.text:ti_sysbios_knl_Clock_workFunc__E)
                  2000ad3c    00000128     simplelink.a : driver.obj (.text:_SlDrvDataReadOp)
                  2000ae64    00000004     app_pem4.oem4 (.text:ti_sysbios_knl_Semaphore_destruct)
                  2000ae68    0000011c     sysbios.aem4 : BIOS.obj (.text:ti_sysbios_knl_Swi_run__I)
                  2000af84    00000118     ti.targets.arm.rtsarm.aem4 : Error.oem4 (.text:xdc_runtime_Error_policyDefault__E)
                  2000b09c    00000110     rtsv7M4_T_le_eabi.lib : xdscale.obj (.text)
                  2000b1ac    00000100     ti.targets.arm.rtsarm.aem4 : Core-mem.oem4 (.text:xdc_runtime_Core_createObject__I)
                  2000b2ac    000000fe     simplelink.a : netapp.obj (.text:_SlDrvNetAppEventHandler)
                  2000b3aa    000000fc     rtsv7M4_T_le_eabi.lib : fd_mul_t2.obj (.text)
                  2000b4a6    00000002     --HOLE-- [fill = 0]
                  2000b4a8    000000f8     ti.targets.arm.rtsarm.aem4 : Startup.oem4 (.text:xdc_runtime_Startup_startMods__I)
                  2000b5a0    000000f8     app_pem4.oem4 (.text:xdc_runtime_System_printfExtend__I)
                  2000b698    000000f4     simplelink.a : driver.obj (.text:_SlDrvDriverCBDeinit)
                  2000b78c    000000f0     driverlib.a : udma.obj (.text:uDMAChannelTransferSet)
                  2000b87c    000000dc     simplelink.a : cc_pal.obj (.text:spi_Read)
                  2000b958    000000d8                  : driver.obj (.text:_SlDrvClassifyRxMsg)
                  2000ba30    000000d4                  : device.obj (.text:sl_Stop)
                  2000bb04    000000d4     ti.targets.arm.rtsarm.aem4 : LoggerBuf.oem4 (.text:xdc_runtime_LoggerBuf_write4__E)
                  2000bbd8    000000d0     sysbios.aem4 : m3_Hwi_asm.obj (.text:ti_sysbios_family_arm_m3_Hwi_dispatch__I)
                  2000bca8    000000cc                  : BIOS.obj (.text:ti_sysbios_knl_Task_schedule__I)
                  2000bd74    000000cc     ti.targets.arm.rtsarm.aem4 : Core-smem.oem4 (.text:xdc_runtime_Core_constructObject__I)
                  2000be40    000000c8     simplelink.a : netapp.obj (.text:_sl_HandleAsync_DnsGetHostByService)
                  2000bf08    000000c4     sysbios.aem4 : BIOS.obj (.text:ti_sysbios_family_arm_m3_Hwi_Module_startup__E)
                  2000bfcc    000000c0     simplelink.a : driver.obj (.text:_SlRemoveFromList)
                  2000c08c    00000004     app_pem4.oem4 (.text:ti_sysbios_knl_Task_delete)
                  2000c090    000000c0     sysbios.aem4 : BIOS.obj (.text:ti_sysbios_knl_Task_exit__E)
                  2000c150    000000be     rtsv7M4_T_le_eabi.lib : xdnorm.obj (.text)
                  2000c20e    00000002     --HOLE-- [fill = 0]
                  2000c210    000000bc     simplelink.a : driver.obj (.text:_SlDrvMsgReadCmdCtx)
                  2000c2cc    000000bc                  : device.obj (.text:sl_Start)
                  2000c388    000000bc     sysbios.aem4 : BIOS.obj (.text:ti_sysbios_family_arm_m3_Hwi_excDebugMon__I)
                  2000c444    00000004     ti.targets.arm.rtsarm.aem4 : Error.oem4 (.text:xdc_runtime_Error_getSite__E)
                  2000c448    000000bc     sysbios.aem4 : BIOS.obj (.text:ti_sysbios_family_arm_m3_Hwi_excHardFault__I)
                  2000c504    00000004     app_pem4.oem4 (.text:xdc_runtime_LoggerBuf_Module_GateProxy_enter__E)
                  2000c508    000000bc     sysbios.aem4 : BIOS.obj (.text:ti_sysbios_knl_Task_startCore__E)
                  2000c5c4    000000b8     simplelink.a : driver.obj (.text:_SlAsyncEventGenericHandler)
                  2000c67c    000000b4                  : netapp.obj (.text:sl_NetAppMDNSRegisterUnregisterService)
                  2000c730    000000b4     sysbios.aem4 : BIOS.obj (.text:ti_sysbios_gates_GateMutex_enter__E)
                  2000c7e4    00000004     app_pem4.oem4 (.text:xdc_runtime_LoggerBuf_Module_GateProxy_leave__E)
                  2000c7e8    000000b4     sysbios.aem4 : BIOS.obj (.text:ti_sysbios_knl_Task_checkStacks__E)
                  2000c89c    00000004     app_pem4.oem4 (.text:xdc_runtime_System_Module_GateProxy_enter__E)
                  2000c8a0    000000b4     sysbios.aem4 : BIOS.obj (.text:ti_sysbios_knl_Task_yield__E)
                  2000c954    00000004     app_pem4.oem4 (.text:xdc_runtime_System_Module_GateProxy_leave__E)
                  2000c958    000000ac     sysbios.aem4 : BIOS.obj (.text:ti_sysbios_knl_Swi_post__E)
                  2000ca04    000000a8     driverlib.a : interrupt.obj (.text:IntEnable)
                  2000caac    000000a8     simplelink.a : netcfg.obj (.text:sl_NetCfgGet)
                  2000cb54    00000004     ti.targets.arm.rtsarm.aem4 : System.oem4 (.text:xdc_runtime_System_aprintf_va__F)
                  2000cb58    000000a8     sysbios.aem4 : BIOS.obj (.text:ti_sysbios_knl_Task_blockI__E)
                  2000cc00    000000a8                  : BIOS.obj (.text:ti_sysbios_knl_Task_postInit__I)
                  2000cca8    000000a0     driverlib.a : spi.obj (.text:SPIConfigSetExpClk)
                  2000cd48    000000a0     auto_init.aem4 : auto_init.oem4 (.text)
                  2000cde8    000000a0     ti.targets.arm.rtsarm.aem4 : Text.oem4 (.text:xdc_runtime_Text_putMod__E)
                  2000ce88    0000009c     simplelink.a : driver.obj (.text:_SlDrvMsgReadSpawnCtx)
                  2000cf24    0000009c     rtsv7M4_T_le_eabi.lib : memcpy_t2.obj (.text)
                  2000cfc0    0000009c     simplelink.a : device.obj (.text:sl_DevGet)
                  2000d05c    00000004     ti.targets.arm.rtsarm.aem4 : System.oem4 (.text:xdc_runtime_System_printf_va__F)
                  2000d060    0000009c     sysbios.aem4 : BIOS.obj (.text:ti_sysbios_knl_Semaphore_Instance_init__E)
                  2000d0fc    0000009c     ti.targets.arm.rtsarm.aem4 : LoggerBuf.oem4 (.text:xdc_runtime_LoggerBuf_setFilterLevel__E)
                  2000d198    0000009a                                : Text.oem4 (.text:xdc_runtime_Text_putSite__E)
                  2000d232    00000006     driverlib.a : utils.obj (.text:UtilsDelay)
                  2000d238    00000098     sysbios.aem4 : BIOS.obj (.text:ti_sysbios_knl_Mailbox_post__E)
                  2000d2d0    00000094     driverlib.a : prcm.obj (.text:PRCMPeripheralClockGet)
                  2000d364    00000004     --HOLE-- [fill = 0]
                  2000d368    00000094     sysbios.aem4 : BIOS.obj (.text:ti_sysbios_family_arm_m3_Hwi_Instance_init__E)
                  2000d3fc    00000004     --HOLE-- [fill = 0]
                  2000d400    00000090                  : BIOS.obj (.text:ti_sysbios_knl_Task_unblockI__E)
                  2000d490    0000008c     simplelink.a : cc_pal.obj (.text:SetupDMAReceive)
                  2000d51c    0000008c                  : cc_pal.obj (.text:SetupDMASend)
                  2000d5a8    0000008c                  : netapp.obj (.text:_sl_HandleAsync_DnsGetHostByName)
                  2000d634    0000008c                  : netapp.obj (.text:_sl_HandleAsync_PingResponse)
                  2000d6c0    0000008c                  : cc_pal.obj (.text:spi_Write)
                  2000d74c    00000004     --HOLE-- [fill = 0]
                  2000d750    0000008c     sysbios.aem4 : BIOS.obj (.text:ti_sysbios_knl_Mailbox_pend__E)
                  2000d7dc    00000088     driverlib.a : pin.obj (.text:PinConfigSet)
                  2000d864    00000088     rtsv7M4_T_le_eabi.lib : vsnprintf.obj (.text)
                  2000d8ec    00000004     --HOLE-- [fill = 0]
                  2000d8f0    00000088     sysbios.aem4 : BIOS.obj (.text:ti_sysbios_family_arm_m3_Hwi_initNVIC__E)
                  2000d978    00000088                  : BIOS.obj (.text:ti_sysbios_knl_Mailbox_Module_startup__E)
                  2000da00    00000086     rtsv7M4_T_le_eabi.lib : fd_cmp_t2.obj (.text:__aeabi_cdcmple)
                  2000da86    00000086                           : fd_cmp_t2.obj (.text:__aeabi_cdrcmple)
                  2000db0c    00000084     simplelink.a : cc_pal.obj (.text:NwpPowerOnPreamble)
                  2000db90    00000082     driverlib.a : gpio.obj (.text:GPIOIntTypeSet)
                  2000dc12    00000002     --HOLE-- [fill = 0]
                  2000dc14    00000080     simplelink.a : driver.obj (.text:_SlDrvCmdOp)
                  2000dc94    00000080                  : cc_pal.obj (.text:spi_Read_CPU)
                  2000dd14    00000080                  : cc_pal.obj (.text:spi_Write_CPU)
                  2000dd94    0000007c                  : device.obj (.text:_sl_HandleAsync_InitComplete)
                  2000de10    0000007c     pinmux.obj (.text)
                  2000de8c    00000004     --HOLE-- [fill = 0]
                  2000de90    0000007c     sysbios.aem4 : BIOS.obj (.text:ti_sysbios_family_arm_m3_TimestampProvider_get64__E)
                  2000df0c    0000007a     rtsv7M4_T_le_eabi.lib : memset_t2.obj (.text)
                  2000df86    00000002     --HOLE-- [fill = 0]
                  2000df88    00000078     simplelink.a : socket.obj (.text:_sl_HandleAsync_Connect)
                  2000e000    00000078                  : cc_pal.obj (.text:spi_Close)
                  2000e078    00000076     driverlib.a : uart.obj (.text:UARTConfigSetExpClk)
                  2000e0ee    00000002     --HOLE-- [fill = 0]
                  2000e0f0    00000074     simplelink.a : socket.obj (.text:sl_Recv)
                  2000e164    00000004     --HOLE-- [fill = 0]
                  2000e168    00000074     sysbios.aem4 : BIOS.obj (.text:ti_sysbios_family_arm_m3_Hwi_postInit__I)
                  2000e1dc    00000074     ti.targets.arm.rtsarm.aem4 : LoggerBuf.oem4 (.text:xdc_runtime_LoggerBuf_getFilterLevel__E)
                  2000e250    00000070     sysbios.aem4 : BIOS.obj (.text:ti_sysbios_knl_Mailbox_Instance_finalize__E)
                  2000e2c0    0000006c     simplelink.a : driver.obj (.text:_SlDrvCmdSend)
                  2000e32c    00000004     --HOLE-- [fill = 0]
                  2000e330    0000006c     sysbios.aem4 : BIOS.obj (.text:ti_sysbios_knl_Swi_restoreHwi__E)
                  2000e39c    0000006c     ti.targets.arm.rtsarm.aem4 : Error.oem4 (.text:xdc_runtime_Error_print__E)
                  2000e408    0000006c                                : Memory.oem4 (.text:xdc_runtime_Memory_alloc__E)
                  2000e474    0000006a     rtsv7M4_T_le_eabi.lib : copy_decompress_rle.obj (.text)
                  2000e4de    00000002     --HOLE-- [fill = 0]
                  2000e4e0    00000068     simplelink.a : netapp.obj (.text:_sl_NetAppSendTokenValue)
                  2000e548    00000068     rtsv7M4_T_le_eabi.lib : trgmsg.obj (.text)
                  2000e5b0    00000068     simplelink.a : netcfg.obj (.text:sl_NetCfgSet)
                  2000e618    00000068                  : socket.obj (.text:sl_SetSockOpt)
                  2000e680    00000068                  : wlan.obj (.text:sl_WlanSet)
                  2000e6e8    00000066     rtsv7M4_T_le_eabi.lib : xdunscal.obj (.text)
                  2000e74e    00000066     ti.targets.arm.rtsarm.aem4 : Core-mem.oem4 (.text:xdc_runtime_Core_deleteObject__I)
                  2000e7b4    00000064     app_pem4.oem4 (.text:ti_sysbios_family_arm_m3_Hwi_create)
                  2000e818    00000064     app_pem4.oem4 (.text:ti_sysbios_knl_Mailbox_create)
                  2000e87c    00000064     driverlib.a : udma.obj (.text:uDMAChannelAttributeDisable)
                  2000e8e0    00000064                 : udma.obj (.text:uDMAChannelAttributeEnable)
                  2000e944    00000064     ti.targets.arm.rtsarm.aem4 : System.oem4 (.text:xdc_runtime_System_formatNum__I)
                  2000e9a8    00000060     simplelink.a : socket.obj (.text:_sl_HandleAsync_Accept)
                  2000ea08    00000060                  : wlan.obj (.text:sl_WlanPolicySet)
                  2000ea68    00000060     sysbios.aem4 : BIOS.obj (.text:ti_sysbios_knl_Clock_logTick__E)
                  2000eac8    0000005c     simplelink.a : socket.obj (.text:sl_Socket)
                  2000eb24    00000004     --HOLE-- [fill = 0]
                  2000eb28    0000005c     sysbios.aem4 : BIOS.obj (.text:ti_sysbios_knl_Swi_schedule__I)
                  2000eb84    0000005c     app_pem4.oem4 (.text:ti_sysbios_knl_Task_create)
                  2000ebe0    0000005c     app_pem4.oem4 (.text:xdc_runtime_LoggerBuf_Object__create__S)
                  2000ec3c    0000005b     ti.targets.arm.rtsarm.aem4 : Text.oem4 (.text:xdc_runtime_Text_putLab__E)
                  2000ec97    00000001     --HOLE-- [fill = 0]
                  2000ec98    00000058     driverlib.a : interrupt.obj (.text:IntPendClear)
                  2000ecf0    00000058                 : prcm.obj (.text:PRCMPeripheralReset)
                  2000ed48    00000058     sysbios.aem4 : BIOS.obj (.text:ti_sysbios_family_arm_m3_Timer_setPeriod__E)
                  2000eda0    00000056     rtsv7M4_T_le_eabi.lib : ltoa.obj (.text)
                  2000edf6    00000002     --HOLE-- [fill = 0]
                  2000edf8    00000054     simplelink.a : socket.obj (.text:_sl_HandleAsync_Select)
                  2000ee4c    00000054                  : wlan.obj (.text:sl_WlanRxFilterSet)
                  2000eea0    00000054     sysbios.aem4 : BIOS.obj (.text:ti_sysbios_family_arm_m3_Timer_start__E)
                  2000eef4    00000054     ti.targets.arm.rtsarm.aem4 : Assert.oem4 (.text:xdc_runtime_Assert_raise__I)
                  2000ef48    00000050     simplelink.a : device.obj (.text:_sl_HandleAsync_Stop)
                  2000ef98    00000050     ti.targets.arm.rtsarm.aem4 : Startup.oem4 (.text:xdc_runtime_Startup_exec__E)
                  2000efe8    00000050                                : Text.oem4 (.text:xdc_runtime_Text_visitRope2__I)
                  2000f038    0000004c     driverlib.a : spi.obj (.text:SPIIntEnable)
                  2000f084    0000004c     simplelink.a : driver.obj (.text:_SlDrvProtectAsyncRespSetting)
                  2000f0d0    0000004c                  : driver.obj (.text:_SlDrvRxIrqHandler)
                  2000f11c    0000004c     rtsv7M4_T_le_eabi.lib : atoi.obj (.text)
                  2000f168    0000004c                           : cpy_tbl.obj (.text)
                  2000f1b4    0000004c     sysbios.aem4 : m3_TaskSupport_asm.obj (.text:ti_sysbios_family_arm_m3_TaskSupport_buildTaskStack)
                  2000f200    0000004c                  : BIOS.obj (.text:ti_sysbios_heaps_HeapMem_getStats__E)
                  2000f24c    00000004     --HOLE-- [fill = 0]
                  2000f250    0000004c                  : BIOS.obj (.text:ti_sysbios_knl_Swi_runLoop__I)
                  2000f29c    00000004     --HOLE-- [fill = 0]
                  2000f2a0    0000004c                  : BIOS.obj (.text:ti_sysbios_knl_Task_allBlockedFunction__I)
                  2000f2ec    0000004c     driverlib.a : udma.obj (.text:uDMAChannelAssign)
                  2000f338    00000048                 : spi.obj (.text:SPIIntClear)
                  2000f380    00000048     simplelink.a : driver.obj (.text:_SlDrvBasicCmd)
                  2000f3c8    00000048     rtsv7M4_T_le_eabi.lib : fd_toi_t2.obj (.text)
                  2000f410    00000048     sysbios.aem4 : BIOS.obj (.text:ti_sysbios_family_arm_m3_Hwi_disableInterrupt__E)
                  2000f458    00000048                  : BIOS.obj (.text:ti_sysbios_family_arm_m3_Hwi_enableInterrupt__E)
                  2000f4a0    00000048                  : BIOS.obj (.text:ti_sysbios_family_arm_m3_Hwi_excReserved__I)
                  2000f4e8    00000048                  : m3_Hwi_asm_switch.obj (.text:ti_sysbios_family_arm_m3_Hwi_initStacks__E)
                  2000f530    00000048                  : BIOS.obj (.text:ti_sysbios_family_arm_m3_Timer_initDevice__I)
                  2000f578    00000046     rtsv7M4_T_le_eabi.lib : ldexp.obj (.text)
                  2000f5be    00000046     ti.targets.arm.rtsarm.aem4 : Core-params.oem4 (.text:xdc_runtime_Core_assignParams__I)
                  2000f604    00000044     driverlib.a : spi.obj (.text:SPIDmaMaskGet)
                  2000f648    00000044                 : uart.obj (.text:UARTIntNumberGet)
                  2000f68c    00000044     boot.aem4 : boot.oem4 (.text)
                  2000f6d0    00000044     simplelink.a : cc_pal.obj (.text:cc_SetupTransfer)
                  2000f714    00000044     rtsv7M4_T_le_eabi.lib : exit.obj (.text)
                  2000f758    00000044     sysbios.aem4 : BIOS.obj (.text:ti_sysbios_family_arm_m3_Hwi_getStackInfo__E)
                  2000f79c    00000004     --HOLE-- [fill = 0]
                  2000f7a0    00000044                  : BIOS.obj (.text:ti_sysbios_knl_Mailbox_postInit__I)
                  2000f7e4    00000044     ti.targets.arm.rtsarm.aem4 : Error.oem4 (.text:xdc_runtime_Error_setX__E)
                  2000f828    00000044                                : LoggerBuf.oem4 (.text:xdc_runtime_LoggerBuf_filterOutEvent__I)
                  2000f86c    00000044                                : SysMin.oem4 (.text:xdc_runtime_SysMin_flush__E)
                  2000f8b0    00000044                                : Text.oem4 (.text:xdc_runtime_Text_xprintf__I)
                  2000f8f4    00000040     driverlib.a : pin.obj (.text:PinModeSet)
                  2000f934    00000040     rtsv7M4_T_le_eabi.lib : signal.obj (.text)
                  2000f974    00000040                           : strtok.obj (.text)
                  2000f9b4    00000040                           : u_divt2.obj (.text)
                  2000f9f4    00000004     --HOLE-- [fill = 0]
                  2000f9f8    00000040     sysbios.aem4 : BIOS.obj (.text:ti_sysbios_family_arm_m3_Timer_Module_startup__E)
                  2000fa38    0000003e     app_pem4.oem4 (.text:realloc)
                  2000fa76    0000003c     simplelink.a : netapp.obj (.text:CopyPingResultsToReport)
                  2000fab2    00000002     --HOLE-- [fill = 0]
                  2000fab4    0000003c     driverlib.a : prcm.obj (.text:PRCMPeripheralClkEnable)
                  2000faf0    0000003c     sysbios.aem4 : BIOS.obj (.text:ti_sysbios_family_arm_m3_Hwi_excSvCall__I)
                  2000fb2c    00000004     --HOLE-- [fill = 0]
                  2000fb30    0000003c                  : BIOS.obj (.text:ti_sysbios_family_arm_m3_TaskSupport_start__E)
                  2000fb6c    00000004     --HOLE-- [fill = 0]
                  2000fb70    0000003c                  : BIOS.obj (.text:ti_sysbios_heaps_HeapMem_init__I)
                  2000fbac    00000004     --HOLE-- [fill = 0]
                  2000fbb0    0000003c                  : BIOS.obj (.text:ti_sysbios_knl_Swi_startup__E)
                  2000fbec    0000003c     driverlib.a : udma.obj (.text:uDMAChannelControlSet)
                  2000fc28    0000003a     ti.targets.arm.rtsarm.aem4 : LoggerBuf.oem4 (.text:xdc_runtime_LoggerBuf_Instance_init__E)
                  2000fc62    00000002     --HOLE-- [fill = 0]
                  2000fc64    00000038     simplelink.a : cc_pal.obj (.text:NwpPowerOff)
                  2000fc9c    00000004     --HOLE-- [fill = 0]
                  2000fca0    00000038     sysbios.aem4 : BIOS.obj (.text:ti_sysbios_family_arm_m3_Hwi_excNoIsr__I)
                  2000fcd8    00000038                  : BIOS.obj (.text:ti_sysbios_knl_Task_processVitalTaskFlag__I)
                  2000fd10    00000038     ti.targets.arm.rtsarm.aem4 : SysMin.oem4 (.text:xdc_runtime_SysMin_putch__E)
                  2000fd48    00000038                                : System.oem4 (.text:xdc_runtime_System_atexit__E)
                  2000fd80    00000036     driverlib.a : gpio.obj (.text:GPIODirModeSet)
                  2000fdb6    00000036     simplelink.a : netapp.obj (.text:sl_NetAppMDNSUnRegisterService)
                  2000fdec    00000034     driverlib.a : prcm.obj (.text:PRCMPeripheralStatusGet)
                  2000fe20    00000034                 : spi.obj (.text:SPIFIFOLevelSet)
                  2000fe54    00000034     rtsv7M4_T_le_eabi.lib : feraiseexcept.obj (.text)
                  2000fe88    00000034     sysbios.aem4 : BIOS.obj (.text:ti_sysbios_family_arm_m3_Hwi_excNmi__I)
                  2000febc    00000004     --HOLE-- [fill = 0]
                  2000fec0    00000034                  : BIOS.obj (.text:ti_sysbios_family_arm_m3_Timer_periodicStub__I)
                  2000fef4    00000004     --HOLE-- [fill = 0]
                  2000fef8    00000034                  : BIOS.obj (.text:ti_sysbios_hal_Hwi_checkStack)
                  2000ff2c    00000034     app_pem4.oem4 (.text:ti_sysbios_knl_Semaphore_create)
                  2000ff60    00000034     ti.targets.arm.rtsarm.aem4 : Core-label.oem4 (.text:xdc_runtime_Core_assignLabel__I)
                  2000ff94    00000033                                : Text.oem4 (.text:xdc_runtime_Text_printVisFxn__I)
                  2000ffc7    00000001     --HOLE-- [fill = 0]
                  2000ffc8    00000032     sysbios.aem4 : BIOS.obj (.text:ti_sysbios_hal_Hwi_initStack)
                  2000fffa    00000006     ti.targets.arm.rtsarm.aem4 : xdc_noinit.oem4 (.text:__xdc__init)
                  20010000    00000032     sysbios.aem4 : BIOS.obj (.text:ti_sysbios_knl_Semaphore_pendTimeout__I)
                  20010032    00000030     driverlib.a : pin.obj (.text:PinTypeGPIO)
                  20010062    00000002     --HOLE-- [fill = 0]
                  20010064    00000030                 : uart.obj (.text:UARTDisable)
                  20010094    00000030     simplelink.a : device.obj (.text:_SlDrvDeviceEventHandler)
                  200100c4    00000030     rtsv7M4_T_le_eabi.lib : strncpy.obj (.text)
                  200100f4    00000030                           : xferaise.obj (.text)
                  20010124    00000030     simplelink.a : socket.obj (.text:sl_Close)
                  20010154    00000030                  : wlan.obj (.text:sl_WlanProfileDel)
                  20010184    00000030                  : wlan.obj (.text:sl_WlanSetMode)
                  200101b4    00000030     app_pem4.oem4 (.text:ti_sysbios_BIOS_atExitFunc__I)
                  200101e4    00000030     app_pem4.oem4 (.text:ti_sysbios_gates_GateHwi_Object__create__S)
                  20010214    00000030     app_pem4.oem4 (.text:ti_sysbios_gates_GateMutex_Object__create__S)
                  20010244    00000030     app_pem4.oem4 (.text:ti_sysbios_heaps_HeapMem_Object__create__S)
                  20010274    00000030     app_pem4.oem4 (.text:ti_sysbios_knl_Semaphore_construct)
                  200102a4    00000030     ti.targets.arm.rtsarm.aem4 : SysMin.oem4 (.text:xdc_runtime_SysMin_abort__E)
                  200102d4    00000030                                : System.oem4 (.text:xdc_runtime_System_processAtExit__E)
                  20010304    0000002e     app_pem4.oem4 (.text:malloc)
                  20010332    0000002e     rtsv7M4_T_le_eabi.lib : i_tofd_t2.obj (.text)
                  20010360    0000002e                           : raise.obj (.text)
                  2001038e    00000002     --HOLE-- [fill = 0]
                  20010390    0000002c     simplelink.a : cc_pal.obj (.text:DmaSpiSwIntHandler)
                  200103bc    0000002c                  : cc_pal.obj (.text:NwpPowerOn)
                  200103e8    0000002c     driverlib.a : prcm.obj (.text:PRCMSysResetCauseGet)
                  20010414    00000004     --HOLE-- [fill = 0]
                  20010418    0000002c     sysbios.aem4 : BIOS.obj (.text:ti_sysbios_family_arm_m3_Hwi_Instance_finalize__E)
                  20010444    0000002c     app_pem4.oem4 (.text:ti_sysbios_knl_Clock_doTick__I)
                  20010470    0000002c     app_pem4.oem4 (.text:ti_sysbios_knl_Queue_construct)
                  2001049c    00000004     --HOLE-- [fill = 0]
                  200104a0    0000002c     sysbios.aem4 : BIOS.obj (.text:ti_sysbios_knl_Task_restore__E)
                  200104cc    0000002c     ti.targets.arm.rtsarm.aem4 : Text.oem4 (.text:xdc_runtime_Text_cordText__E)
                  200104f8    0000002a     rtsv7M4_T_le_eabi.lib : strspn.obj (.text)
                  20010522    0000002a                           : xdclass.obj (.text)
                  2001054c    0000002a     ti.targets.arm.rtsarm.aem4 : System.oem4 (.text:xdc_runtime_System_putchar__I)
                  20010576    00000002     --HOLE-- [fill = 0]
                  20010578    00000028     driverlib.a : prcm.obj (.text:PRCMPeripheralClkDisable)
                  200105a0    00000028     sysbios.aem4 : BIOS.obj (.text:ti_sysbios_knl_Swi_Module_startup__E)
                  200105c8    00000028     ti.targets.arm.rtsarm.aem4 : LoggerBuf.oem4 (.text:xdc_runtime_LoggerBuf_Module_startup__E)
                  200105f0    00000026     simplelink.a : cc_pal.obj (.text:NwpRegisterInterruptHandler)
                  20010616    00000026     ti.targets.arm.rtsarm.aem4 : System.oem4 (.text:xdc_runtime_System_avprintf__E)
                  2001063c    00000024     driverlib.a : uart.obj (.text:UARTEnable)
                  20010660    00000024     simplelink.a : driver.obj (.text:_SlDrvProtectionObjLockWaitForever)
                  20010684    00000024     rtsv7M4_T_le_eabi.lib : memmov.obj (.text)
                  200106a8    00000024                           : strcspn.obj (.text)
                  200106cc    00000024     app_pem4.oem4 (.text:ti_sysbios_BIOS_errorRaiseHook__I)
                  200106f0    00000024     app_pem4.oem4 (.text:ti_sysbios_BIOS_registerRTSLock__I)
                  20010714    00000024     app_pem4.oem4 (.text:ti_sysbios_BIOS_removeRTSLock__I)
                  20010738    00000024     app_pem4.oem4 (.text:ti_sysbios_BIOS_startFunc__I)
                  2001075c    00000004     --HOLE-- [fill = 0]
                  20010760    00000024     sysbios.aem4 : BIOS.obj (.text:ti_sysbios_family_arm_m3_Hwi_doTaskRestore__I)
                  20010784    00000004     --HOLE-- [fill = 0]
                  20010788    00000024                  : BIOS.obj (.text:ti_sysbios_family_arm_m3_Timer_startup__E)
                  200107ac    00000024     app_pem4.oem4 (.text:ti_sysbios_gates_GateMutex_Object__delete__S)
                  200107d0    00000024     sysbios.aem4 : BIOS.obj (.text:ti_sysbios_knl_Clock_Module_startup__E)
                  200107f4    00000024     app_pem4.oem4 (.text:ti_sysbios_knl_Semaphore_Object__delete__S)
                  20010818    00000024     ti.targets.arm.rtsarm.aem4 : System.oem4 (.text:xdc_runtime_System_vprintf__E)
                  2001083c    00000022     driverlib.a : spi.obj (.text:SPIReset)
                  2001085e    00000022                 : spi.obj (.text:SPIWordCountSet)
                  20010880    00000022     rtsv7M4_T_le_eabi.lib : frexp.obj (.text)
                  200108a2    00000022     app_pem4.oem4 (.text:xdc_runtime_SysMin_output__I)
                  200108c4    00000020     driverlib.a : gpio.obj (.text:GPIOPinWrite)
                  200108e4    00000020                 : interrupt.obj (.text:IntRegister)
                  20010904    00000020     simplelink.a : driver.obj (.text:_SlDrvProtectionObjUnLock)
                  20010924    00000020     app_pem4.oem4 (.text:ti_sysbios_BIOS_rtsLock__I)
                  20010944    00000020     app_pem4.oem4 (.text:ti_sysbios_family_arm_m3_Hwi_Object__delete__S)
                  20010964    00000020     sysbios.aem4 : m3_Hwi_asm.obj (.text:ti_sysbios_family_arm_m3_Hwi_excHandlerAsm__I)
                  20010984    00000004     --HOLE-- [fill = 0]
                  20010988    00000020                  : BIOS.obj (.text:ti_sysbios_family_arm_m3_Hwi_excHandler__I)
                  200109a8    00000020                  : BIOS.obj (.text:ti_sysbios_family_arm_m3_TimestampProvider_Module_startup__E)
                  200109c8    00000020     app_pem4.oem4 (.text:ti_sysbios_gates_GateHwi_Object__delete__S)
                  200109e8    00000020     app_pem4.oem4 (.text:ti_sysbios_heaps_HeapMem_Object__delete__S)
                  20010a08    00000020     sysbios.aem4 : BIOS.obj (.text:ti_sysbios_knl_Idle_run__E)
                  20010a28    00000020     app_pem4.oem4 (.text:ti_sysbios_knl_Mailbox_Object__delete__S)
                  20010a48    00000020     app_pem4.oem4 (.text:ti_sysbios_knl_Semaphore_Object__destruct__S)
                  20010a68    00000020     app_pem4.oem4 (.text:ti_sysbios_knl_Task_Object__delete__S)
                  20010a88    00000020     app_pem4.oem4 (.text:xdc_runtime_LoggerBuf_Object__delete__S)
                  20010aa8    00000020     ti.targets.arm.rtsarm.aem4 : LoggerBuf.oem4 (.text:xdc_runtime_LoggerBuf_reset__E)
                  20010ac8    00000020                                : Registry.oem4 (.text:xdc_runtime_Registry_findById__E)
                  20010ae8    00000020                                : SysMin.oem4 (.text:xdc_runtime_SysMin_Module_startup__E)
                  20010b08    0000001e     driverlib.a : uart.obj (.text:UARTCharPut)
                  20010b26    0000001e                 : uart.obj (.text:UARTIntRegister)
                  20010b44    0000001e                 : uart.obj (.text:UARTIntStatus)
                  20010b62    0000001e     simplelink.a : cc_pal.obj (.text:cc_UDMAChannelSelect)
                  20010b80    0000001e     sysbios.aem4 : m3_Hwi_asm_switch.obj (.text:ti_sysbios_family_xxx_Hwi_switchAndRunFunc)
                  20010b9e    0000001c     driverlib.a : uart.obj (.text:UARTCharGetNonBlocking)
                  20010bba    0000001c     simplelink.a : driver.obj (.text:_SlDrvObjLockWaitForever)
                  20010bd6    0000001c                  : driver.obj (.text:_SlDrvSyncObjWaitForever)
                  20010bf2    0000001c     rtsv7M4_T_le_eabi.lib : memccpy.obj (.text)
                  20010c0e    00000002     --HOLE-- [fill = 0]
                  20010c10    0000001c     sysbios.aem4 : BIOS.obj (.text:ti_sysbios_family_arm_m3_Hwi_setPriority__E)
                  20010c2c    00000004     --HOLE-- [fill = 0]
                  20010c30    0000001c                  : BIOS.obj (.text:ti_sysbios_gates_GateMutex_Instance_init__E)
                  20010c4c    0000001c     app_pem4.oem4 (.text:ti_sysbios_knl_Queue_Object__destruct__S)
                  20010c68    0000001c     sysbios.aem4 : BIOS.obj (.text:ti_sysbios_knl_Task_enter__I)
                  20010c84    0000001c     driverlib.a : udma.obj (.text:uDMAChannelEnable)
                  20010ca0    0000001c     ti.targets.arm.rtsarm.aem4 : Error.oem4 (.text:xdc_runtime_Error_raiseX__E)
                  20010cbc    0000001c                                : Memory.oem4 (.text:xdc_runtime_Memory_valloc__E)
                  20010cd8    0000001c                                : SysMin.oem4 (.text:xdc_runtime_SysMin_exit__E)
                  20010cf4    0000001c                                : System.oem4 (.text:xdc_runtime_System_abort__E)
                  20010d10    0000001a     driverlib.a : gpio.obj (.text:GPIOIntEnable)
                  20010d2a    0000001a                 : pin.obj (.text:PinTypeUART)
                  20010d44    0000001a                 : spi.obj (.text:SPIDmaDisable)
                  20010d5e    0000001a                 : spi.obj (.text:SPIDmaEnable)
                  20010d78    0000001a                 : spi.obj (.text:SPIFIFODisable)
                  20010d92    0000001a                 : spi.obj (.text:SPIFIFOEnable)
                  20010dac    0000001a     app_pem4.oem4 (.text:ti_sysbios_family_arm_m3_Hwi_Handle__label__S)
                  20010dc6    0000001a     sysbios.aem4 : m3_Hwi_asm.obj (.text:ti_sysbios_family_arm_m3_Hwi_pendSV__I)
                  20010de0    0000001a     app_pem4.oem4 (.text:ti_sysbios_gates_GateHwi_Handle__label__S)
                  20010dfa    0000001a     app_pem4.oem4 (.text:ti_sysbios_gates_GateMutex_Handle__label__S)
                  20010e14    0000001a     app_pem4.oem4 (.text:ti_sysbios_heaps_HeapMem_Handle__label__S)
                  20010e2e    0000001a     app_pem4.oem4 (.text:ti_sysbios_knl_Swi_Handle__label__S)
                  20010e48    0000001a     app_pem4.oem4 (.text:ti_sysbios_knl_Task_Handle__label__S)
                  20010e62    00000006     rtsv7M4_T_le_eabi.lib : copy_decompress_rle.obj (.text:decompress:rle24)
                  20010e68    0000001a     sysbios.aem4 : BIOS.obj (.text:ti_sysbios_knl_Task_sleepTimeout__I)
                  20010e82    0000001a     app_pem4.oem4 (.text:xdc_runtime_LoggerBuf_Handle__label__S)
                  20010e9c    0000001a     app_pem4.oem4 (.text:xdc_runtime_System_aprintf__E)
                  20010eb6    0000001a     app_pem4.oem4 (.text:xdc_runtime_System_printf__E)
                  20010ed0    00000018     driverlib.a : gpio.obj (.text:GPIOPinRead)
                  20010ee8    00000018                 : spi.obj (.text:SPICSDisable)
                  20010f00    00000018                 : spi.obj (.text:SPICSEnable)
                  20010f18    00000018                 : spi.obj (.text:SPIDisable)
                  20010f30    00000018                 : spi.obj (.text:SPIEnable)
                  20010f48    00000018                 : uart.obj (.text:UARTCharsAvail)
                  20010f60    00000018                 : uart.obj (.text:UARTIntEnable)
                  20010f78    00000018     simplelink.a : driver.obj (.text:_SlDrvObjUnLock)
                  20010f90    00000018                  : driver.obj (.text:_SlDrvSyncObjSignal)
                  20010fa8    00000018                  : device.obj (.text:_sl_GetStartResponseConvert)
                  20010fc0    00000018     app_pem4.oem4 (.text:free)
                  20010fd8    00000018     rtsv7M4_T_le_eabi.lib : args_main.obj (.text)
                  20010ff0    00000018                           : strcmp.obj (.text)
                  20011008    00000018     app_pem4.oem4 (.text:ti_sysbios_BIOS_rtsUnlock__I)
                  20011020    00000018     app_pem4.oem4 (.text:ti_sysbios_family_arm_m3_Hwi_Module__startupDone__F)
                  20011038    00000018     app_pem4.oem4 (.text:ti_sysbios_family_arm_m3_Timer_Module__startupDone__F)
                  20011050    00000018     sysbios.aem4 : BIOS.obj (.text:ti_sysbios_gates_GateMutex_leave__E)
                  20011068    00000018     ti.targets.arm.rtsarm.aem4 : Error.oem4 (.text:xdc_runtime_Error_check__E)
                  20011080    00000018                                : System.oem4 (.text:xdc_runtime_System_exit__E)
                  20011098    00000018                                : Text.oem4 (.text:xdc_runtime_Text_ropeText__E)
                  200110b0    00000016     driverlib.a : prcm.obj (.text:PRCMHIBRegRead)
                  200110c6    00000016                 : prcm.obj (.text:PRCMHIBRegWrite)
                  200110dc    00000016     simplelink.a : driver.obj (.text:_SlDrvMemZero)
                  200110f2    00000016     rtsv7M4_T_le_eabi.lib : strchr.obj (.text)
                  20011108    00000016     app_pem4.oem4 (.text:ti_sysbios_BIOS_exitFunc__I)
                  2001111e    00000014     driverlib.a : cpu.obj (.text:CPUcpsie)
                  20011132    00000014                 : gpio.obj (.text:GPIOIntClear)
                  20011146    00000002     --HOLE-- [fill = 0]
                  20011148    00000014     rtsv7M4_T_le_eabi.lib : _lock.obj (.text)
                  2001115c    00000014                           : strcpy.obj (.text)
                  20011170    00000014                           : strlen.obj (.text)
                  20011184    00000014     app_pem4.oem4 (.text:ti_sysbios_family_arm_m3_Hwi_Object__get__S)
                  20011198    00000014     sysbios.aem4 : BIOS.obj (.text:ti_sysbios_family_arm_m3_Hwi_switchFromBootStack__E)
                  200111ac    00000014     app_pem4.oem4 (.text:ti_sysbios_heaps_HeapMem_Object__get__S)
                  200111c0    00000014     app_pem4.oem4 (.text:ti_sysbios_knl_Swi_Object__get__S)
                  200111d4    00000014     app_pem4.oem4 (.text:xdc_runtime_LoggerBuf_Object__get__S)
                  200111e8    00000012     driverlib.a : uart.obj (.text:UARTIntClear)
                  200111fa    00000006     ti.targets.arm.rtsarm.aem4 : System.oem4 (.text:xdc_runtime_System_Module_startup__E)
                  20011200    00000012     sysbios.aem4 : BIOS.obj (.text:ti_sysbios_hal_Hwi_Module_startup__E)
                  20011212    00000006     --HOLE-- [fill = 0]
                  20011218    00000012                  : BIOS.obj (.text:ti_sysbios_hal_Timer_Module_startup__E)
                  2001122a    00000012     ti.targets.arm.rtsarm.aem4 : LoggerBuf.oem4 (.text:xdc_runtime_LoggerBuf_Instance_finalize__E)
                  2001123c    00000012                                : LoggerBuf.oem4 (.text:xdc_runtime_LoggerBuf_write1__E)
                  2001124e    00000012                                : LoggerBuf.oem4 (.text:xdc_runtime_LoggerBuf_write2__E)
                  20011260    00000012     app_pem4.oem4 (.text:xdc_runtime_Startup_exec__I)
                  20011272    00000006     --HOLE-- [fill = 0]
                  20011278    00000010     sysbios.aem4 : BIOS.obj (.text:ti_sysbios_BIOS_setThreadType__E)
                  20011288    00000010                  : BIOS.obj (.text:ti_sysbios_BIOS_start__E)
                  20011298    00000010                  : BIOS.obj (.text:ti_sysbios_family_arm_m3_Hwi_getHandle__E)
                  200112a8    00000010                  : m3_TaskSupport_asm.obj (.text:ti_sysbios_family_arm_m3_TaskSupport_glue)
                  200112b8    00000010                  : m3_TaskSupport_asm.obj (.text:ti_sysbios_family_arm_m3_TaskSupport_swap__E)
                  200112c8    00000010                  : BIOS.obj (.text:ti_sysbios_gates_GateMutex_Instance_finalize__E)
                  200112d8    00000010     app_pem4.oem4 (.text:ti_sysbios_knl_Mailbox_Object__get__S)
                  200112e8    00000010     sysbios.aem4 : BIOS.obj (.text:ti_sysbios_knl_Semaphore_Instance_finalize__E)
                  200112f8    00000010                  : BIOS.obj (.text:ti_sysbios_knl_Swi_disable__E)
                  20011308    00000010     app_pem4.oem4 (.text:ti_sysbios_knl_Task_Object__get__S)
                  20011318    00000010     sysbios.aem4 : BIOS.obj (.text:ti_sysbios_knl_Task_disable__E)
                  20011328    00000010     ti.targets.arm.rtsarm.aem4 : Gate.oem4 (.text:xdc_runtime_Gate_leaveSystem__E)
                  20011338    00000010                                : LoggerBuf.oem4 (.text:xdc_runtime_LoggerBuf_write0__E)
                  20011348    00000010                                : Memory.oem4 (.text:xdc_runtime_Memory_free__E)
                  20011358    00000010                                : SysMin.oem4 (.text:xdc_runtime_SysMin_ready__E)
                  20011368    00000010                                : System.oem4 (.text:xdc_runtime_System_vsnprintf__E)
                  20011378    00000010     app_pem4.oem4 (.text:xdc_runtime_Text_visitRope__I)
                  20011388    0000000e     simplelink.a : driver.obj (.text:_SlDrvResetCmdExt)
                  20011396    0000000e     rtsv7M4_T_le_eabi.lib : copy_decompress_none.obj (.text:decompress:none)
                  200113a4    00000004     --HOLE-- [fill = 0]
                  200113a8    0000000e     sysbios.aem4 : BIOS.obj (.text:ti_sysbios_knl_Idle_loop__E)
                  200113b6    00000002     --HOLE-- [fill = 0]
                  200113b8    0000000e                  : BIOS.obj (.text:ti_sysbios_knl_Queue_empty__E)
                  200113c6    00000002     --HOLE-- [fill = 0]
                  200113c8    0000000c     simplelink.a : cc_pal.obj (.text:NwpMaskInterrupt)
                  200113d4    0000000c                  : cc_pal.obj (.text:NwpUnMaskInterrupt)
                  200113e0    0000000c     rtsv7M4_T_le_eabi.lib : copy_zero_init.obj (.text:decompress:ZI)
                  200113ec    0000000c     simplelink.a : wlan.obj (.text:sl_WlanDisconnect)
                  200113f8    0000000c     app_pem4.oem4 (.text:ti_sysbios_family_arm_m3_Hwi_Params__init__S)
                  20011404    00000004     --HOLE-- [fill = 0]
                  20011408    0000000c     sysbios.aem4 : BIOS.obj (.text:ti_sysbios_family_arm_m3_Hwi_disableFxn__E)
                  20011414    00000004     --HOLE-- [fill = 0]
                  20011418    0000000c                  : BIOS.obj (.text:ti_sysbios_family_arm_m3_TaskSupport_checkStack__E)
                  20011424    00000004     --HOLE-- [fill = 0]
                  20011428    0000000c                  : BIOS.obj (.text:ti_sysbios_family_arm_m3_TaskSupport_getStackAlignment__E)
                  20011434    00000004     --HOLE-- [fill = 0]
                  20011438    0000000c                  : BIOS.obj (.text:ti_sysbios_gates_GateHwi_enter__E)
                  20011444    0000000c     app_pem4.oem4 (.text:ti_sysbios_knl_Queue_Object__get__S)
                  20011450    0000000c     app_pem4.oem4 (.text:ti_sysbios_knl_Semaphore_Params__init__S)
                  2001145c    0000000c     app_pem4.oem4 (.text:ti_sysbios_knl_Task_Params__init__S)
                  20011468    0000000c     ti.targets.arm.rtsarm.aem4 : Error.oem4 (.text:xdc_runtime_Error_init__E)
                  20011474    0000000c                                : Gate.oem4 (.text:xdc_runtime_Gate_enterSystem__E)
                  20011480    0000000c                                : Memory.oem4 (.text:xdc_runtime_Memory_calloc__E)
                  2001148c    0000000c                                : Memory.oem4 (.text:xdc_runtime_Memory_getMaxDefaultTypeAlign__E)
                  20011498    0000000a     driverlib.a : interrupt.obj (.text:IntMasterEnable)
                  200114a2    0000000a     app_pem4.oem4 (.text:xdc_runtime_IHeap_alloc)
                  200114ac    0000000a     app_pem4.oem4 (.text:xdc_runtime_IHeap_free)
                  200114b6    0000000a     ti.targets.arm.rtsarm.aem4 : LoggerBuf.oem4 (.text:xdc_runtime_LoggerBuf_disable__E)
                  200114c0    0000000a                                : LoggerBuf.oem4 (.text:xdc_runtime_LoggerBuf_enable__E)
                  200114ca    00000006     --HOLE-- [fill = 0]
                  200114d0    00000008     sysbios.aem4 : BIOS.obj (.text:ti_sysbios_family_arm_m3_Hwi_doSwiRestore__I)
                  200114d8    00000008                  : BIOS.obj (.text:ti_sysbios_family_arm_m3_Hwi_startup__E)
                  200114e0    00000006                  : BIOS.obj (.text:ti_sysbios_family_arm_m3_Hwi_restoreFxn__E)
                  200114e6    00000002     --HOLE-- [fill = 0]
                  200114e8    00000006                  : BIOS.obj (.text:ti_sysbios_gates_GateHwi_leave__E)
                  200114ee    00000002     --HOLE-- [fill = 0]
                  200114f0    00000006                  : BIOS.obj (.text:ti_sysbios_heaps_HeapMem_isBlocking__E)
                  200114f6    00000002     --HOLE-- [fill = 0]
                  200114f8    00000006                  : BIOS.obj (.text:ti_sysbios_knl_Queue_Instance_init__E)
                  200114fe    00000002     --HOLE-- [fill = 0]
                  20011500    00000004                  : BIOS.obj (.text:ti_sysbios_family_arm_m3_Timer_getMaxTicks__E)
                  20011504    00000004     --HOLE-- [fill = 0]
                  20011508    00000004                  : BIOS.obj (.text:ti_sysbios_gates_GateHwi_query__E)
                  2001150c    00000004     --HOLE-- [fill = 0]
                  20011510    00000004                  : BIOS.obj (.text:ti_sysbios_gates_GateMutex_query__E)
                  20011514    00000004     --HOLE-- [fill = 0]
                  20011518    00000004                  : BIOS.obj (.text:ti_sysbios_knl_Task_startup__E)
                  2001151c    00000004     --HOLE-- [fill = 0]
                  20011520    00000002                  : BIOS.obj (.text:ti_sysbios_gates_GateHwi_Instance_init__E)

.const     0    20011524    00002510     
                  20011524    00001866     app_pem4.oem4 (.const:xdc_runtime_Text_charTab__A)
                  20012d8a    00000101     rtsv7M4_T_le_eabi.lib : ctype.obj (.const:.string:_ctypes_)
                  20012e8b    00000001     app_pem4.oem4 (.const:xdc_runtime_Error_policy__C)
                  20012e8c    00000100     driverlib.a : pin.obj (.const:g_ulPinToPadMap)
                  20012f8c    000000b8     app_pem4.oem4 (.const:xdc_runtime_Text_nodeTab__A)
                  20013044    000000a8     driverlib.a : prcm.obj (.const:PRCM_PeriphRegsList)
                  200130ec    00000080                 : interrupt.obj (.const)
                  2001316c    00000048     app_pem4.oem4 (.const:.string)
                  200131b4    0000003c     simplelink.a : driver.obj (.const:OpcodeTranslateTable)
                  200131f0    0000003c                  : wlan.obj (.const)
                  2001322c    0000003c     app_pem4.oem4 (.const:ti_sysbios_knl_Task_Object__PARAMS__C)
                  20013268    0000003c     app_pem4.oem4 (.const:xdc_runtime_LoggerBuf_Module__FXNS__C)
                  200132a4    00000038     simplelink.a : driver.obj (.const:_SlActionLookupTable)
                  200132dc    00000034                  : driver.obj (.const)
                  20013310    00000034                  : socket.obj (.const)
                  20013344    00000034     app_pem4.oem4 (.const:ti_sysbios_knl_Mailbox_Object__PARAMS__C)
                  20013378    00000030     app_pem4.oem4 (.const:ti_sysbios_family_arm_m3_Hwi_Object__PARAMS__C)
                  200133a8    00000030     app_pem4.oem4 (.const:xdc_runtime_Startup_sfxnTab__A)
                  200133d8    0000002c     main.obj (.const:$P$T1$2)
                  20013404    0000002a     sniff.obj (.const:.string)
                  2001342e    00000028     simplelink.a : netapp.obj (.const)
                  20013456    00000002     app_pem4.oem4 (.const:ti_sysbios_family_arm_m3_Hwi_Module__id__C)
                  20013458    00000028     app_pem4.oem4 (.const:ti_sysbios_heaps_HeapMem_Module__FXNS__C)
                  20013480    00000024     app_pem4.oem4 (.const:ti_sysbios_gates_GateHwi_Module__FXNS__C)
                  200134a4    00000024     app_pem4.oem4 (.const:ti_sysbios_gates_GateMutex_Module__FXNS__C)
                  200134c8    00000024     app_pem4.oem4 (.const:ti_sysbios_heaps_HeapMem_Object__PARAMS__C)
                  200134ec    00000024     app_pem4.oem4 (.const:ti_sysbios_knl_Semaphore_Object__PARAMS__C)
                  20013510    00000024     app_pem4.oem4 (.const:xdc_runtime_LoggerBuf_Object__PARAMS__C)
                  20013534    00000022     main.obj (.const:.string:$P$T0$1)
                  20013556    00000002     app_pem4.oem4 (.const:ti_sysbios_family_arm_m3_Hwi_Module__loggerDefined__C)
                  20013558    00000020     app_pem4.oem4 (.const:ti_sysbios_family_arm_m3_Hwi_Object__DESC__C)
                  20013578    00000020     app_pem4.oem4 (.const:ti_sysbios_gates_GateHwi_Object__DESC__C)
                  20013598    00000020     app_pem4.oem4 (.const:ti_sysbios_gates_GateMutex_Object__DESC__C)
                  200135b8    00000020     app_pem4.oem4 (.const:ti_sysbios_heaps_HeapMem_Object__DESC__C)
                  200135d8    00000020     app_pem4.oem4 (.const:ti_sysbios_knl_Mailbox_Object__DESC__C)
                  200135f8    00000020     app_pem4.oem4 (.const:ti_sysbios_knl_Queue_Object__DESC__C)
                  20013618    00000020     app_pem4.oem4 (.const:ti_sysbios_knl_Semaphore_Object__DESC__C)
                  20013638    00000020     app_pem4.oem4 (.const:ti_sysbios_knl_Task_Object__DESC__C)
                  20013658    00000020     app_pem4.oem4 (.const:xdc_runtime_LoggerBuf_Object__DESC__C)
                  20013678    00000018     driverlib.a : spi.obj (.const)
                  20013690    00000018     app_pem4.oem4 (.const:ti_sysbios_gates_GateHwi_Object__PARAMS__C)
                  200136a8    00000018     app_pem4.oem4 (.const:ti_sysbios_gates_GateMutex_Object__PARAMS__C)
                  200136c0    00000018     app_pem4.oem4 (.const:ti_sysbios_knl_Queue_Object__PARAMS__C)
                  200136d8    00000018     app_pem4.oem4 (.const:xdc_runtime_Startup_sfxnRts__A)
                  200136f0    00000015     main.obj (.const:.string)
                  20013705    00000014     main.obj (.const)
                  20013719    00000001     --HOLE-- [fill = 0]
                  2001371a    00000014     simplelink.a : device.obj (.const)
                  2001372e    00000011     ti.targets.arm.rtsarm.aem4 : System.oem4 (.const:.string)
                  2001373f    00000001     --HOLE-- [fill = 0]
                  20013740    00000010     driverlib.a : uart.obj (.const)
                  20013750    0000000c     app_pem4.oem4 (.const:xdc_runtime_Startup_firstFxns__A)
                  2001375c    00000008     simplelink.a : device.obj (.const:.string)
                  20013764    00000008                  : netcfg.obj (.const)
                  2001376c    00000008     app_pem4.oem4 (.const:ti_sysbios_family_arm_m3_Hwi_excHookFuncs__A)
                  20013774    00000008     app_pem4.oem4 (.const:ti_sysbios_knl_Idle_funcList__C)
                  2001377c    00000008     app_pem4.oem4 (.const:xdc_runtime_Startup_firstFxns__C)
                  20013784    00000008     app_pem4.oem4 (.const:xdc_runtime_Startup_lastFxns__C)
                  2001378c    00000004     app_pem4.oem4 (.const:ti_sysbios_family_arm_m3_Hwi_E_NMI__C)
                  20013790    00000004     app_pem4.oem4 (.const:ti_sysbios_family_arm_m3_Hwi_E_alreadyDefined__C)
                  20013794    00000004     app_pem4.oem4 (.const:ti_sysbios_family_arm_m3_Hwi_E_busFault__C)
                  20013798    00000004     app_pem4.oem4 (.const:ti_sysbios_family_arm_m3_Hwi_E_debugMon__C)
                  2001379c    00000004     app_pem4.oem4 (.const:ti_sysbios_family_arm_m3_Hwi_E_hardFault__C)
                  200137a0    00000004     app_pem4.oem4 (.const:ti_sysbios_family_arm_m3_Hwi_E_memFault__C)
                  200137a4    00000004     app_pem4.oem4 (.const:ti_sysbios_family_arm_m3_Hwi_E_noIsr__C)
                  200137a8    00000004     app_pem4.oem4 (.const:ti_sysbios_family_arm_m3_Hwi_E_reserved__C)
                  200137ac    00000004     app_pem4.oem4 (.const:ti_sysbios_family_arm_m3_Hwi_E_svCall__C)
                  200137b0    00000004     app_pem4.oem4 (.const:ti_sysbios_family_arm_m3_Hwi_E_usageFault__C)
                  200137b4    00000004     app_pem4.oem4 (.const:ti_sysbios_family_arm_m3_Hwi_LD_end__C)
                  200137b8    00000004     app_pem4.oem4 (.const:ti_sysbios_family_arm_m3_Hwi_LM_begin__C)
                  200137bc    00000004     app_pem4.oem4 (.const:ti_sysbios_family_arm_m3_Hwi_Module__diagsEnabled__C)
                  200137c0    00000004     app_pem4.oem4 (.const:ti_sysbios_family_arm_m3_Hwi_Module__diagsIncluded__C)
                  200137c4    00000004     app_pem4.oem4 (.const:ti_sysbios_family_arm_m3_Hwi_Module__diagsMask__C)
                  200137c8    00000004     app_pem4.oem4 (.const:ti_sysbios_family_arm_m3_Hwi_Module__loggerFxn1__C)
                  200137cc    00000004     app_pem4.oem4 (.const:ti_sysbios_family_arm_m3_Hwi_Module__loggerFxn8__C)
                  200137d0    00000004     app_pem4.oem4 (.const:ti_sysbios_family_arm_m3_Hwi_Module__loggerObj__C)
                  200137d4    00000004     app_pem4.oem4 (.const:ti_sysbios_family_arm_m3_Hwi_NUM_INTERRUPTS__C)
                  200137d8    00000004     app_pem4.oem4 (.const:ti_sysbios_family_arm_m3_Hwi_Object__count__C)
                  200137dc    00000004     app_pem4.oem4 (.const:ti_sysbios_family_arm_m3_Hwi_ccr__C)
                  200137e0    00000004     app_pem4.oem4 (.const:ti_sysbios_family_arm_m3_Hwi_excHandlerFunc__C)
                  200137e4    00000004     app_pem4.oem4 (.const:ti_sysbios_family_arm_m3_Hwi_excHookFuncs__C)
                  200137e8    00000004     app_pem4.oem4 (.const:ti_sysbios_family_arm_m3_Hwi_nullIsrFunc__C)
                  200137ec    00000004     app_pem4.oem4 (.const:ti_sysbios_family_arm_m3_Hwi_priGroup__C)
                  200137f0    00000004     app_pem4.oem4 (.const:ti_sysbios_family_arm_m3_TaskSupport_stackAlignment__C)
                  200137f4    00000004     app_pem4.oem4 (.const:ti_sysbios_family_arm_m3_Timer_E_cannotSupport__C)
                  200137f8    00000004     app_pem4.oem4 (.const:ti_sysbios_family_arm_m3_Timer_startupNeeded__C)
                  200137fc    00000004     app_pem4.oem4 (.const:ti_sysbios_gates_GateMutex_A_badContext__C)
                  20013800    00000004     app_pem4.oem4 (.const:ti_sysbios_gates_GateMutex_Instance_State_sem__O)
                  20013804    00000004     app_pem4.oem4 (.const:ti_sysbios_gates_GateMutex_Module__diagsEnabled__C)
                  20013808    00000004     app_pem4.oem4 (.const:ti_sysbios_gates_GateMutex_Module__diagsIncluded__C)
                  2001380c    00000004     app_pem4.oem4 (.const:ti_sysbios_gates_GateMutex_Module__diagsMask__C)
                  20013810    00000004     app_pem4.oem4 (.const:ti_sysbios_hal_Hwi_E_stackOverflow__C)
                  20013814    00000004     app_pem4.oem4 (.const:ti_sysbios_heaps_HeapMem_A_align__C)
                  20013818    00000004     app_pem4.oem4 (.const:ti_sysbios_heaps_HeapMem_A_heapSize__C)
                  2001381c    00000004     app_pem4.oem4 (.const:ti_sysbios_heaps_HeapMem_A_invalidFree__C)
                  20013820    00000004     app_pem4.oem4 (.const:ti_sysbios_heaps_HeapMem_A_zeroBlock__C)
                  20013824    00000004     app_pem4.oem4 (.const:ti_sysbios_heaps_HeapMem_E_memory__C)
                  20013828    00000004     app_pem4.oem4 (.const:ti_sysbios_heaps_HeapMem_Module__diagsEnabled__C)
                  2001382c    00000004     app_pem4.oem4 (.const:ti_sysbios_heaps_HeapMem_Module__diagsIncluded__C)
                  20013830    00000004     app_pem4.oem4 (.const:ti_sysbios_heaps_HeapMem_Module__diagsMask__C)
                  20013834    00000004     app_pem4.oem4 (.const:ti_sysbios_heaps_HeapMem_Module__gateObj__C)
                  20013838    00000004     app_pem4.oem4 (.const:ti_sysbios_heaps_HeapMem_Object__count__C)
                  2001383c    00000004     app_pem4.oem4 (.const:ti_sysbios_heaps_HeapMem_reqAlign__C)
                  20013840    00000004     app_pem4.oem4 (.const:ti_sysbios_knl_Clock_LM_begin__C)
                  20013844    00000004     app_pem4.oem4 (.const:ti_sysbios_knl_Clock_LM_tick__C)
                  20013848    00000004     app_pem4.oem4 (.const:ti_sysbios_knl_Clock_LW_delayed__C)
                  2001384c    00000004     app_pem4.oem4 (.const:ti_sysbios_knl_Clock_Module_State_clockQ__O)
                  20013850    00000004     app_pem4.oem4 (.const:ti_sysbios_knl_Clock_Module__diagsEnabled__C)
                  20013854    00000004     app_pem4.oem4 (.const:ti_sysbios_knl_Clock_Module__diagsIncluded__C)
                  20013858    00000004     app_pem4.oem4 (.const:ti_sysbios_knl_Clock_Module__diagsMask__C)
                  2001385c    00000004     app_pem4.oem4 (.const:ti_sysbios_knl_Clock_Module__loggerFxn1__C)
                  20013860    00000004     app_pem4.oem4 (.const:ti_sysbios_knl_Clock_Module__loggerFxn2__C)
                  20013864    00000004     app_pem4.oem4 (.const:ti_sysbios_knl_Clock_Module__loggerObj__C)
                  20013868    00000004     app_pem4.oem4 (.const:ti_sysbios_knl_Clock_tickPeriod__C)
                  2001386c    00000004     app_pem4.oem4 (.const:ti_sysbios_knl_Idle_funcList__A)
                  20013870    00000004     app_pem4.oem4 (.const:ti_sysbios_knl_Mailbox_A_invalidBufSize__C)
                  20013874    00000004     app_pem4.oem4 (.const:ti_sysbios_knl_Mailbox_Instance_State_dataQue__O)
                  20013878    00000004     app_pem4.oem4 (.const:ti_sysbios_knl_Mailbox_Instance_State_dataSem__O)
                  2001387c    00000004     app_pem4.oem4 (.const:ti_sysbios_knl_Mailbox_Instance_State_freeQue__O)
                  20013880    00000004     app_pem4.oem4 (.const:ti_sysbios_knl_Mailbox_Instance_State_freeSem__O)
                  20013884    00000004     app_pem4.oem4 (.const:ti_sysbios_knl_Mailbox_Module__diagsEnabled__C)
                  20013888    00000004     app_pem4.oem4 (.const:ti_sysbios_knl_Mailbox_Module__diagsIncluded__C)
                  2001388c    00000004     app_pem4.oem4 (.const:ti_sysbios_knl_Mailbox_Module__diagsMask__C)
                  20013890    00000004     app_pem4.oem4 (.const:ti_sysbios_knl_Mailbox_Object__count__C)
                  20013894    00000004     app_pem4.oem4 (.const:ti_sysbios_knl_Mailbox_maxTypeAlign__C)
                  20013898    00000004     app_pem4.oem4 (.const:ti_sysbios_knl_Semaphore_A_badContext__C)
                  2001389c    00000004     app_pem4.oem4 (.const:ti_sysbios_knl_Semaphore_A_noEvents__C)
                  200138a0    00000004     app_pem4.oem4 (.const:ti_sysbios_knl_Semaphore_A_overflow__C)
                  200138a4    00000004     app_pem4.oem4 (.const:ti_sysbios_knl_Semaphore_A_pendTaskDisabled__C)
                  200138a8    00000004     app_pem4.oem4 (.const:ti_sysbios_knl_Semaphore_Instance_State_pendQ__O)
                  200138ac    00000004     app_pem4.oem4 (.const:ti_sysbios_knl_Semaphore_LM_pend__C)
                  200138b0    00000004     app_pem4.oem4 (.const:ti_sysbios_knl_Semaphore_LM_post__C)
                  200138b4    00000004     app_pem4.oem4 (.const:ti_sysbios_knl_Semaphore_Module__diagsEnabled__C)
                  200138b8    00000004     app_pem4.oem4 (.const:ti_sysbios_knl_Semaphore_Module__diagsIncluded__C)
                  200138bc    00000004     app_pem4.oem4 (.const:ti_sysbios_knl_Semaphore_Module__diagsMask__C)
                  200138c0    00000004     app_pem4.oem4 (.const:ti_sysbios_knl_Semaphore_Module__loggerFxn2__C)
                  200138c4    00000004     app_pem4.oem4 (.const:ti_sysbios_knl_Semaphore_Module__loggerFxn4__C)
                  200138c8    00000004     app_pem4.oem4 (.const:ti_sysbios_knl_Semaphore_Module__loggerObj__C)
                  200138cc    00000004     app_pem4.oem4 (.const:ti_sysbios_knl_Swi_LD_end__C)
                  200138d0    00000004     app_pem4.oem4 (.const:ti_sysbios_knl_Swi_LM_begin__C)
                  200138d4    00000004     app_pem4.oem4 (.const:ti_sysbios_knl_Swi_LM_post__C)
                  200138d8    00000004     app_pem4.oem4 (.const:ti_sysbios_knl_Swi_Module__diagsEnabled__C)
                  200138dc    00000004     app_pem4.oem4 (.const:ti_sysbios_knl_Swi_Module__diagsIncluded__C)
                  200138e0    00000004     app_pem4.oem4 (.const:ti_sysbios_knl_Swi_Module__diagsMask__C)
                  200138e4    00000004     app_pem4.oem4 (.const:ti_sysbios_knl_Swi_Module__loggerFxn1__C)
                  200138e8    00000004     app_pem4.oem4 (.const:ti_sysbios_knl_Swi_Module__loggerFxn4__C)
                  200138ec    00000004     app_pem4.oem4 (.const:ti_sysbios_knl_Swi_Module__loggerObj__C)
                  200138f0    00000004     app_pem4.oem4 (.const:ti_sysbios_knl_Swi_Object__count__C)
                  200138f4    00000004     app_pem4.oem4 (.const:ti_sysbios_knl_Task_A_badPriority__C)
                  200138f8    00000004     app_pem4.oem4 (.const:ti_sysbios_knl_Task_A_badTaskState__C)
                  200138fc    00000004     app_pem4.oem4 (.const:ti_sysbios_knl_Task_A_badThreadType__C)
                  20013900    00000004     app_pem4.oem4 (.const:ti_sysbios_knl_Task_A_badTimeout__C)
                  20013904    00000004     app_pem4.oem4 (.const:ti_sysbios_knl_Task_A_noPendElem__C)
                  20013908    00000004     app_pem4.oem4 (.const:ti_sysbios_knl_Task_A_sleepTaskDisabled__C)
                  2001390c    00000004     app_pem4.oem4 (.const:ti_sysbios_knl_Task_E_spOutOfBounds__C)
                  20013910    00000004     app_pem4.oem4 (.const:ti_sysbios_knl_Task_E_stackOverflow__C)
                  20013914    00000004     app_pem4.oem4 (.const:ti_sysbios_knl_Task_LD_block__C)
                  20013918    00000004     app_pem4.oem4 (.const:ti_sysbios_knl_Task_LD_exit__C)
                  2001391c    00000004     app_pem4.oem4 (.const:ti_sysbios_knl_Task_LD_ready__C)
                  20013920    00000004     app_pem4.oem4 (.const:ti_sysbios_knl_Task_LM_sleep__C)
                  20013924    00000004     app_pem4.oem4 (.const:ti_sysbios_knl_Task_LM_switch__C)
                  20013928    00000004     app_pem4.oem4 (.const:ti_sysbios_knl_Task_LM_yield__C)
                  2001392c    00000004     app_pem4.oem4 (.const:ti_sysbios_knl_Task_Module_State_inactiveQ__O)
                  20013930    00000004     app_pem4.oem4 (.const:ti_sysbios_knl_Task_Module__diagsEnabled__C)
                  20013934    00000004     app_pem4.oem4 (.const:ti_sysbios_knl_Task_Module__diagsIncluded__C)
                  20013938    00000004     app_pem4.oem4 (.const:ti_sysbios_knl_Task_Module__diagsMask__C)
                  2001393c    00000004     app_pem4.oem4 (.const:ti_sysbios_knl_Task_Module__loggerFxn2__C)
                  20013940    00000004     app_pem4.oem4 (.const:ti_sysbios_knl_Task_Module__loggerFxn4__C)
                  20013944    00000004     app_pem4.oem4 (.const:ti_sysbios_knl_Task_Module__loggerObj__C)
                  20013948    00000004     app_pem4.oem4 (.const:ti_sysbios_knl_Task_Object__count__C)
                  2001394c    00000004     app_pem4.oem4 (.const:ti_sysbios_knl_Task_allBlockedFunc__C)
                  20013950    00000004     app_pem4.oem4 (.const:ti_sysbios_knl_Task_defaultStackHeap__C)
                  20013954    00000004     app_pem4.oem4 (.const:ti_sysbios_knl_Task_defaultStackSize__C)
                  20013958    00000004     app_pem4.oem4 (.const:ti_sysbios_knl_Task_numConstructedTasks__C)
                  2001395c    00000004     app_pem4.oem4 (.const:xdc_runtime_Assert_E_assertFailed__C)
                  20013960    00000004     app_pem4.oem4 (.const:xdc_runtime_Core_A_initializedParams__C)
                  20013964    00000004     app_pem4.oem4 (.const:xdc_runtime_Core_Module__diagsEnabled__C)
                  20013968    00000004     app_pem4.oem4 (.const:xdc_runtime_Core_Module__diagsIncluded__C)
                  2001396c    00000004     app_pem4.oem4 (.const:xdc_runtime_Core_Module__diagsMask__C)
                  20013970    00000004     app_pem4.oem4 (.const:xdc_runtime_Error_E_memory__C)
                  20013974    00000004     app_pem4.oem4 (.const:xdc_runtime_Error_Module__diagsEnabled__C)
                  20013978    00000004     app_pem4.oem4 (.const:xdc_runtime_Error_Module__diagsIncluded__C)
                  2001397c    00000004     app_pem4.oem4 (.const:xdc_runtime_Error_Module__diagsMask__C)
                  20013980    00000004     app_pem4.oem4 (.const:xdc_runtime_Error_Module__loggerFxn8__C)
                  20013984    00000004     app_pem4.oem4 (.const:xdc_runtime_Error_Module__loggerObj__C)
                  20013988    00000004     app_pem4.oem4 (.const:xdc_runtime_Error_policyFxn__C)
                  2001398c    00000004     app_pem4.oem4 (.const:xdc_runtime_Error_raiseHook__C)
                  20013990    00000004     app_pem4.oem4 (.const:xdc_runtime_IFilterLogger_Interface__BASE__C)
                  20013994    00000004     app_pem4.oem4 (.const:xdc_runtime_IGateProvider_Interface__BASE__C)
                  20013998    00000004     app_pem4.oem4 (.const:xdc_runtime_IHeap_Interface__BASE__C)
                  2001399c    00000004     app_pem4.oem4 (.const:xdc_runtime_ILogger_Interface__BASE__C)
                  200139a0    00000004     app_pem4.oem4 (.const:xdc_runtime_IModule_Interface__BASE__C)
                  200139a4    00000004     app_pem4.oem4 (.const:xdc_runtime_Log_L_error__C)
                  200139a8    00000004     app_pem4.oem4 (.const:xdc_runtime_LoggerBuf_E_badLevel__C)
                  200139ac    00000004     app_pem4.oem4 (.const:xdc_runtime_LoggerBuf_Module__gateObj__C)
                  200139b0    00000004     app_pem4.oem4 (.const:xdc_runtime_LoggerBuf_Object__count__C)
                  200139b4    00000004     app_pem4.oem4 (.const:xdc_runtime_LoggerBuf_statusLogger__C)
                  200139b8    00000004     app_pem4.oem4 (.const:xdc_runtime_Memory_defaultHeapInstance__C)
                  200139bc    00000004     app_pem4.oem4 (.const:xdc_runtime_Startup_execImpl__C)
                  200139c0    00000004     app_pem4.oem4 (.const:xdc_runtime_Startup_maxPasses__C)
                  200139c4    00000004     app_pem4.oem4 (.const:xdc_runtime_Startup_sfxnRts__C)
                  200139c8    00000004     app_pem4.oem4 (.const:xdc_runtime_Startup_sfxnTab__C)
                  200139cc    00000004     app_pem4.oem4 (.const:xdc_runtime_SysMin_bufSize__C)
                  200139d0    00000004     app_pem4.oem4 (.const:xdc_runtime_SysMin_outputFunc__C)
                  200139d4    00000004     app_pem4.oem4 (.const:xdc_runtime_System_Module__gateObj__C)
                  200139d8    00000004     app_pem4.oem4 (.const:xdc_runtime_System_abortFxn__C)
                  200139dc    00000004     app_pem4.oem4 (.const:xdc_runtime_System_exitFxn__C)
                  200139e0    00000004     app_pem4.oem4 (.const:xdc_runtime_System_extendFxn__C)
                  200139e4    00000004     app_pem4.oem4 (.const:xdc_runtime_System_maxAtexitHandlers__C)
                  200139e8    00000004     app_pem4.oem4 (.const:xdc_runtime_Text_charTab__C)
                  200139ec    00000004     app_pem4.oem4 (.const:xdc_runtime_Text_nameEmpty__C)
                  200139f0    00000004     app_pem4.oem4 (.const:xdc_runtime_Text_nameStatic__C)
                  200139f4    00000004     app_pem4.oem4 (.const:xdc_runtime_Text_nameUnknown__C)
                  200139f8    00000004     app_pem4.oem4 (.const:xdc_runtime_Text_nodeTab__C)
                  200139fc    00000004     app_pem4.oem4 (.const:xdc_runtime_Text_visitRopeFxn__C)
                  20013a00    00000002     app_pem4.oem4 (.const:ti_sysbios_family_arm_m3_Timer_Module__id__C)
                  20013a02    00000002     app_pem4.oem4 (.const:ti_sysbios_family_arm_m3_TimestampProvider_configTimer__C)
                  20013a04    00000002     app_pem4.oem4 (.const:ti_sysbios_gates_GateMutex_Module__id__C)
                  20013a06    00000002     app_pem4.oem4 (.const:ti_sysbios_hal_Hwi_Module__id__C)
                  20013a08    00000002     app_pem4.oem4 (.const:ti_sysbios_heaps_HeapMem_Module__id__C)
                  20013a0a    00000002     app_pem4.oem4 (.const:ti_sysbios_knl_Clock_Module__id__C)
                  20013a0c    00000002     app_pem4.oem4 (.const:ti_sysbios_knl_Clock_Module__loggerDefined__C)
                  20013a0e    00000002     app_pem4.oem4 (.const:ti_sysbios_knl_Mailbox_Module__id__C)
                  20013a10    00000002     app_pem4.oem4 (.const:ti_sysbios_knl_Semaphore_Module__id__C)
                  20013a12    00000002     app_pem4.oem4 (.const:ti_sysbios_knl_Semaphore_Module__loggerDefined__C)
                  20013a14    00000002     app_pem4.oem4 (.const:ti_sysbios_knl_Swi_Module__id__C)
                  20013a16    00000002     app_pem4.oem4 (.const:ti_sysbios_knl_Swi_Module__loggerDefined__C)
                  20013a18    00000002     app_pem4.oem4 (.const:ti_sysbios_knl_Task_Module__id__C)
                  20013a1a    00000002     app_pem4.oem4 (.const:ti_sysbios_knl_Task_Module__loggerDefined__C)
                  20013a1c    00000002     app_pem4.oem4 (.const:ti_sysbios_knl_Task_initStackFlag__C)
                  20013a1e    00000002     app_pem4.oem4 (.const:xdc_runtime_Core_Module__id__C)
                  20013a20    00000002     app_pem4.oem4 (.const:xdc_runtime_Error_Module__loggerDefined__C)
                  20013a22    00000002     app_pem4.oem4 (.const:xdc_runtime_Error_maxDepth__C)
                  20013a24    00000002     app_pem4.oem4 (.const:xdc_runtime_LoggerBuf_Module__id__C)
                  20013a26    00000002     app_pem4.oem4 (.const:xdc_runtime_LoggerBuf_filterByLevel__C)
                  20013a28    00000002     app_pem4.oem4 (.const:xdc_runtime_Memory_Module__id__C)
                  20013a2a    00000002     app_pem4.oem4 (.const:xdc_runtime_SysMin_flushAtExit__C)
                  20013a2c    00000002     app_pem4.oem4 (.const:xdc_runtime_Text_charCnt__C)
                  20013a2e    00000002     app_pem4.oem4 (.const:xdc_runtime_Text_isLoaded__C)
                  20013a30    00000002     app_pem4.oem4 (.const:xdc_runtime_Text_registryModsLastId__C)
                  20013a32    00000002     app_pem4.oem4 (.const:xdc_runtime_Text_unnamedModsLastId__C)

.cinit     0    20013a38    000003a0     
                  20013a38    00000376     (.cinit..data.load) [load image, compression = rle]
                  20013dae    00000002     --HOLE-- [fill = 0]
                  20013db0    0000000c     (__TI_handler_table)
                  20013dbc    00000004     --HOLE-- [fill = 0]
                  20013dc0    00000008     (.cinit..bss.load) [load image, compression = zero_init]
                  20013dc8    00000010     (__TI_cinit_table)

.bss       0    20018000    00009c1e     UNINITIALIZED
                  20018000    00008000     app_pem4.oem4 (.bss:ti_sysbios_heaps_HeapMem_Instance_State_0_buf__A)
                  20020000    00000800     app_pem4.oem4 (.bss:taskStackSection)
                  20020800    000005dc     sniff.obj (.bss:acBuffer)
                  20020ddc    00000400     app_pem4.oem4 (.bss:xdc_runtime_LoggerBuf_Instance_State_0_entryArr__A)
                  200211dc    00000400     app_pem4.oem4 (.bss:xdc_runtime_SysMin_Module_State_0_outbuf__A)
                  200215dc    0000030c     app_pem4.oem4 (.bss:ti_sysbios_family_arm_m3_Hwi_dispatchTable)
                  200218e8    00000178     simplelink.a : driver.obj (.bss:g_StatMem)
                  20021a60    00000120     rtsv7M4_T_le_eabi.lib : trgmsg.obj (.bss:__CIOBUF_)
                  20021b80    00000050     simplelink.a : cc_pal.obj (.bss:g_ucDinDout)
                  20021bd0    00000024     main.obj (.bss:g_ucConnectionSSID)
                  20021bf4    00000008     (.common:g_ucConnectionBSSID)
                  20021bfc    00000008     (.common:parmbuf)
                  20021c04    00000004     (.common:DMAMsgQ)
                  20021c08    00000004     (.common:SimpleLinkSpawnTaskHndl)
                  20021c0c    00000004     (.common:__Errorlog)
                  20021c10    00000004     (.common:g_cDummy)
                  20021c14    00000004     (.common:simpleLink_mailbox)
                  20021c18    00000002     (.common:iSoc)
                  20021c1a    00000001     (.common:RxIrqCnt)
                  20021c1b    00000001     (.common:g_ucLED1Pin)
                  20021c1c    00000001     (.common:g_ucLED2Pin)
                  20021c1d    00000001     (.common:g_ucLED3Pin)

.data      0    20021c20    000005ac     UNINITIALIZED
                  20021c20    00000138     app_pem4.oem4 (.data)
                  20021d58    000000b0     rtsv7M4_T_le_eabi.lib : signal.obj (.data:sigtable)
                  20021e08    00000080                           : xvalues.obj (.data)
                  20021e88    00000080     app_pem4.oem4 (.data:ti_sysbios_knl_Swi_Module_State_0_readyQ__A)
[...]
200137d8  ti_sysbios_family_arm_m3_Hwi_Object__count__C               
200137dc  ti_sysbios_family_arm_m3_Hwi_ccr__C                         
200137e0  ti_sysbios_family_arm_m3_Hwi_excHandlerFunc__C              
200137e4  ti_sysbios_family_arm_m3_Hwi_excHookFuncs__C                
200137e8  ti_sysbios_family_arm_m3_Hwi_nullIsrFunc__C                 
200137ec  ti_sysbios_family_arm_m3_Hwi_priGroup__C                    
200137f0  ti_sysbios_family_arm_m3_TaskSupport_stackAlignment__C      
200137f4  ti_sysbios_family_arm_m3_Timer_E_cannotSupport__C           
200137f8  ti_sysbios_family_arm_m3_Timer_startupNeeded__C             
200137fc  ti_sysbios_gates_GateMutex_A_badContext__C                  
20013800  ti_sysbios_gates_GateMutex_Instance_State_sem__O            
20013804  ti_sysbios_gates_GateMutex_Module__diagsEnabled__C          
20013808  ti_sysbios_gates_GateMutex_Module__diagsIncluded__C         
2001380c  ti_sysbios_gates_GateMutex_Module__diagsMask__C             
20013810  ti_sysbios_hal_Hwi_E_stackOverflow__C                       
20013814  ti_sysbios_heaps_HeapMem_A_align__C                         
20013818  ti_sysbios_heaps_HeapMem_A_heapSize__C                      
2001381c  ti_sysbios_heaps_HeapMem_A_invalidFree__C                   
20013820  ti_sysbios_heaps_HeapMem_A_zeroBlock__C                     
20013824  ti_sysbios_heaps_HeapMem_E_memory__C                        
20013828  ti_sysbios_heaps_HeapMem_Module__diagsEnabled__C            
2001382c  ti_sysbios_heaps_HeapMem_Module__diagsIncluded__C           
20013830  ti_sysbios_heaps_HeapMem_Module__diagsMask__C               
20013834  ti_sysbios_heaps_HeapMem_Module__gateObj__C                 
20013838  ti_sysbios_heaps_HeapMem_Object__count__C                   
2001383c  ti_sysbios_heaps_HeapMem_reqAlign__C                        
20013840  ti_sysbios_knl_Clock_LM_begin__C                            
20013844  ti_sysbios_knl_Clock_LM_tick__C                             
20013848  ti_sysbios_knl_Clock_LW_delayed__C                          
2001384c  ti_sysbios_knl_Clock_Module_State_clockQ__O                 
20013850  ti_sysbios_knl_Clock_Module__diagsEnabled__C                
20013854  ti_sysbios_knl_Clock_Module__diagsIncluded__C               
20013858  ti_sysbios_knl_Clock_Module__diagsMask__C                   
2001385c  ti_sysbios_knl_Clock_Module__loggerFxn1__C                  
20013860  ti_sysbios_knl_Clock_Module__loggerFxn2__C                  
20013864  ti_sysbios_knl_Clock_Module__loggerObj__C                   
20013868  ti_sysbios_knl_Clock_tickPeriod__C                          
2001386c  ti_sysbios_knl_Idle_funcList__A                             
20013870  ti_sysbios_knl_Mailbox_A_invalidBufSize__C                  
20013874  ti_sysbios_knl_Mailbox_Instance_State_dataQue__O            
20013878  ti_sysbios_knl_Mailbox_Instance_State_dataSem__O            
2001387c  ti_sysbios_knl_Mailbox_Instance_State_freeQue__O            
20013880  ti_sysbios_knl_Mailbox_Instance_State_freeSem__O            
20013884  ti_sysbios_knl_Mailbox_Module__diagsEnabled__C              
20013888  ti_sysbios_knl_Mailbox_Module__diagsIncluded__C             
2001388c  ti_sysbios_knl_Mailbox_Module__diagsMask__C                 
20013890  ti_sysbios_knl_Mailbox_Object__count__C                     
20013894  ti_sysbios_knl_Mailbox_maxTypeAlign__C                      
20013898  ti_sysbios_knl_Semaphore_A_badContext__C                    
2001389c  ti_sysbios_knl_Semaphore_A_noEvents__C                      
200138a0  ti_sysbios_knl_Semaphore_A_overflow__C                      
200138a4  ti_sysbios_knl_Semaphore_A_pendTaskDisabled__C              
200138a8  ti_sysbios_knl_Semaphore_Instance_State_pendQ__O            
200138ac  ti_sysbios_knl_Semaphore_LM_pend__C                         
200138b0  ti_sysbios_knl_Semaphore_LM_post__C                         
200138b4  ti_sysbios_knl_Semaphore_Module__diagsEnabled__C            
200138b8  ti_sysbios_knl_Semaphore_Module__diagsIncluded__C           
200138bc  ti_sysbios_knl_Semaphore_Module__diagsMask__C               
200138c0  ti_sysbios_knl_Semaphore_Module__loggerFxn2__C              
200138c4  ti_sysbios_knl_Semaphore_Module__loggerFxn4__C              
200138c8  ti_sysbios_knl_Semaphore_Module__loggerObj__C               
200138cc  ti_sysbios_knl_Swi_LD_end__C                                
200138d0  ti_sysbios_knl_Swi_LM_begin__C                              
200138d4  ti_sysbios_knl_Swi_LM_post__C                               
200138d8  ti_sysbios_knl_Swi_Module__diagsEnabled__C                  
200138dc  ti_sysbios_knl_Swi_Module__diagsIncluded__C                 
200138e0  ti_sysbios_knl_Swi_Module__diagsMask__C                     
200138e4  ti_sysbios_knl_Swi_Module__loggerFxn1__C                    
200138e8  ti_sysbios_knl_Swi_Module__loggerFxn4__C                    
200138ec  ti_sysbios_knl_Swi_Module__loggerObj__C                     
200138f0  ti_sysbios_knl_Swi_Object__count__C                         
200138f4  ti_sysbios_knl_Task_A_badPriority__C                        
200138f8  ti_sysbios_knl_Task_A_badTaskState__C                       
200138fc  ti_sysbios_knl_Task_A_badThreadType__C                      
20013900  ti_sysbios_knl_Task_A_badTimeout__C                         
20013904  ti_sysbios_knl_Task_A_noPendElem__C                         
20013908  ti_sysbios_knl_Task_A_sleepTaskDisabled__C                  
2001390c  ti_sysbios_knl_Task_E_spOutOfBounds__C                      
20013910  ti_sysbios_knl_Task_E_stackOverflow__C                      
20013914  ti_sysbios_knl_Task_LD_block__C                             
20013918  ti_sysbios_knl_Task_LD_exit__C                              
2001391c  ti_sysbios_knl_Task_LD_ready__C                             
20013920  ti_sysbios_knl_Task_LM_sleep__C                             
20013924  ti_sysbios_knl_Task_LM_switch__C                            
20013928  ti_sysbios_knl_Task_LM_yield__C                             
2001392c  ti_sysbios_knl_Task_Module_State_inactiveQ__O               
20013930  ti_sysbios_knl_Task_Module__diagsEnabled__C                 
20013934  ti_sysbios_knl_Task_Module__diagsIncluded__C                
20013938  ti_sysbios_knl_Task_Module__diagsMask__C                    
2001393c  ti_sysbios_knl_Task_Module__loggerFxn2__C                   
20013940  ti_sysbios_knl_Task_Module__loggerFxn4__C                   
20013944  ti_sysbios_knl_Task_Module__loggerObj__C                    
20013948  ti_sysbios_knl_Task_Object__count__C                        
2001394c  ti_sysbios_knl_Task_allBlockedFunc__C                       
20013950  ti_sysbios_knl_Task_defaultStackHeap__C                     
20013954  ti_sysbios_knl_Task_defaultStackSize__C                     
20013958  ti_sysbios_knl_Task_numConstructedTasks__C                  
2001395c  xdc_runtime_Assert_E_assertFailed__C                        
20013960  xdc_runtime_Core_A_initializedParams__C                     
20013964  xdc_runtime_Core_Module__diagsEnabled__C                    
20013968  xdc_runtime_Core_Module__diagsIncluded__C                   
2001396c  xdc_runtime_Core_Module__diagsMask__C                       
20013970  xdc_runtime_Error_E_memory__C                               
20013974  xdc_runtime_Error_Module__diagsEnabled__C                   
20013978  xdc_runtime_Error_Module__diagsIncluded__C                  
2001397c  xdc_runtime_Error_Module__diagsMask__C                      
20013980  xdc_runtime_Error_Module__loggerFxn8__C                     
20013984  xdc_runtime_Error_Module__loggerObj__C                      
20013988  xdc_runtime_Error_policyFxn__C                              
2001398c  xdc_runtime_Error_raiseHook__C                              
20013990  xdc_runtime_IFilterLogger_Interface__BASE__C                
20013994  xdc_runtime_IGateProvider_Interface__BASE__C                
20013998  xdc_runtime_IHeap_Interface__BASE__C                        
2001399c  xdc_runtime_ILogger_Interface__BASE__C                      
200139a0  xdc_runtime_IModule_Interface__BASE__C                      
200139a4  xdc_runtime_Log_L_error__C                                  
200139a8  xdc_runtime_LoggerBuf_E_badLevel__C                         
200139ac  xdc_runtime_LoggerBuf_Module__gateObj__C                    
200139b0  xdc_runtime_LoggerBuf_Object__count__C                      
200139b4  xdc_runtime_LoggerBuf_statusLogger__C                       
200139b8  xdc_runtime_Memory_defaultHeapInstance__C                   
200139bc  xdc_runtime_Startup_execImpl__C                             
200139c0  xdc_runtime_Startup_maxPasses__C                            
200139c4  xdc_runtime_Startup_sfxnRts__C                              
200139c8  xdc_runtime_Startup_sfxnTab__C                              
200139cc  xdc_runtime_SysMin_bufSize__C                               
200139d0  xdc_runtime_SysMin_outputFunc__C                            
200139d4  xdc_runtime_System_Module__gateObj__C                       
200139d8  xdc_runtime_System_abortFxn__C                              
200139dc  xdc_runtime_System_exitFxn__C                               
200139e0  xdc_runtime_System_extendFxn__C                             
200139e4  xdc_runtime_System_maxAtexitHandlers__C                     
200139e8  xdc_runtime_Text_charTab__C                                 
200139ec  xdc_runtime_Text_nameEmpty__C                               
200139f0  xdc_runtime_Text_nameStatic__C                              
200139f4  xdc_runtime_Text_nameUnknown__C                             
200139f8  xdc_runtime_Text_nodeTab__C                                 
200139fc  xdc_runtime_Text_visitRopeFxn__C                            
20013a00  ti_sysbios_family_arm_m3_Timer_Module__id__C                
20013a02  ti_sysbios_family_arm_m3_TimestampProvider_configTimer__C   
20013a04  ti_sysbios_gates_GateMutex_Module__id__C                    
20013a06  ti_sysbios_hal_Hwi_Module__id__C                            
20013a08  ti_sysbios_heaps_HeapMem_Module__id__C                      
20013a0a  ti_sysbios_knl_Clock_Module__id__C                          
20013a0c  ti_sysbios_knl_Clock_Module__loggerDefined__C               
20013a0e  ti_sysbios_knl_Mailbox_Module__id__C                        
20013a10  ti_sysbios_knl_Semaphore_Module__id__C                      
20013a12  ti_sysbios_knl_Semaphore_Module__loggerDefined__C           
20013a14  ti_sysbios_knl_Swi_Module__id__C                            
20013a16  ti_sysbios_knl_Swi_Module__loggerDefined__C                 
20013a18  ti_sysbios_knl_Task_Module__id__C                           
20013a1a  ti_sysbios_knl_Task_Module__loggerDefined__C                
20013a1c  ti_sysbios_knl_Task_initStackFlag__C                        
20013a1e  xdc_runtime_Core_Module__id__C                              
20013a20  xdc_runtime_Error_Module__loggerDefined__C                  
20013a22  xdc_runtime_Error_maxDepth__C                               
20013a24  xdc_runtime_LoggerBuf_Module__id__C                         
20013a26  xdc_runtime_LoggerBuf_filterByLevel__C                      
20013a28  xdc_runtime_Memory_Module__id__C                            
20013a2a  xdc_runtime_SysMin_flushAtExit__C                           
20013a2c  xdc_runtime_Text_charCnt__C                                 
20013a2e  xdc_runtime_Text_isLoaded__C                                
20013a30  xdc_runtime_Text_registryModsLastId__C                      
20013a32  xdc_runtime_Text_unnamedModsLastId__C                       
20013a38  __TI_static_base__                                          
20013db0  __TI_Handler_Table_Base                                     
20013dbc  __TI_Handler_Table_Limit                                    
20013dc8  __TI_CINIT_Base                                             
20013dd8  __TI_CINIT_Limit                                            
20018000  ti_sysbios_heaps_HeapMem_Instance_State_0_buf__A            
20020000  ti_sysbios_knl_Task_Instance_State_0_stack__A               
20020800  acBuffer                                                    
20020ddc  xdc_runtime_LoggerBuf_Instance_State_0_entryArr__A          
200211dc  xdc_runtime_SysMin_Module_State_0_outbuf__A                 
200215dc  ti_sysbios_family_arm_m3_Hwi_dispatchTable                  
200218e8  g_StatMem                                                   
20021a60  __CIOBUF_                                                   
20021b80  g_ucDinDout                                                 
20021bd0  g_ucConnectionSSID                                          
20021bf4  g_ucConnectionBSSID                                         
20021c04  DMAMsgQ                                                     
20021c08  SimpleLinkSpawnTaskHndl                                     
20021c10  g_cDummy                                                    
20021c14  simpleLink_mailbox                                          
20021c18  iSoc                                                        
20021c1a  RxIrqCnt                                                    
20021c1b  g_ucLED1Pin                                                 
20021c1c  g_ucLED2Pin                                                 
20021c1d  g_ucLED3Pin                                                 
20021c20  ti_sysbios_family_arm_m3_Hwi_Module__root__V                
20021c28  ti_sysbios_family_arm_m3_Hwi_Object__table__V               
20021c40  ti_sysbios_family_arm_m3_Hwi_Module_State_0_excActive__A    
20021c44  ti_sysbios_family_arm_m3_Hwi_Module_State_0_excContext__A   
20021c48  ti_sysbios_family_arm_m3_Hwi_Module_State_0_excStack__A     
20021c4c  ti_sysbios_family_arm_m3_Timer_Module__root__V              
20021c54  ti_sysbios_family_arm_m3_Timer_Module__state__V             
20021c60  ti_sysbios_family_arm_m3_TimestampProvider_Module__state__V 
20021c64  ti_sysbios_gates_GateHwi_Module__root__V                    
20021c6c  ti_sysbios_gates_GateHwi_Object__table__V                   
20021c70  ti_sysbios_gates_GateMutex_Module__root__V                  
20021c78  ti_sysbios_hal_Hwi_Module__root__V                          
20021c80  ti_sysbios_hal_Timer_Module__root__V                        
20021c88  ti_sysbios_heaps_HeapMem_Module__root__V                    
20021c90  ti_sysbios_heaps_HeapMem_Object__table__V                   
20021ca8  ti_sysbios_knl_Clock_Module__root__V                        
20021cb0  ti_sysbios_knl_Event_Module__root__V                        
20021cb8  ti_sysbios_knl_Mailbox_Module__root__V                      
20021cc0  ti_sysbios_knl_Queue_Module__root__V                        
20021cc8  ti_sysbios_knl_Semaphore_Module__root__V                    
20021cd0  ti_sysbios_knl_Swi_Module__root__V                          
20021cd8  ti_sysbios_knl_Swi_Module__state__V                         
20021cf4  ti_sysbios_knl_Task_Module__root__V                         
20021cfc  ti_sysbios_knl_Task_Module_State_0_idleTask__A              
20021d00  xdc_runtime_Error_Module__state__V                          
20021d04  xdc_runtime_LoggerBuf_Module__root__V                       
20021d0c  xdc_runtime_LoggerBuf_Module__state__V                      
20021d14  xdc_runtime_Memory_Module__state__V                         
20021d18  xdc_runtime_Registry_Module__state__V                       
20021d20  xdc_runtime_Startup_Module__state__V                        
20021d28  xdc_runtime_SysMin_Module__state__V                         
20021d34  xdc_runtime_System_Module_State_0_atexitHandlers__A         
20021d44  xdc_runtime_System_Module__state__V                         
20021d4c  xdc_runtime_Text_Module__state__V                           
20021d54  __xdc__init__addr                                           
20021e08  _Denorm                                                     
20021e18  _Eps                                                        
20021e28  _Hugeval                                                    
20021e38  _Inf                                                        
20021e48  _Nan                                                        
20021e58  _Snan                                                       
20021e68  _Rteps                                                      
20021e78  _Xbig                                                       
20021e80  _Zero                                                       
20021e88  ti_sysbios_knl_Swi_Module_State_0_readyQ__A                 
20021f08  ti_sysbios_knl_Task_Module_State_0_readyQ__A                
20021f88  TSK_idle                                                    
20021f88  ti_sysbios_knl_Task_Object__table__V                        
20021fd4  ti_sysbios_knl_Task_Module__state__V                        
20022018  ti_sysbios_gates_GateMutex_Object__table__V                 
20022050  ti_sysbios_family_arm_m3_Hwi_Module__state__V               
20022084  ti_sysbios_family_arm_m3_Timer_Object__table__V             
200220b4  ti_sysbios_knl_Swi_Object__table__V                         
200220e4  ti_sysbios_knl_Clock_Module__state__V                       
20022110  ti_sysbios_BIOS_Module__state__V                            
20022134  xdc_runtime_LoggerBuf_Object__table__V                      
2002216c  g_uiLED1Port                                                
20022170  g_uiLED2Port                                                
20022174  g_uiLED3Port                                                
20022178  g_ulStatus                                                  
2002217c  g_ulPingPacketsRecv                                         
20022180  g_ulGatewayIP                                               
20022184  channelChanged                                              
20022185  cmd                                                         
20022188  iChannel                                                    
2002218c  interval                                                    
20022190  g_SpiFd                                                     
20022194  g_pHostIntHdl                                               
20022198  g_ucDMAEnabled                                              
2002219c  g_pCB                                                       
200221a0  pPingCallBackFunc                                           
200221a4  gFirstCmdMode                                               
200221a8  _lock                                                       
200221ac  _unlock                                                     
200221b0  __TI_cleanup_ptr                                            
200221b4  __TI_dtors_ptr                                              
200221b8  _Fenv                                                       
200221bc  _Tls_setup__Fenv                                            
200221c0  _Errno                                                      
200221c4  main_func_sp                                                
2002e000  __stack                                                     
20030000  __STACK_END                                                 
e000e000  ti_sysbios_family_arm_m3_Hwi_nvic                           
ffffffff  __binit__                                                   
ffffffff  __c_args__                                                  
ffffffff  binit                                                       
UNDEFED   SHT$$INIT_ARRAY$$Base                                       
UNDEFED   SHT$$INIT_ARRAY$$Limit                                      

[955 symbols]
