******************************************************************************
                  TI ARM Linker PC v5.2.7                      
******************************************************************************
>> Linked Sun Apr 17 22:22:53 2016

OUTPUT FILE NAME:   <wlan_station.out>
ENTRY POINT SYMBOL: "_c_int00"  address: 2000f63d


MEMORY CONFIGURATION

         name            origin    length      used     unused   attr    fill
----------------------  --------  ---------  --------  --------  ----  --------
  SRAM_CODE             20004000   00014000  0000fcee  00004312  RW X
  SRAM_DATA             20018000   00018000  0000c1c2  0000be3e  RW X


SEGMENT ALLOCATION MAP

run origin  load origin   length   init length attrs members
----------  ----------- ---------- ----------- ----- -------
20004000    20004000    0000fcf8   0000fcf8    r-x
  20004000    20004000    0000030c   0000030c    r-- .resetVecs
  20004310    20004310    0000d132   0000d132    r-x .text
  20011444    20011444    00002510   00002510    r-- .const
  20013958    20013958    000003a0   000003a0    r-- .cinit
20018000    20018000    0000a1c4   00000000    rw-
  20018000    20018000    00009c1e   00000000    rw- .bss
  20021c20    20021c20    000005a4   00000000    rw- .data
2002e000    2002e000    00002000   00000000    rw-
  2002e000    2002e000    00002000   00000000    rw- .stack


SECTION ALLOCATION MAP

 output                                  attributes/
section   page    origin      length       input sections
--------  ----  ----------  ----------   ----------------
.init_array 
*          0    20004000    00000000     UNINITIALIZED

.resetVecs 
*          0    20004000    0000030c     
                  20004000    0000030c     app_pem4.oem4 (.resetVecs)

.text      0    20004310    0000d132     
                  20004310    000010a6     rtsv7M4_T_le_eabi.lib : _printfi.obj (.text)
                  200053b6    00000002                           : i_div0.obj (.text)
                  200053b8    00000b4c     main.obj (.text)
                  20005f04    000005ec     simplelink.a : driver.obj (.text:_SlDrvMsgRead)
                  200064f0    00000544     ti_rtos.a : osi_tirtos.obj (.text)
                  20006a34    00000004     app_pem4.oem4 (.text:ti_sysbios_BIOS_RtsGateProxy_enter__E)
                  20006a38    00000430     sysbios.aem4 : BIOS.obj (.text:ti_sysbios_family_arm_m3_Hwi_excDumpRegs__I)
                  20006e68    000003a8     sniff.obj (.text)
                  20007210    00000394     gpio_if.obj (.text)
                  200075a4    0000034c     ti.targets.arm.rtsarm.aem4 : System.oem4 (.text:xdc_runtime_System_doPrint__I)
                  200078f0    00000314     sysbios.aem4 : BIOS.obj (.text:ti_sysbios_knl_Semaphore_pend__E)
                  20007c04    000002d4     rtsv7M4_T_le_eabi.lib : trgdrv.obj (.text)
                  20007ed8    00000280     uart_if.obj (.text)
                  20008158    00000254     sysbios.aem4 : BIOS.obj (.text:ti_sysbios_heaps_HeapMem_free__E)
                  200083ac    00000248     simplelink.a : driver.obj (.text:_SlDrvRxHdrRead)
                  200085f4    00000004     app_pem4.oem4 (.text:ti_sysbios_BIOS_RtsGateProxy_leave__E)
                  200085f8    00000240     sysbios.aem4 : BIOS.obj (.text:ti_sysbios_heaps_HeapMem_alloc__E)
                  20008838    0000022c                  : BIOS.obj (.text:ti_sysbios_knl_Task_Instance_finalize__E)
                  20008a64    00000004     app_pem4.oem4 (.text:ti_sysbios_family_arm_m3_Hwi_delete)
                  20008a68    00000200     sysbios.aem4 : BIOS.obj (.text:ti_sysbios_knl_Task_sleep__E)
                  20008c68    000001fc                  : BIOS.obj (.text:ti_sysbios_family_arm_m3_Hwi_excHandlerMax__I)
                  20008e64    000001f4     rtsv7M4_T_le_eabi.lib : ull_div_t2.obj (.text)
                  20009058    000001d0     simplelink.a : driver.obj (.text:_SlDrvReleasePoolObj)
                  20009228    000001cc                  : driver.obj (.text:_SlDrvMsgWrite)
                  200093f4    00000004     app_pem4.oem4 (.text:ti_sysbios_family_arm_m3_TaskSupport_Module__startupDone__S)
                  200093f8    000001c8     sysbios.aem4 : BIOS.obj (.text:ti_sysbios_knl_Task_Instance_init__E)
                  200095c0    000001b6     rtsv7M4_T_le_eabi.lib : fd_add_t2.obj (.text)
                  20009776    00000002     app_pem4.oem4 (.text:ti_sysbios_BIOS_nullFunc__I)
                  20009778    0000019c     sysbios.aem4 : BIOS.obj (.text:ti_sysbios_knl_Task_Module_startup__E)
                  20009914    00000190     simplelink.a : driver.obj (.text:_SlDrvWaitForPoolObj)
                  20009aa4    00000174                  : driver.obj (.text:_SlDrvDriverCBInit)
                  20009c18    00000174     sysbios.aem4 : BIOS.obj (.text:ti_sysbios_family_arm_m3_Hwi_excBusFault__I)
                  20009d8c    00000170     simplelink.a : driver.obj (.text:_SlFindAndSetActiveObj)
                  20009efc    00000004     app_pem4.oem4 (.text:ti_sysbios_heaps_HeapMem_Module_GateProxy_enter__E)
                  20009f00    00000164     sysbios.aem4 : BIOS.obj (.text:ti_sysbios_family_arm_m3_Hwi_excUsageFault__I)
                  2000a064    00000004     app_pem4.oem4 (.text:ti_sysbios_heaps_HeapMem_Module_GateProxy_leave__E)
                  2000a068    00000158     sysbios.aem4 : BIOS.obj (.text:ti_sysbios_knl_Mailbox_Instance_init__E)
                  2000a1c0    0000014c     simplelink.a : cc_pal.obj (.text:spi_Open)
                  2000a30c    00000004     app_pem4.oem4 (.text:ti_sysbios_knl_Clock_TimerProxy_getMaxTicks__E)
                  2000a310    00000148     sysbios.aem4 : BIOS.obj (.text:ti_sysbios_family_arm_m3_Hwi_excMemFault__I)
                  2000a458    00000140                  : BIOS.obj (.text:ti_sysbios_knl_Semaphore_post__E)
                  2000a598    0000013c                  : BIOS.obj (.text:ti_sysbios_heaps_HeapMem_Instance_init__E)
                  2000a6d4    00000004     app_pem4.oem4 (.text:ti_sysbios_knl_Mailbox_delete)
                  2000a6d8    00000138     sysbios.aem4 : BIOS.obj (.text:ti_sysbios_family_arm_m3_Hwi_dispatchC__I)
                  2000a810    00000138     ti.targets.arm.rtsarm.aem4 : LoggerBuf.oem4 (.text:xdc_runtime_LoggerBuf_write8__E)
                  2000a948    00000136     rtsv7M4_T_le_eabi.lib : fd_div_t2.obj (.text)
                  2000aa7e    00000002     app_pem4.oem4 (.text:xdc_runtime_Startup_reset__I)
                  2000aa80    00000134     driverlib.a : prcm.obj (.text:PRCMCC3200MCUInit)
                  2000abb4    00000004     app_pem4.oem4 (.text:ti_sysbios_knl_Queue_destruct)
                  2000abb8    00000134     sysbios.aem4 : BIOS.obj (.text:ti_sysbios_knl_Clock_workFunc__E)
                  2000acec    00000128     simplelink.a : driver.obj (.text:_SlDrvDataReadOp)
                  2000ae14    00000004     app_pem4.oem4 (.text:ti_sysbios_knl_Semaphore_delete)
                  2000ae18    0000011c     sysbios.aem4 : BIOS.obj (.text:ti_sysbios_knl_Swi_run__I)
                  2000af34    00000118     ti.targets.arm.rtsarm.aem4 : Error.oem4 (.text:xdc_runtime_Error_policyDefault__E)
                  2000b04c    00000110     rtsv7M4_T_le_eabi.lib : xdscale.obj (.text)
                  2000b15c    00000100     ti.targets.arm.rtsarm.aem4 : Core-mem.oem4 (.text:xdc_runtime_Core_createObject__I)
                  2000b25c    000000fe     simplelink.a : netapp.obj (.text:_SlDrvNetAppEventHandler)
                  2000b35a    000000fc     rtsv7M4_T_le_eabi.lib : fd_mul_t2.obj (.text)
                  2000b456    00000002     --HOLE-- [fill = 0]
                  2000b458    000000f8     ti.targets.arm.rtsarm.aem4 : Startup.oem4 (.text:xdc_runtime_Startup_startMods__I)
                  2000b550    000000f8     app_pem4.oem4 (.text:xdc_runtime_System_printfExtend__I)
                  2000b648    000000f4     simplelink.a : driver.obj (.text:_SlDrvDriverCBDeinit)
                  2000b73c    000000f0     driverlib.a : udma.obj (.text:uDMAChannelTransferSet)
                  2000b82c    000000dc     simplelink.a : cc_pal.obj (.text:spi_Read)
                  2000b908    000000d8                  : driver.obj (.text:_SlDrvClassifyRxMsg)
                  2000b9e0    000000d4                  : device.obj (.text:sl_Stop)
                  2000bab4    000000d4     ti.targets.arm.rtsarm.aem4 : LoggerBuf.oem4 (.text:xdc_runtime_LoggerBuf_write4__E)
                  2000bb88    000000d0     sysbios.aem4 : m3_Hwi_asm.obj (.text:ti_sysbios_family_arm_m3_Hwi_dispatch__I)
                  2000bc58    000000cc                  : BIOS.obj (.text:ti_sysbios_knl_Task_schedule__I)
                  2000bd24    000000cc     ti.targets.arm.rtsarm.aem4 : Core-smem.oem4 (.text:xdc_runtime_Core_constructObject__I)
                  2000bdf0    000000c8     simplelink.a : netapp.obj (.text:_sl_HandleAsync_DnsGetHostByService)
                  2000beb8    000000c4     sysbios.aem4 : BIOS.obj (.text:ti_sysbios_family_arm_m3_Hwi_Module_startup__E)
                  2000bf7c    000000c0     simplelink.a : driver.obj (.text:_SlRemoveFromList)
                  2000c03c    00000004     app_pem4.oem4 (.text:ti_sysbios_knl_Semaphore_destruct)
                  2000c040    000000c0     sysbios.aem4 : BIOS.obj (.text:ti_sysbios_knl_Task_exit__E)
                  2000c100    000000be     rtsv7M4_T_le_eabi.lib : xdnorm.obj (.text)
                  2000c1be    00000002     --HOLE-- [fill = 0]
                  2000c1c0    000000bc     simplelink.a : driver.obj (.text:_SlDrvMsgReadCmdCtx)
                  2000c27c    000000bc                  : device.obj (.text:sl_Start)
                  2000c338    000000bc     sysbios.aem4 : BIOS.obj (.text:ti_sysbios_family_arm_m3_Hwi_excDebugMon__I)
                  2000c3f4    00000004     app_pem4.oem4 (.text:ti_sysbios_knl_Task_delete)
                  2000c3f8    000000bc     sysbios.aem4 : BIOS.obj (.text:ti_sysbios_family_arm_m3_Hwi_excHardFault__I)
                  2000c4b4    00000004     ti.targets.arm.rtsarm.aem4 : Error.oem4 (.text:xdc_runtime_Error_getSite__E)
                  2000c4b8    000000bc     sysbios.aem4 : BIOS.obj (.text:ti_sysbios_knl_Task_startCore__E)
                  2000c574    000000b8     simplelink.a : driver.obj (.text:_SlAsyncEventGenericHandler)
                  2000c62c    000000b4                  : netapp.obj (.text:sl_NetAppMDNSRegisterUnregisterService)
                  2000c6e0    000000b4     sysbios.aem4 : BIOS.obj (.text:ti_sysbios_gates_GateMutex_enter__E)
                  2000c794    00000004     app_pem4.oem4 (.text:xdc_runtime_LoggerBuf_Module_GateProxy_enter__E)
                  2000c798    000000b4     sysbios.aem4 : BIOS.obj (.text:ti_sysbios_knl_Task_checkStacks__E)
                  2000c84c    00000004     app_pem4.oem4 (.text:xdc_runtime_LoggerBuf_Module_GateProxy_leave__E)
                  2000c850    000000b4     sysbios.aem4 : BIOS.obj (.text:ti_sysbios_knl_Task_yield__E)
                  2000c904    00000004     app_pem4.oem4 (.text:xdc_runtime_System_Module_GateProxy_enter__E)
                  2000c908    000000ac     sysbios.aem4 : BIOS.obj (.text:ti_sysbios_knl_Swi_post__E)
                  2000c9b4    000000a8     driverlib.a : interrupt.obj (.text:IntEnable)
                  2000ca5c    000000a8     simplelink.a : netcfg.obj (.text:sl_NetCfgGet)
                  2000cb04    00000004     app_pem4.oem4 (.text:xdc_runtime_System_Module_GateProxy_leave__E)
                  2000cb08    000000a8     sysbios.aem4 : BIOS.obj (.text:ti_sysbios_knl_Task_blockI__E)
                  2000cbb0    000000a8                  : BIOS.obj (.text:ti_sysbios_knl_Task_postInit__I)
                  2000cc58    000000a0     driverlib.a : spi.obj (.text:SPIConfigSetExpClk)
                  2000ccf8    000000a0     auto_init.aem4 : auto_init.oem4 (.text)
                  2000cd98    000000a0     ti.targets.arm.rtsarm.aem4 : Text.oem4 (.text:xdc_runtime_Text_putMod__E)
                  2000ce38    0000009c     simplelink.a : driver.obj (.text:_SlDrvMsgReadSpawnCtx)
                  2000ced4    0000009c     rtsv7M4_T_le_eabi.lib : memcpy_t2.obj (.text)
                  2000cf70    0000009c     simplelink.a : device.obj (.text:sl_DevGet)
                  2000d00c    00000004     ti.targets.arm.rtsarm.aem4 : System.oem4 (.text:xdc_runtime_System_aprintf_va__F)
                  2000d010    0000009c     sysbios.aem4 : BIOS.obj (.text:ti_sysbios_knl_Semaphore_Instance_init__E)
                  2000d0ac    0000009c     ti.targets.arm.rtsarm.aem4 : LoggerBuf.oem4 (.text:xdc_runtime_LoggerBuf_setFilterLevel__E)
                  2000d148    0000009a                                : Text.oem4 (.text:xdc_runtime_Text_putSite__E)
                  2000d1e2    00000006     driverlib.a : utils.obj (.text:UtilsDelay)
                  2000d1e8    00000098     sysbios.aem4 : BIOS.obj (.text:ti_sysbios_knl_Mailbox_post__E)
                  2000d280    00000094     driverlib.a : prcm.obj (.text:PRCMPeripheralClockGet)
                  2000d314    00000004     ti.targets.arm.rtsarm.aem4 : System.oem4 (.text:xdc_runtime_System_printf_va__F)
                  2000d318    00000094     sysbios.aem4 : BIOS.obj (.text:ti_sysbios_family_arm_m3_Hwi_Instance_init__E)
                  2000d3ac    00000004     --HOLE-- [fill = 0]
                  2000d3b0    00000090                  : BIOS.obj (.text:ti_sysbios_knl_Task_unblockI__E)
                  2000d440    0000008c     simplelink.a : cc_pal.obj (.text:SetupDMAReceive)
                  2000d4cc    0000008c                  : cc_pal.obj (.text:SetupDMASend)
                  2000d558    0000008c                  : netapp.obj (.text:_sl_HandleAsync_DnsGetHostByName)
                  2000d5e4    0000008c                  : netapp.obj (.text:_sl_HandleAsync_PingResponse)
                  2000d670    0000008c                  : cc_pal.obj (.text:spi_Write)
                  2000d6fc    00000004     --HOLE-- [fill = 0]
                  2000d700    0000008c     sysbios.aem4 : BIOS.obj (.text:ti_sysbios_knl_Mailbox_pend__E)
                  2000d78c    00000088     driverlib.a : pin.obj (.text:PinConfigSet)
                  2000d814    00000088     rtsv7M4_T_le_eabi.lib : vsnprintf.obj (.text)
                  2000d89c    00000004     --HOLE-- [fill = 0]
                  2000d8a0    00000088     sysbios.aem4 : BIOS.obj (.text:ti_sysbios_family_arm_m3_Hwi_initNVIC__E)
                  2000d928    00000088                  : BIOS.obj (.text:ti_sysbios_knl_Mailbox_Module_startup__E)
                  2000d9b0    00000086     rtsv7M4_T_le_eabi.lib : fd_cmp_t2.obj (.text:__aeabi_cdcmple)
                  2000da36    00000086                           : fd_cmp_t2.obj (.text:__aeabi_cdrcmple)
                  2000dabc    00000084     simplelink.a : cc_pal.obj (.text:NwpPowerOnPreamble)
                  2000db40    00000082     driverlib.a : gpio.obj (.text:GPIOIntTypeSet)
                  2000dbc2    00000002     --HOLE-- [fill = 0]
                  2000dbc4    00000080     simplelink.a : driver.obj (.text:_SlDrvCmdOp)
                  2000dc44    00000080                  : cc_pal.obj (.text:spi_Read_CPU)
                  2000dcc4    00000080                  : cc_pal.obj (.text:spi_Write_CPU)
                  2000dd44    0000007c                  : device.obj (.text:_sl_HandleAsync_InitComplete)
                  2000ddc0    0000007c     pinmux.obj (.text)
                  2000de3c    00000004     --HOLE-- [fill = 0]
                  2000de40    0000007c     sysbios.aem4 : BIOS.obj (.text:ti_sysbios_family_arm_m3_TimestampProvider_get64__E)
                  2000debc    0000007a     rtsv7M4_T_le_eabi.lib : memset_t2.obj (.text)
                  2000df36    00000002     --HOLE-- [fill = 0]
                  2000df38    00000078     simplelink.a : socket.obj (.text:_sl_HandleAsync_Connect)
                  2000dfb0    00000078                  : cc_pal.obj (.text:spi_Close)
                  2000e028    00000076     driverlib.a : uart.obj (.text:UARTConfigSetExpClk)
                  2000e09e    00000002     --HOLE-- [fill = 0]
                  2000e0a0    00000074     simplelink.a : socket.obj (.text:sl_Recv)
                  2000e114    00000004     --HOLE-- [fill = 0]
                  2000e118    00000074     sysbios.aem4 : BIOS.obj (.text:ti_sysbios_family_arm_m3_Hwi_postInit__I)
                  2000e18c    00000074     ti.targets.arm.rtsarm.aem4 : LoggerBuf.oem4 (.text:xdc_runtime_LoggerBuf_getFilterLevel__E)
                  2000e200    00000070     sysbios.aem4 : BIOS.obj (.text:ti_sysbios_knl_Mailbox_Instance_finalize__E)
                  2000e270    0000006c     simplelink.a : driver.obj (.text:_SlDrvCmdSend)
                  2000e2dc    00000004     --HOLE-- [fill = 0]
                  2000e2e0    0000006c     sysbios.aem4 : BIOS.obj (.text:ti_sysbios_knl_Swi_restoreHwi__E)
                  2000e34c    0000006c     ti.targets.arm.rtsarm.aem4 : Error.oem4 (.text:xdc_runtime_Error_print__E)
                  2000e3b8    0000006c                                : Memory.oem4 (.text:xdc_runtime_Memory_alloc__E)
                  2000e424    0000006a     rtsv7M4_T_le_eabi.lib : copy_decompress_rle.obj (.text)
                  2000e48e    00000002     --HOLE-- [fill = 0]
                  2000e490    00000068     simplelink.a : netapp.obj (.text:_sl_NetAppSendTokenValue)
                  2000e4f8    00000068     rtsv7M4_T_le_eabi.lib : trgmsg.obj (.text)
                  2000e560    00000068     simplelink.a : netcfg.obj (.text:sl_NetCfgSet)
                  2000e5c8    00000068                  : socket.obj (.text:sl_SetSockOpt)
                  2000e630    00000068                  : wlan.obj (.text:sl_WlanSet)
                  2000e698    00000066     rtsv7M4_T_le_eabi.lib : xdunscal.obj (.text)
                  2000e6fe    00000066     ti.targets.arm.rtsarm.aem4 : Core-mem.oem4 (.text:xdc_runtime_Core_deleteObject__I)
                  2000e764    00000064     app_pem4.oem4 (.text:ti_sysbios_family_arm_m3_Hwi_create)
                  2000e7c8    00000064     app_pem4.oem4 (.text:ti_sysbios_knl_Mailbox_create)
                  2000e82c    00000064     driverlib.a : udma.obj (.text:uDMAChannelAttributeDisable)
                  2000e890    00000064                 : udma.obj (.text:uDMAChannelAttributeEnable)
                  2000e8f4    00000064     ti.targets.arm.rtsarm.aem4 : System.oem4 (.text:xdc_runtime_System_formatNum__I)
                  2000e958    00000060     simplelink.a : socket.obj (.text:_sl_HandleAsync_Accept)
                  2000e9b8    00000060                  : wlan.obj (.text:sl_WlanPolicySet)
                  2000ea18    00000060     sysbios.aem4 : BIOS.obj (.text:ti_sysbios_knl_Clock_logTick__E)
                  2000ea78    0000005c     simplelink.a : socket.obj (.text:sl_Socket)
                  2000ead4    00000004     --HOLE-- [fill = 0]
                  2000ead8    0000005c     sysbios.aem4 : BIOS.obj (.text:ti_sysbios_knl_Swi_schedule__I)
                  2000eb34    0000005c     app_pem4.oem4 (.text:ti_sysbios_knl_Task_create)
                  2000eb90    0000005c     app_pem4.oem4 (.text:xdc_runtime_LoggerBuf_Object__create__S)
                  2000ebec    0000005b     ti.targets.arm.rtsarm.aem4 : Text.oem4 (.text:xdc_runtime_Text_putLab__E)
                  2000ec47    00000001     --HOLE-- [fill = 0]
                  2000ec48    00000058     driverlib.a : interrupt.obj (.text:IntPendClear)
                  2000eca0    00000058                 : prcm.obj (.text:PRCMPeripheralReset)
                  2000ecf8    00000058     sysbios.aem4 : BIOS.obj (.text:ti_sysbios_family_arm_m3_Timer_setPeriod__E)
                  2000ed50    00000056     rtsv7M4_T_le_eabi.lib : ltoa.obj (.text)
                  2000eda6    00000002     --HOLE-- [fill = 0]
                  2000eda8    00000054     simplelink.a : socket.obj (.text:_sl_HandleAsync_Select)
                  2000edfc    00000054                  : wlan.obj (.text:sl_WlanRxFilterSet)
                  2000ee50    00000054     sysbios.aem4 : BIOS.obj (.text:ti_sysbios_family_arm_m3_Timer_start__E)
                  2000eea4    00000054     ti.targets.arm.rtsarm.aem4 : Assert.oem4 (.text:xdc_runtime_Assert_raise__I)
                  2000eef8    00000050     simplelink.a : device.obj (.text:_sl_HandleAsync_Stop)
                  2000ef48    00000050     ti.targets.arm.rtsarm.aem4 : Startup.oem4 (.text:xdc_runtime_Startup_exec__E)
                  2000ef98    00000050                                : Text.oem4 (.text:xdc_runtime_Text_visitRope2__I)
                  2000efe8    0000004c     driverlib.a : spi.obj (.text:SPIIntEnable)
                  2000f034    0000004c     simplelink.a : driver.obj (.text:_SlDrvProtectAsyncRespSetting)
                  2000f080    0000004c                  : driver.obj (.text:_SlDrvRxIrqHandler)
                  2000f0cc    0000004c     rtsv7M4_T_le_eabi.lib : atoi.obj (.text)
                  2000f118    0000004c                           : cpy_tbl.obj (.text)
                  2000f164    0000004c     sysbios.aem4 : m3_TaskSupport_asm.obj (.text:ti_sysbios_family_arm_m3_TaskSupport_buildTaskStack)
                  2000f1b0    0000004c                  : BIOS.obj (.text:ti_sysbios_heaps_HeapMem_getStats__E)
                  2000f1fc    00000004     --HOLE-- [fill = 0]
                  2000f200    0000004c                  : BIOS.obj (.text:ti_sysbios_knl_Swi_runLoop__I)
                  2000f24c    00000004     --HOLE-- [fill = 0]
                  2000f250    0000004c                  : BIOS.obj (.text:ti_sysbios_knl_Task_allBlockedFunction__I)
                  2000f29c    0000004c     driverlib.a : udma.obj (.text:uDMAChannelAssign)
                  2000f2e8    00000048                 : spi.obj (.text:SPIIntClear)
                  2000f330    00000048     simplelink.a : driver.obj (.text:_SlDrvBasicCmd)
                  2000f378    00000048     rtsv7M4_T_le_eabi.lib : fd_toi_t2.obj (.text)
                  2000f3c0    00000048     sysbios.aem4 : BIOS.obj (.text:ti_sysbios_family_arm_m3_Hwi_disableInterrupt__E)
                  2000f408    00000048                  : BIOS.obj (.text:ti_sysbios_family_arm_m3_Hwi_enableInterrupt__E)
                  2000f450    00000048                  : BIOS.obj (.text:ti_sysbios_family_arm_m3_Hwi_excReserved__I)
                  2000f498    00000048                  : m3_Hwi_asm_switch.obj (.text:ti_sysbios_family_arm_m3_Hwi_initStacks__E)
                  2000f4e0    00000048                  : BIOS.obj (.text:ti_sysbios_family_arm_m3_Timer_initDevice__I)
                  2000f528    00000046     rtsv7M4_T_le_eabi.lib : ldexp.obj (.text)
                  2000f56e    00000046     ti.targets.arm.rtsarm.aem4 : Core-params.oem4 (.text:xdc_runtime_Core_assignParams__I)
                  2000f5b4    00000044     driverlib.a : spi.obj (.text:SPIDmaMaskGet)
                  2000f5f8    00000044                 : uart.obj (.text:UARTIntNumberGet)
                  2000f63c    00000044     boot.aem4 : boot.oem4 (.text)
                  2000f680    00000044     simplelink.a : cc_pal.obj (.text:cc_SetupTransfer)
                  2000f6c4    00000044     rtsv7M4_T_le_eabi.lib : exit.obj (.text)
                  2000f708    00000044     sysbios.aem4 : BIOS.obj (.text:ti_sysbios_family_arm_m3_Hwi_getStackInfo__E)
                  2000f74c    00000004     --HOLE-- [fill = 0]
                  2000f750    00000044                  : BIOS.obj (.text:ti_sysbios_knl_Mailbox_postInit__I)
                  2000f794    00000044     ti.targets.arm.rtsarm.aem4 : Error.oem4 (.text:xdc_runtime_Error_setX__E)
                  2000f7d8    00000044                                : LoggerBuf.oem4 (.text:xdc_runtime_LoggerBuf_filterOutEvent__I)
                  2000f81c    00000044                                : SysMin.oem4 (.text:xdc_runtime_SysMin_flush__E)
                  2000f860    00000044                                : Text.oem4 (.text:xdc_runtime_Text_xprintf__I)
                  2000f8a4    00000040     driverlib.a : pin.obj (.text:PinModeSet)
                  2000f8e4    00000040     rtsv7M4_T_le_eabi.lib : signal.obj (.text)
                  2000f924    00000040                           : u_divt2.obj (.text)
                  2000f964    00000004     --HOLE-- [fill = 0]
                  2000f968    00000040     sysbios.aem4 : BIOS.obj (.text:ti_sysbios_family_arm_m3_Timer_Module_startup__E)
                  2000f9a8    0000003e     app_pem4.oem4 (.text:realloc)
                  2000f9e6    0000003c     simplelink.a : netapp.obj (.text:CopyPingResultsToReport)
                  2000fa22    00000002     --HOLE-- [fill = 0]
                  2000fa24    0000003c     driverlib.a : prcm.obj (.text:PRCMPeripheralClkEnable)
                  2000fa60    0000003c     sysbios.aem4 : BIOS.obj (.text:ti_sysbios_family_arm_m3_Hwi_excSvCall__I)
                  2000fa9c    00000004     --HOLE-- [fill = 0]
                  2000faa0    0000003c                  : BIOS.obj (.text:ti_sysbios_family_arm_m3_TaskSupport_start__E)
                  2000fadc    00000004     --HOLE-- [fill = 0]
                  2000fae0    0000003c                  : BIOS.obj (.text:ti_sysbios_heaps_HeapMem_init__I)
                  2000fb1c    00000004     --HOLE-- [fill = 0]
                  2000fb20    0000003c                  : BIOS.obj (.text:ti_sysbios_knl_Swi_startup__E)
                  2000fb5c    0000003c     driverlib.a : udma.obj (.text:uDMAChannelControlSet)
                  2000fb98    0000003a     ti.targets.arm.rtsarm.aem4 : LoggerBuf.oem4 (.text:xdc_runtime_LoggerBuf_Instance_init__E)
                  2000fbd2    00000002     --HOLE-- [fill = 0]
                  2000fbd4    00000038     simplelink.a : cc_pal.obj (.text:NwpPowerOff)
                  2000fc0c    00000004     --HOLE-- [fill = 0]
                  2000fc10    00000038     sysbios.aem4 : BIOS.obj (.text:ti_sysbios_family_arm_m3_Hwi_excNoIsr__I)
                  2000fc48    00000038                  : BIOS.obj (.text:ti_sysbios_knl_Task_processVitalTaskFlag__I)
                  2000fc80    00000038     ti.targets.arm.rtsarm.aem4 : SysMin.oem4 (.text:xdc_runtime_SysMin_putch__E)
                  2000fcb8    00000038                                : System.oem4 (.text:xdc_runtime_System_atexit__E)
                  2000fcf0    00000036     driverlib.a : gpio.obj (.text:GPIODirModeSet)
                  2000fd26    00000036     simplelink.a : netapp.obj (.text:sl_NetAppMDNSUnRegisterService)
                  2000fd5c    00000034     driverlib.a : prcm.obj (.text:PRCMPeripheralStatusGet)
                  2000fd90    00000034                 : spi.obj (.text:SPIFIFOLevelSet)
                  2000fdc4    00000034     rtsv7M4_T_le_eabi.lib : feraiseexcept.obj (.text)
                  2000fdf8    00000034     sysbios.aem4 : BIOS.obj (.text:ti_sysbios_family_arm_m3_Hwi_excNmi__I)
                  2000fe2c    00000004     --HOLE-- [fill = 0]
                  2000fe30    00000034                  : BIOS.obj (.text:ti_sysbios_family_arm_m3_Timer_periodicStub__I)
                  2000fe64    00000004     --HOLE-- [fill = 0]
                  2000fe68    00000034                  : BIOS.obj (.text:ti_sysbios_hal_Hwi_checkStack)
                  2000fe9c    00000034     app_pem4.oem4 (.text:ti_sysbios_knl_Semaphore_create)
                  2000fed0    00000034     ti.targets.arm.rtsarm.aem4 : Core-label.oem4 (.text:xdc_runtime_Core_assignLabel__I)
                  2000ff04    00000033                                : Text.oem4 (.text:xdc_runtime_Text_printVisFxn__I)
                  2000ff37    00000001     --HOLE-- [fill = 0]
                  2000ff38    00000032     sysbios.aem4 : BIOS.obj (.text:ti_sysbios_hal_Hwi_initStack)
                  2000ff6a    00000006     ti.targets.arm.rtsarm.aem4 : xdc_noinit.oem4 (.text:__xdc__init)
                  2000ff70    00000032     sysbios.aem4 : BIOS.obj (.text:ti_sysbios_knl_Semaphore_pendTimeout__I)
                  2000ffa2    00000030     driverlib.a : pin.obj (.text:PinTypeGPIO)
                  2000ffd2    00000002     --HOLE-- [fill = 0]
                  2000ffd4    00000030                 : uart.obj (.text:UARTDisable)
                  20010004    00000030     simplelink.a : device.obj (.text:_SlDrvDeviceEventHandler)
                  20010034    00000030     rtsv7M4_T_le_eabi.lib : strncpy.obj (.text)
                  20010064    00000030                           : xferaise.obj (.text)
                  20010094    00000030     simplelink.a : socket.obj (.text:sl_Close)
                  200100c4    00000030                  : wlan.obj (.text:sl_WlanProfileDel)
                  200100f4    00000030                  : wlan.obj (.text:sl_WlanSetMode)
                  20010124    00000030     app_pem4.oem4 (.text:ti_sysbios_BIOS_atExitFunc__I)
                  20010154    00000030     app_pem4.oem4 (.text:ti_sysbios_gates_GateHwi_Object__create__S)
                  20010184    00000030     app_pem4.oem4 (.text:ti_sysbios_gates_GateMutex_Object__create__S)
                  200101b4    00000030     app_pem4.oem4 (.text:ti_sysbios_heaps_HeapMem_Object__create__S)
                  200101e4    00000030     app_pem4.oem4 (.text:ti_sysbios_knl_Semaphore_construct)
                  20010214    00000030     ti.targets.arm.rtsarm.aem4 : SysMin.oem4 (.text:xdc_runtime_SysMin_abort__E)
                  20010244    00000030                                : System.oem4 (.text:xdc_runtime_System_processAtExit__E)
                  20010274    0000002e     app_pem4.oem4 (.text:malloc)
                  200102a2    0000002e     rtsv7M4_T_le_eabi.lib : i_tofd_t2.obj (.text)
                  200102d0    0000002e                           : raise.obj (.text)
                  200102fe    00000002     --HOLE-- [fill = 0]
                  20010300    0000002c     simplelink.a : cc_pal.obj (.text:DmaSpiSwIntHandler)
                  2001032c    0000002c                  : cc_pal.obj (.text:NwpPowerOn)
                  20010358    0000002c     driverlib.a : prcm.obj (.text:PRCMSysResetCauseGet)
                  20010384    00000004     --HOLE-- [fill = 0]
                  20010388    0000002c     sysbios.aem4 : BIOS.obj (.text:ti_sysbios_family_arm_m3_Hwi_Instance_finalize__E)
                  200103b4    0000002c     app_pem4.oem4 (.text:ti_sysbios_knl_Clock_doTick__I)
                  200103e0    0000002c     app_pem4.oem4 (.text:ti_sysbios_knl_Queue_construct)
                  2001040c    00000004     --HOLE-- [fill = 0]
                  20010410    0000002c     sysbios.aem4 : BIOS.obj (.text:ti_sysbios_knl_Task_restore__E)
                  2001043c    0000002c     ti.targets.arm.rtsarm.aem4 : Text.oem4 (.text:xdc_runtime_Text_cordText__E)
                  20010468    0000002a     rtsv7M4_T_le_eabi.lib : xdclass.obj (.text)
                  20010492    0000002a     ti.targets.arm.rtsarm.aem4 : System.oem4 (.text:xdc_runtime_System_putchar__I)
                  200104bc    00000028     driverlib.a : prcm.obj (.text:PRCMPeripheralClkDisable)
                  200104e4    00000004     --HOLE-- [fill = 0]
                  200104e8    00000028     sysbios.aem4 : BIOS.obj (.text:ti_sysbios_knl_Swi_Module_startup__E)
                  20010510    00000028     ti.targets.arm.rtsarm.aem4 : LoggerBuf.oem4 (.text:xdc_runtime_LoggerBuf_Module_startup__E)
                  20010538    00000026     simplelink.a : cc_pal.obj (.text:NwpRegisterInterruptHandler)
                  2001055e    00000026     ti.targets.arm.rtsarm.aem4 : System.oem4 (.text:xdc_runtime_System_avprintf__E)
                  20010584    00000024     driverlib.a : uart.obj (.text:UARTEnable)
                  200105a8    00000024     simplelink.a : driver.obj (.text:_SlDrvProtectionObjLockWaitForever)
                  200105cc    00000024     rtsv7M4_T_le_eabi.lib : memmov.obj (.text)
                  200105f0    00000024     app_pem4.oem4 (.text:ti_sysbios_BIOS_errorRaiseHook__I)
                  20010614    00000024     app_pem4.oem4 (.text:ti_sysbios_BIOS_registerRTSLock__I)
                  20010638    00000024     app_pem4.oem4 (.text:ti_sysbios_BIOS_removeRTSLock__I)
                  2001065c    00000024     app_pem4.oem4 (.text:ti_sysbios_BIOS_startFunc__I)
                  20010680    00000024     sysbios.aem4 : BIOS.obj (.text:ti_sysbios_family_arm_m3_Hwi_doTaskRestore__I)
                  200106a4    00000004     --HOLE-- [fill = 0]
                  200106a8    00000024                  : BIOS.obj (.text:ti_sysbios_family_arm_m3_Timer_startup__E)
                  200106cc    00000024     app_pem4.oem4 (.text:ti_sysbios_gates_GateMutex_Object__delete__S)
                  200106f0    00000024     sysbios.aem4 : BIOS.obj (.text:ti_sysbios_knl_Clock_Module_startup__E)
                  20010714    00000024     app_pem4.oem4 (.text:ti_sysbios_knl_Semaphore_Object__delete__S)
                  20010738    00000024     ti.targets.arm.rtsarm.aem4 : System.oem4 (.text:xdc_runtime_System_vprintf__E)
                  2001075c    00000022     driverlib.a : spi.obj (.text:SPIReset)
                  2001077e    00000022                 : spi.obj (.text:SPIWordCountSet)
                  200107a0    00000022     rtsv7M4_T_le_eabi.lib : frexp.obj (.text)
                  200107c2    00000022     app_pem4.oem4 (.text:xdc_runtime_SysMin_output__I)
                  200107e4    00000020     driverlib.a : gpio.obj (.text:GPIOPinWrite)
                  20010804    00000020                 : interrupt.obj (.text:IntRegister)
                  20010824    00000020     simplelink.a : driver.obj (.text:_SlDrvProtectionObjUnLock)
                  20010844    00000020     app_pem4.oem4 (.text:ti_sysbios_BIOS_rtsLock__I)
                  20010864    00000020     app_pem4.oem4 (.text:ti_sysbios_family_arm_m3_Hwi_Object__delete__S)
                  20010884    00000020     sysbios.aem4 : m3_Hwi_asm.obj (.text:ti_sysbios_family_arm_m3_Hwi_excHandlerAsm__I)
                  200108a4    00000004     --HOLE-- [fill = 0]
                  200108a8    00000020                  : BIOS.obj (.text:ti_sysbios_family_arm_m3_Hwi_excHandler__I)
                  200108c8    00000020                  : BIOS.obj (.text:ti_sysbios_family_arm_m3_TimestampProvider_Module_startup__E)
                  200108e8    00000020     app_pem4.oem4 (.text:ti_sysbios_gates_GateHwi_Object__delete__S)
                  20010908    00000020     app_pem4.oem4 (.text:ti_sysbios_heaps_HeapMem_Object__delete__S)
                  20010928    00000020     sysbios.aem4 : BIOS.obj (.text:ti_sysbios_knl_Idle_run__E)
                  20010948    00000020     app_pem4.oem4 (.text:ti_sysbios_knl_Mailbox_Object__delete__S)
                  20010968    00000020     app_pem4.oem4 (.text:ti_sysbios_knl_Semaphore_Object__destruct__S)
                  20010988    00000020     app_pem4.oem4 (.text:ti_sysbios_knl_Task_Object__delete__S)
                  200109a8    00000020     app_pem4.oem4 (.text:xdc_runtime_LoggerBuf_Object__delete__S)
                  200109c8    00000020     ti.targets.arm.rtsarm.aem4 : LoggerBuf.oem4 (.text:xdc_runtime_LoggerBuf_reset__E)
                  200109e8    00000020                                : Registry.oem4 (.text:xdc_runtime_Registry_findById__E)
                  20010a08    00000020                                : SysMin.oem4 (.text:xdc_runtime_SysMin_Module_startup__E)
                  20010a28    0000001e     driverlib.a : uart.obj (.text:UARTCharPut)
                  20010a46    0000001e                 : uart.obj (.text:UARTIntRegister)
                  20010a64    0000001e                 : uart.obj (.text:UARTIntStatus)
                  20010a82    0000001e     simplelink.a : cc_pal.obj (.text:cc_UDMAChannelSelect)
                  20010aa0    0000001e     sysbios.aem4 : m3_Hwi_asm_switch.obj (.text:ti_sysbios_family_xxx_Hwi_switchAndRunFunc)
                  20010abe    0000001c     driverlib.a : uart.obj (.text:UARTCharGetNonBlocking)
                  20010ada    0000001c     simplelink.a : driver.obj (.text:_SlDrvObjLockWaitForever)
                  20010af6    0000001c                  : driver.obj (.text:_SlDrvSyncObjWaitForever)
                  20010b12    0000001c     rtsv7M4_T_le_eabi.lib : memccpy.obj (.text)
                  20010b2e    00000002     --HOLE-- [fill = 0]
                  20010b30    0000001c     sysbios.aem4 : BIOS.obj (.text:ti_sysbios_family_arm_m3_Hwi_setPriority__E)
                  20010b4c    00000004     --HOLE-- [fill = 0]
                  20010b50    0000001c                  : BIOS.obj (.text:ti_sysbios_gates_GateMutex_Instance_init__E)
                  20010b6c    0000001c     app_pem4.oem4 (.text:ti_sysbios_knl_Queue_Object__destruct__S)
                  20010b88    0000001c     sysbios.aem4 : BIOS.obj (.text:ti_sysbios_knl_Task_enter__I)
                  20010ba4    0000001c     driverlib.a : udma.obj (.text:uDMAChannelEnable)
                  20010bc0    0000001c     ti.targets.arm.rtsarm.aem4 : Error.oem4 (.text:xdc_runtime_Error_raiseX__E)
                  20010bdc    0000001c                                : Memory.oem4 (.text:xdc_runtime_Memory_valloc__E)
                  20010bf8    0000001c                                : SysMin.oem4 (.text:xdc_runtime_SysMin_exit__E)
                  20010c14    0000001c                                : System.oem4 (.text:xdc_runtime_System_abort__E)
                  20010c30    0000001a     driverlib.a : gpio.obj (.text:GPIOIntEnable)
                  20010c4a    0000001a                 : pin.obj (.text:PinTypeUART)
                  20010c64    0000001a                 : spi.obj (.text:SPIDmaDisable)
                  20010c7e    0000001a                 : spi.obj (.text:SPIDmaEnable)
                  20010c98    0000001a                 : spi.obj (.text:SPIFIFODisable)
                  20010cb2    0000001a                 : spi.obj (.text:SPIFIFOEnable)
                  20010ccc    0000001a     app_pem4.oem4 (.text:ti_sysbios_family_arm_m3_Hwi_Handle__label__S)
                  20010ce6    0000001a     sysbios.aem4 : m3_Hwi_asm.obj (.text:ti_sysbios_family_arm_m3_Hwi_pendSV__I)
                  20010d00    0000001a     app_pem4.oem4 (.text:ti_sysbios_gates_GateHwi_Handle__label__S)
                  20010d1a    0000001a     app_pem4.oem4 (.text:ti_sysbios_gates_GateMutex_Handle__label__S)
                  20010d34    0000001a     app_pem4.oem4 (.text:ti_sysbios_heaps_HeapMem_Handle__label__S)
                  20010d4e    0000001a     app_pem4.oem4 (.text:ti_sysbios_knl_Swi_Handle__label__S)
                  20010d68    0000001a     app_pem4.oem4 (.text:ti_sysbios_knl_Task_Handle__label__S)
                  20010d82    00000006     rtsv7M4_T_le_eabi.lib : copy_decompress_rle.obj (.text:decompress:rle24)
                  20010d88    0000001a     sysbios.aem4 : BIOS.obj (.text:ti_sysbios_knl_Task_sleepTimeout__I)
                  20010da2    0000001a     app_pem4.oem4 (.text:xdc_runtime_LoggerBuf_Handle__label__S)
                  20010dbc    0000001a     app_pem4.oem4 (.text:xdc_runtime_System_aprintf__E)
                  20010dd6    0000001a     app_pem4.oem4 (.text:xdc_runtime_System_printf__E)
                  20010df0    00000018     driverlib.a : gpio.obj (.text:GPIOPinRead)
                  20010e08    00000018                 : spi.obj (.text:SPICSDisable)
                  20010e20    00000018                 : spi.obj (.text:SPICSEnable)
                  20010e38    00000018                 : spi.obj (.text:SPIDisable)
                  20010e50    00000018                 : spi.obj (.text:SPIEnable)
                  20010e68    00000018                 : uart.obj (.text:UARTCharsAvail)
                  20010e80    00000018                 : uart.obj (.text:UARTIntEnable)
                  20010e98    00000018     simplelink.a : driver.obj (.text:_SlDrvObjUnLock)
                  20010eb0    00000018                  : driver.obj (.text:_SlDrvSyncObjSignal)
                  20010ec8    00000018                  : device.obj (.text:_sl_GetStartResponseConvert)
                  20010ee0    00000018     app_pem4.oem4 (.text:free)
                  20010ef8    00000018     rtsv7M4_T_le_eabi.lib : args_main.obj (.text)
                  20010f10    00000018                           : strcmp.obj (.text)
                  20010f28    00000018     app_pem4.oem4 (.text:ti_sysbios_BIOS_rtsUnlock__I)
                  20010f40    00000018     app_pem4.oem4 (.text:ti_sysbios_family_arm_m3_Hwi_Module__startupDone__F)
                  20010f58    00000018     app_pem4.oem4 (.text:ti_sysbios_family_arm_m3_Timer_Module__startupDone__F)
                  20010f70    00000018     sysbios.aem4 : BIOS.obj (.text:ti_sysbios_gates_GateMutex_leave__E)
                  20010f88    00000018     ti.targets.arm.rtsarm.aem4 : Error.oem4 (.text:xdc_runtime_Error_check__E)
                  20010fa0    00000018                                : System.oem4 (.text:xdc_runtime_System_exit__E)
                  20010fb8    00000018                                : Text.oem4 (.text:xdc_runtime_Text_ropeText__E)
                  20010fd0    00000016     driverlib.a : prcm.obj (.text:PRCMHIBRegRead)
                  20010fe6    00000016                 : prcm.obj (.text:PRCMHIBRegWrite)
                  20010ffc    00000016     simplelink.a : driver.obj (.text:_SlDrvMemZero)
                  20011012    00000016     rtsv7M4_T_le_eabi.lib : strchr.obj (.text)
                  20011028    00000016     app_pem4.oem4 (.text:ti_sysbios_BIOS_exitFunc__I)
                  2001103e    00000014     driverlib.a : cpu.obj (.text:CPUcpsie)
                  20011052    00000014                 : gpio.obj (.text:GPIOIntClear)
                  20011066    00000002     --HOLE-- [fill = 0]
                  20011068    00000014     rtsv7M4_T_le_eabi.lib : _lock.obj (.text)
                  2001107c    00000014                           : strcpy.obj (.text)
                  20011090    00000014                           : strlen.obj (.text)
                  200110a4    00000014     app_pem4.oem4 (.text:ti_sysbios_family_arm_m3_Hwi_Object__get__S)
                  200110b8    00000014     sysbios.aem4 : BIOS.obj (.text:ti_sysbios_family_arm_m3_Hwi_switchFromBootStack__E)
                  200110cc    00000014     app_pem4.oem4 (.text:ti_sysbios_heaps_HeapMem_Object__get__S)
                  200110e0    00000014     app_pem4.oem4 (.text:ti_sysbios_knl_Swi_Object__get__S)
                  200110f4    00000014     app_pem4.oem4 (.text:xdc_runtime_LoggerBuf_Object__get__S)
                  20011108    00000012     driverlib.a : uart.obj (.text:UARTIntClear)
                  2001111a    00000006     ti.targets.arm.rtsarm.aem4 : System.oem4 (.text:xdc_runtime_System_Module_startup__E)
                  20011120    00000012     sysbios.aem4 : BIOS.obj (.text:ti_sysbios_hal_Hwi_Module_startup__E)
                  20011132    00000006     --HOLE-- [fill = 0]
                  20011138    00000012                  : BIOS.obj (.text:ti_sysbios_hal_Timer_Module_startup__E)
                  2001114a    00000012     ti.targets.arm.rtsarm.aem4 : LoggerBuf.oem4 (.text:xdc_runtime_LoggerBuf_Instance_finalize__E)
                  2001115c    00000012                                : LoggerBuf.oem4 (.text:xdc_runtime_LoggerBuf_write1__E)
                  2001116e    00000012                                : LoggerBuf.oem4 (.text:xdc_runtime_LoggerBuf_write2__E)
                  20011180    00000012     app_pem4.oem4 (.text:xdc_runtime_Startup_exec__I)
                  20011192    00000006     --HOLE-- [fill = 0]
                  20011198    00000010     sysbios.aem4 : BIOS.obj (.text:ti_sysbios_BIOS_setThreadType__E)
                  200111a8    00000010                  : BIOS.obj (.text:ti_sysbios_BIOS_start__E)
                  200111b8    00000010                  : BIOS.obj (.text:ti_sysbios_family_arm_m3_Hwi_getHandle__E)
                  200111c8    00000010                  : m3_TaskSupport_asm.obj (.text:ti_sysbios_family_arm_m3_TaskSupport_glue)
                  200111d8    00000010                  : m3_TaskSupport_asm.obj (.text:ti_sysbios_family_arm_m3_TaskSupport_swap__E)
                  200111e8    00000010                  : BIOS.obj (.text:ti_sysbios_gates_GateMutex_Instance_finalize__E)
                  200111f8    00000010     app_pem4.oem4 (.text:ti_sysbios_knl_Mailbox_Object__get__S)
                  20011208    00000010     sysbios.aem4 : BIOS.obj (.text:ti_sysbios_knl_Semaphore_Instance_finalize__E)
                  20011218    00000010                  : BIOS.obj (.text:ti_sysbios_knl_Swi_disable__E)
                  20011228    00000010     app_pem4.oem4 (.text:ti_sysbios_knl_Task_Object__get__S)
                  20011238    00000010     sysbios.aem4 : BIOS.obj (.text:ti_sysbios_knl_Task_disable__E)
                  20011248    00000010     ti.targets.arm.rtsarm.aem4 : Gate.oem4 (.text:xdc_runtime_Gate_leaveSystem__E)
                  20011258    00000010                                : LoggerBuf.oem4 (.text:xdc_runtime_LoggerBuf_write0__E)
                  20011268    00000010                                : Memory.oem4 (.text:xdc_runtime_Memory_free__E)
                  20011278    00000010                                : SysMin.oem4 (.text:xdc_runtime_SysMin_ready__E)
                  20011288    00000010                                : System.oem4 (.text:xdc_runtime_System_vsnprintf__E)
                  20011298    00000010     app_pem4.oem4 (.text:xdc_runtime_Text_visitRope__I)
                  200112a8    0000000e     simplelink.a : driver.obj (.text:_SlDrvResetCmdExt)
                  200112b6    0000000e     rtsv7M4_T_le_eabi.lib : copy_decompress_none.obj (.text:decompress:none)
                  200112c4    00000004     --HOLE-- [fill = 0]
                  200112c8    0000000e     sysbios.aem4 : BIOS.obj (.text:ti_sysbios_knl_Idle_loop__E)
                  200112d6    00000002     --HOLE-- [fill = 0]
                  200112d8    0000000e                  : BIOS.obj (.text:ti_sysbios_knl_Queue_empty__E)
                  200112e6    00000002     --HOLE-- [fill = 0]
                  200112e8    0000000c     simplelink.a : cc_pal.obj (.text:NwpMaskInterrupt)
                  200112f4    0000000c                  : cc_pal.obj (.text:NwpUnMaskInterrupt)
                  20011300    0000000c     rtsv7M4_T_le_eabi.lib : copy_zero_init.obj (.text:decompress:ZI)
                  2001130c    0000000c     simplelink.a : wlan.obj (.text:sl_WlanDisconnect)
                  20011318    0000000c     app_pem4.oem4 (.text:ti_sysbios_family_arm_m3_Hwi_Params__init__S)
                  20011324    00000004     --HOLE-- [fill = 0]
                  20011328    0000000c     sysbios.aem4 : BIOS.obj (.text:ti_sysbios_family_arm_m3_Hwi_disableFxn__E)
                  20011334    00000004     --HOLE-- [fill = 0]
                  20011338    0000000c                  : BIOS.obj (.text:ti_sysbios_family_arm_m3_TaskSupport_checkStack__E)
                  20011344    00000004     --HOLE-- [fill = 0]
                  20011348    0000000c                  : BIOS.obj (.text:ti_sysbios_family_arm_m3_TaskSupport_getStackAlignment__E)
                  20011354    00000004     --HOLE-- [fill = 0]
                  20011358    0000000c                  : BIOS.obj (.text:ti_sysbios_gates_GateHwi_enter__E)
                  20011364    0000000c     app_pem4.oem4 (.text:ti_sysbios_knl_Queue_Object__get__S)
                  20011370    0000000c     app_pem4.oem4 (.text:ti_sysbios_knl_Semaphore_Params__init__S)
                  2001137c    0000000c     app_pem4.oem4 (.text:ti_sysbios_knl_Task_Params__init__S)
                  20011388    0000000c     ti.targets.arm.rtsarm.aem4 : Error.oem4 (.text:xdc_runtime_Error_init__E)
                  20011394    0000000c                                : Gate.oem4 (.text:xdc_runtime_Gate_enterSystem__E)
                  200113a0    0000000c                                : Memory.oem4 (.text:xdc_runtime_Memory_calloc__E)
                  200113ac    0000000c                                : Memory.oem4 (.text:xdc_runtime_Memory_getMaxDefaultTypeAlign__E)
                  200113b8    0000000a     driverlib.a : interrupt.obj (.text:IntMasterEnable)
                  200113c2    0000000a     app_pem4.oem4 (.text:xdc_runtime_IHeap_alloc)
                  200113cc    0000000a     app_pem4.oem4 (.text:xdc_runtime_IHeap_free)
                  200113d6    0000000a     ti.targets.arm.rtsarm.aem4 : LoggerBuf.oem4 (.text:xdc_runtime_LoggerBuf_disable__E)
                  200113e0    0000000a                                : LoggerBuf.oem4 (.text:xdc_runtime_LoggerBuf_enable__E)
                  200113ea    00000006     --HOLE-- [fill = 0]
                  200113f0    00000008     sysbios.aem4 : BIOS.obj (.text:ti_sysbios_family_arm_m3_Hwi_doSwiRestore__I)
                  200113f8    00000008                  : BIOS.obj (.text:ti_sysbios_family_arm_m3_Hwi_startup__E)
                  20011400    00000006                  : BIOS.obj (.text:ti_sysbios_family_arm_m3_Hwi_restoreFxn__E)
                  20011406    00000002     --HOLE-- [fill = 0]
                  20011408    00000006                  : BIOS.obj (.text:ti_sysbios_gates_GateHwi_leave__E)
                  2001140e    00000002     --HOLE-- [fill = 0]
                  20011410    00000006                  : BIOS.obj (.text:ti_sysbios_heaps_HeapMem_isBlocking__E)
                  20011416    00000002     --HOLE-- [fill = 0]
                  20011418    00000006                  : BIOS.obj (.text:ti_sysbios_knl_Queue_Instance_init__E)
                  2001141e    00000002     --HOLE-- [fill = 0]
                  20011420    00000004                  : BIOS.obj (.text:ti_sysbios_family_arm_m3_Timer_getMaxTicks__E)
                  20011424    00000004     --HOLE-- [fill = 0]
                  20011428    00000004                  : BIOS.obj (.text:ti_sysbios_gates_GateHwi_query__E)
                  2001142c    00000004     --HOLE-- [fill = 0]
                  20011430    00000004                  : BIOS.obj (.text:ti_sysbios_gates_GateMutex_query__E)
                  20011434    00000004     --HOLE-- [fill = 0]
                  20011438    00000004                  : BIOS.obj (.text:ti_sysbios_knl_Task_startup__E)
                  2001143c    00000004     --HOLE-- [fill = 0]
                  20011440    00000002                  : BIOS.obj (.text:ti_sysbios_gates_GateHwi_Instance_init__E)

.const     0    20011444    00002510     
                  20011444    00001866     app_pem4.oem4 (.const:xdc_runtime_Text_charTab__A)
                  20012caa    00000101     rtsv7M4_T_le_eabi.lib : ctype.obj (.const:.string:_ctypes_)
                  20012dab    00000001     app_pem4.oem4 (.const:xdc_runtime_Error_policy__C)
                  20012dac    00000100     driverlib.a : pin.obj (.const:g_ulPinToPadMap)
                  20012eac    000000b8     app_pem4.oem4 (.const:xdc_runtime_Text_nodeTab__A)
                  20012f64    000000a8     driverlib.a : prcm.obj (.const:PRCM_PeriphRegsList)
                  2001300c    00000080                 : interrupt.obj (.const)
                  2001308c    00000048     app_pem4.oem4 (.const:.string)
                  200130d4    0000003c     simplelink.a : driver.obj (.const:OpcodeTranslateTable)
                  20013110    0000003c                  : wlan.obj (.const)
                  2001314c    0000003c     app_pem4.oem4 (.const:ti_sysbios_knl_Task_Object__PARAMS__C)
                  20013188    0000003c     app_pem4.oem4 (.const:xdc_runtime_LoggerBuf_Module__FXNS__C)
                  200131c4    00000038     simplelink.a : driver.obj (.const:_SlActionLookupTable)
                  200131fc    00000034                  : driver.obj (.const)
                  20013230    00000034                  : socket.obj (.const)
                  20013264    00000034     app_pem4.oem4 (.const:ti_sysbios_knl_Mailbox_Object__PARAMS__C)
                  20013298    00000030     app_pem4.oem4 (.const:ti_sysbios_family_arm_m3_Hwi_Object__PARAMS__C)
                  200132c8    00000030     app_pem4.oem4 (.const:xdc_runtime_Startup_sfxnTab__A)
                  200132f8    0000002c     main.obj (.const:$P$T1$2)
                  20013324    0000002a     sniff.obj (.const:.string)
                  2001334e    00000028     simplelink.a : netapp.obj (.const)
                  20013376    00000002     app_pem4.oem4 (.const:ti_sysbios_family_arm_m3_Hwi_Module__id__C)
                  20013378    00000028     app_pem4.oem4 (.const:ti_sysbios_heaps_HeapMem_Module__FXNS__C)
                  200133a0    00000024     app_pem4.oem4 (.const:ti_sysbios_gates_GateHwi_Module__FXNS__C)
                  200133c4    00000024     app_pem4.oem4 (.const:ti_sysbios_gates_GateMutex_Module__FXNS__C)
                  200133e8    00000024     app_pem4.oem4 (.const:ti_sysbios_heaps_HeapMem_Object__PARAMS__C)
                  2001340c    00000024     app_pem4.oem4 (.const:ti_sysbios_knl_Semaphore_Object__PARAMS__C)
                  20013430    00000024     app_pem4.oem4 (.const:xdc_runtime_LoggerBuf_Object__PARAMS__C)
                  20013454    00000022     main.obj (.const:.string:$P$T0$1)
                  20013476    00000002     app_pem4.oem4 (.const:ti_sysbios_family_arm_m3_Hwi_Module__loggerDefined__C)
                  20013478    00000020     app_pem4.oem4 (.const:ti_sysbios_family_arm_m3_Hwi_Object__DESC__C)
                  20013498    00000020     app_pem4.oem4 (.const:ti_sysbios_gates_GateHwi_Object__DESC__C)
                  200134b8    00000020     app_pem4.oem4 (.const:ti_sysbios_gates_GateMutex_Object__DESC__C)
                  200134d8    00000020     app_pem4.oem4 (.const:ti_sysbios_heaps_HeapMem_Object__DESC__C)
                  200134f8    00000020     app_pem4.oem4 (.const:ti_sysbios_knl_Mailbox_Object__DESC__C)
                  20013518    00000020     app_pem4.oem4 (.const:ti_sysbios_knl_Queue_Object__DESC__C)
                  20013538    00000020     app_pem4.oem4 (.const:ti_sysbios_knl_Semaphore_Object__DESC__C)
                  20013558    00000020     app_pem4.oem4 (.const:ti_sysbios_knl_Task_Object__DESC__C)
                  20013578    00000020     app_pem4.oem4 (.const:xdc_runtime_LoggerBuf_Object__DESC__C)
                  20013598    00000018     driverlib.a : spi.obj (.const)
                  200135b0    00000018     app_pem4.oem4 (.const:ti_sysbios_gates_GateHwi_Object__PARAMS__C)
                  200135c8    00000018     app_pem4.oem4 (.const:ti_sysbios_gates_GateMutex_Object__PARAMS__C)
                  200135e0    00000018     app_pem4.oem4 (.const:ti_sysbios_knl_Queue_Object__PARAMS__C)
                  200135f8    00000018     app_pem4.oem4 (.const:xdc_runtime_Startup_sfxnRts__A)
                  20013610    00000015     main.obj (.const:.string)
                  20013625    00000014     main.obj (.const)
                  20013639    00000001     --HOLE-- [fill = 0]
                  2001363a    00000014     simplelink.a : device.obj (.const)
                  2001364e    00000011     ti.targets.arm.rtsarm.aem4 : System.oem4 (.const:.string)
                  2001365f    00000001     --HOLE-- [fill = 0]
                  20013660    00000010     driverlib.a : uart.obj (.const)
                  20013670    0000000c     app_pem4.oem4 (.const:xdc_runtime_Startup_firstFxns__A)
                  2001367c    00000008     simplelink.a : device.obj (.const:.string)
                  20013684    00000008                  : netcfg.obj (.const)
                  2001368c    00000008     app_pem4.oem4 (.const:ti_sysbios_family_arm_m3_Hwi_excHookFuncs__A)
                  20013694    00000008     app_pem4.oem4 (.const:ti_sysbios_knl_Idle_funcList__C)
                  2001369c    00000008     app_pem4.oem4 (.const:xdc_runtime_Startup_firstFxns__C)
                  200136a4    00000008     app_pem4.oem4 (.const:xdc_runtime_Startup_lastFxns__C)
                  200136ac    00000004     app_pem4.oem4 (.const:ti_sysbios_family_arm_m3_Hwi_E_NMI__C)
                  200136b0    00000004     app_pem4.oem4 (.const:ti_sysbios_family_arm_m3_Hwi_E_alreadyDefined__C)
                  200136b4    00000004     app_pem4.oem4 (.const:ti_sysbios_family_arm_m3_Hwi_E_busFault__C)
                  200136b8    00000004     app_pem4.oem4 (.const:ti_sysbios_family_arm_m3_Hwi_E_debugMon__C)
                  200136bc    00000004     app_pem4.oem4 (.const:ti_sysbios_family_arm_m3_Hwi_E_hardFault__C)
                  200136c0    00000004     app_pem4.oem4 (.const:ti_sysbios_family_arm_m3_Hwi_E_memFault__C)
                  200136c4    00000004     app_pem4.oem4 (.const:ti_sysbios_family_arm_m3_Hwi_E_noIsr__C)
                  200136c8    00000004     app_pem4.oem4 (.const:ti_sysbios_family_arm_m3_Hwi_E_reserved__C)
                  200136cc    00000004     app_pem4.oem4 (.const:ti_sysbios_family_arm_m3_Hwi_E_svCall__C)
                  200136d0    00000004     app_pem4.oem4 (.const:ti_sysbios_family_arm_m3_Hwi_E_usageFault__C)
                  200136d4    00000004     app_pem4.oem4 (.const:ti_sysbios_family_arm_m3_Hwi_LD_end__C)
                  200136d8    00000004     app_pem4.oem4 (.const:ti_sysbios_family_arm_m3_Hwi_LM_begin__C)
                  200136dc    00000004     app_pem4.oem4 (.const:ti_sysbios_family_arm_m3_Hwi_Module__diagsEnabled__C)
                  200136e0    00000004     app_pem4.oem4 (.const:ti_sysbios_family_arm_m3_Hwi_Module__diagsIncluded__C)
                  200136e4    00000004     app_pem4.oem4 (.const:ti_sysbios_family_arm_m3_Hwi_Module__diagsMask__C)
                  200136e8    00000004     app_pem4.oem4 (.const:ti_sysbios_family_arm_m3_Hwi_Module__loggerFxn1__C)
                  200136ec    00000004     app_pem4.oem4 (.const:ti_sysbios_family_arm_m3_Hwi_Module__loggerFxn8__C)
                  200136f0    00000004     app_pem4.oem4 (.const:ti_sysbios_family_arm_m3_Hwi_Module__loggerObj__C)
                  200136f4    00000004     app_pem4.oem4 (.const:ti_sysbios_family_arm_m3_Hwi_NUM_INTERRUPTS__C)
                  200136f8    00000004     app_pem4.oem4 (.const:ti_sysbios_family_arm_m3_Hwi_Object__count__C)
                  200136fc    00000004     app_pem4.oem4 (.const:ti_sysbios_family_arm_m3_Hwi_ccr__C)
                  20013700    00000004     app_pem4.oem4 (.const:ti_sysbios_family_arm_m3_Hwi_excHandlerFunc__C)
                  20013704    00000004     app_pem4.oem4 (.const:ti_sysbios_family_arm_m3_Hwi_excHookFuncs__C)
                  20013708    00000004     app_pem4.oem4 (.const:ti_sysbios_family_arm_m3_Hwi_nullIsrFunc__C)
                  2001370c    00000004     app_pem4.oem4 (.const:ti_sysbios_family_arm_m3_Hwi_priGroup__C)
                  20013710    00000004     app_pem4.oem4 (.const:ti_sysbios_family_arm_m3_TaskSupport_stackAlignment__C)
                  20013714    00000004     app_pem4.oem4 (.const:ti_sysbios_family_arm_m3_Timer_E_cannotSupport__C)
                  20013718    00000004     app_pem4.oem4 (.const:ti_sysbios_family_arm_m3_Timer_startupNeeded__C)
                  2001371c    00000004     app_pem4.oem4 (.const:ti_sysbios_gates_GateMutex_A_badContext__C)
                  20013720    00000004     app_pem4.oem4 (.const:ti_sysbios_gates_GateMutex_Instance_State_sem__O)
                  20013724    00000004     app_pem4.oem4 (.const:ti_sysbios_gates_GateMutex_Module__diagsEnabled__C)
                  20013728    00000004     app_pem4.oem4 (.const:ti_sysbios_gates_GateMutex_Module__diagsIncluded__C)
                  2001372c    00000004     app_pem4.oem4 (.const:ti_sysbios_gates_GateMutex_Module__diagsMask__C)
                  20013730    00000004     app_pem4.oem4 (.const:ti_sysbios_hal_Hwi_E_stackOverflow__C)
                  20013734    00000004     app_pem4.oem4 (.const:ti_sysbios_heaps_HeapMem_A_align__C)
                  20013738    00000004     app_pem4.oem4 (.const:ti_sysbios_heaps_HeapMem_A_heapSize__C)
                  2001373c    00000004     app_pem4.oem4 (.const:ti_sysbios_heaps_HeapMem_A_invalidFree__C)
                  20013740    00000004     app_pem4.oem4 (.const:ti_sysbios_heaps_HeapMem_A_zeroBlock__C)
                  20013744    00000004     app_pem4.oem4 (.const:ti_sysbios_heaps_HeapMem_E_memory__C)
                  20013748    00000004     app_pem4.oem4 (.const:ti_sysbios_heaps_HeapMem_Module__diagsEnabled__C)
                  2001374c    00000004     app_pem4.oem4 (.const:ti_sysbios_heaps_HeapMem_Module__diagsIncluded__C)
                  20013750    00000004     app_pem4.oem4 (.const:ti_sysbios_heaps_HeapMem_Module__diagsMask__C)
                  20013754    00000004     app_pem4.oem4 (.const:ti_sysbios_heaps_HeapMem_Module__gateObj__C)
                  20013758    00000004     app_pem4.oem4 (.const:ti_sysbios_heaps_HeapMem_Object__count__C)
                  2001375c    00000004     app_pem4.oem4 (.const:ti_sysbios_heaps_HeapMem_reqAlign__C)
                  20013760    00000004     app_pem4.oem4 (.const:ti_sysbios_knl_Clock_LM_begin__C)
                  20013764    00000004     app_pem4.oem4 (.const:ti_sysbios_knl_Clock_LM_tick__C)
                  20013768    00000004     app_pem4.oem4 (.const:ti_sysbios_knl_Clock_LW_delayed__C)
                  2001376c    00000004     app_pem4.oem4 (.const:ti_sysbios_knl_Clock_Module_State_clockQ__O)
                  20013770    00000004     app_pem4.oem4 (.const:ti_sysbios_knl_Clock_Module__diagsEnabled__C)
                  20013774    00000004     app_pem4.oem4 (.const:ti_sysbios_knl_Clock_Module__diagsIncluded__C)
                  20013778    00000004     app_pem4.oem4 (.const:ti_sysbios_knl_Clock_Module__diagsMask__C)
                  2001377c    00000004     app_pem4.oem4 (.const:ti_sysbios_knl_Clock_Module__loggerFxn1__C)
                  20013780    00000004     app_pem4.oem4 (.const:ti_sysbios_knl_Clock_Module__loggerFxn2__C)
                  20013784    00000004     app_pem4.oem4 (.const:ti_sysbios_knl_Clock_Module__loggerObj__C)
                  20013788    00000004     app_pem4.oem4 (.const:ti_sysbios_knl_Clock_tickPeriod__C)
                  2001378c    00000004     app_pem4.oem4 (.const:ti_sysbios_knl_Idle_funcList__A)
                  20013790    00000004     app_pem4.oem4 (.const:ti_sysbios_knl_Mailbox_A_invalidBufSize__C)
                  20013794    00000004     app_pem4.oem4 (.const:ti_sysbios_knl_Mailbox_Instance_State_dataQue__O)
                  20013798    00000004     app_pem4.oem4 (.const:ti_sysbios_knl_Mailbox_Instance_State_dataSem__O)
                  2001379c    00000004     app_pem4.oem4 (.const:ti_sysbios_knl_Mailbox_Instance_State_freeQue__O)
                  200137a0    00000004     app_pem4.oem4 (.const:ti_sysbios_knl_Mailbox_Instance_State_freeSem__O)
                  200137a4    00000004     app_pem4.oem4 (.const:ti_sysbios_knl_Mailbox_Module__diagsEnabled__C)
                  200137a8    00000004     app_pem4.oem4 (.const:ti_sysbios_knl_Mailbox_Module__diagsIncluded__C)
                  200137ac    00000004     app_pem4.oem4 (.const:ti_sysbios_knl_Mailbox_Module__diagsMask__C)
                  200137b0    00000004     app_pem4.oem4 (.const:ti_sysbios_knl_Mailbox_Object__count__C)
                  200137b4    00000004     app_pem4.oem4 (.const:ti_sysbios_knl_Mailbox_maxTypeAlign__C)
                  200137b8    00000004     app_pem4.oem4 (.const:ti_sysbios_knl_Semaphore_A_badContext__C)
                  200137bc    00000004     app_pem4.oem4 (.const:ti_sysbios_knl_Semaphore_A_noEvents__C)
                  200137c0    00000004     app_pem4.oem4 (.const:ti_sysbios_knl_Semaphore_A_overflow__C)
                  200137c4    00000004     app_pem4.oem4 (.const:ti_sysbios_knl_Semaphore_A_pendTaskDisabled__C)
                  200137c8    00000004     app_pem4.oem4 (.const:ti_sysbios_knl_Semaphore_Instance_State_pendQ__O)
                  200137cc    00000004     app_pem4.oem4 (.const:ti_sysbios_knl_Semaphore_LM_pend__C)
                  200137d0    00000004     app_pem4.oem4 (.const:ti_sysbios_knl_Semaphore_LM_post__C)
                  200137d4    00000004     app_pem4.oem4 (.const:ti_sysbios_knl_Semaphore_Module__diagsEnabled__C)
                  200137d8    00000004     app_pem4.oem4 (.const:ti_sysbios_knl_Semaphore_Module__diagsIncluded__C)
                  200137dc    00000004     app_pem4.oem4 (.const:ti_sysbios_knl_Semaphore_Module__diagsMask__C)
                  200137e0    00000004     app_pem4.oem4 (.const:ti_sysbios_knl_Semaphore_Module__loggerFxn2__C)
                  200137e4    00000004     app_pem4.oem4 (.const:ti_sysbios_knl_Semaphore_Module__loggerFxn4__C)
                  200137e8    00000004     app_pem4.oem4 (.const:ti_sysbios_knl_Semaphore_Module__loggerObj__C)
                  200137ec    00000004     app_pem4.oem4 (.const:ti_sysbios_knl_Swi_LD_end__C)
                  200137f0    00000004     app_pem4.oem4 (.const:ti_sysbios_knl_Swi_LM_begin__C)
                  200137f4    00000004     app_pem4.oem4 (.const:ti_sysbios_knl_Swi_LM_post__C)
                  200137f8    00000004     app_pem4.oem4 (.const:ti_sysbios_knl_Swi_Module__diagsEnabled__C)
                  200137fc    00000004     app_pem4.oem4 (.const:ti_sysbios_knl_Swi_Module__diagsIncluded__C)
                  20013800    00000004     app_pem4.oem4 (.const:ti_sysbios_knl_Swi_Module__diagsMask__C)
                  20013804    00000004     app_pem4.oem4 (.const:ti_sysbios_knl_Swi_Module__loggerFxn1__C)
                  20013808    00000004     app_pem4.oem4 (.const:ti_sysbios_knl_Swi_Module__loggerFxn4__C)
                  2001380c    00000004     app_pem4.oem4 (.const:ti_sysbios_knl_Swi_Module__loggerObj__C)
                  20013810    00000004     app_pem4.oem4 (.const:ti_sysbios_knl_Swi_Object__count__C)
                  20013814    00000004     app_pem4.oem4 (.const:ti_sysbios_knl_Task_A_badPriority__C)
                  20013818    00000004     app_pem4.oem4 (.const:ti_sysbios_knl_Task_A_badTaskState__C)
                  2001381c    00000004     app_pem4.oem4 (.const:ti_sysbios_knl_Task_A_badThreadType__C)
                  20013820    00000004     app_pem4.oem4 (.const:ti_sysbios_knl_Task_A_badTimeout__C)
                  20013824    00000004     app_pem4.oem4 (.const:ti_sysbios_knl_Task_A_noPendElem__C)
                  20013828    00000004     app_pem4.oem4 (.const:ti_sysbios_knl_Task_A_sleepTaskDisabled__C)
                  2001382c    00000004     app_pem4.oem4 (.const:ti_sysbios_knl_Task_E_spOutOfBounds__C)
                  20013830    00000004     app_pem4.oem4 (.const:ti_sysbios_knl_Task_E_stackOverflow__C)
                  20013834    00000004     app_pem4.oem4 (.const:ti_sysbios_knl_Task_LD_block__C)
                  20013838    00000004     app_pem4.oem4 (.const:ti_sysbios_knl_Task_LD_exit__C)
                  2001383c    00000004     app_pem4.oem4 (.const:ti_sysbios_knl_Task_LD_ready__C)
                  20013840    00000004     app_pem4.oem4 (.const:ti_sysbios_knl_Task_LM_sleep__C)
                  20013844    00000004     app_pem4.oem4 (.const:ti_sysbios_knl_Task_LM_switch__C)
                  20013848    00000004     app_pem4.oem4 (.const:ti_sysbios_knl_Task_LM_yield__C)
                  2001384c    00000004     app_pem4.oem4 (.const:ti_sysbios_knl_Task_Module_State_inactiveQ__O)
                  20013850    00000004     app_pem4.oem4 (.const:ti_sysbios_knl_Task_Module__diagsEnabled__C)
                  20013854    00000004     app_pem4.oem4 (.const:ti_sysbios_knl_Task_Module__diagsIncluded__C)
                  20013858    00000004     app_pem4.oem4 (.const:ti_sysbios_knl_Task_Module__diagsMask__C)
                  2001385c    00000004     app_pem4.oem4 (.const:ti_sysbios_knl_Task_Module__loggerFxn2__C)
                  20013860    00000004     app_pem4.oem4 (.const:ti_sysbios_knl_Task_Module__loggerFxn4__C)
                  20013864    00000004     app_pem4.oem4 (.const:ti_sysbios_knl_Task_Module__loggerObj__C)
                  20013868    00000004     app_pem4.oem4 (.const:ti_sysbios_knl_Task_Object__count__C)
                  2001386c    00000004     app_pem4.oem4 (.const:ti_sysbios_knl_Task_allBlockedFunc__C)
                  20013870    00000004     app_pem4.oem4 (.const:ti_sysbios_knl_Task_defaultStackHeap__C)
                  20013874    00000004     app_pem4.oem4 (.const:ti_sysbios_knl_Task_defaultStackSize__C)
                  20013878    00000004     app_pem4.oem4 (.const:ti_sysbios_knl_Task_numConstructedTasks__C)
                  2001387c    00000004     app_pem4.oem4 (.const:xdc_runtime_Assert_E_assertFailed__C)
                  20013880    00000004     app_pem4.oem4 (.const:xdc_runtime_Core_A_initializedParams__C)
                  20013884    00000004     app_pem4.oem4 (.const:xdc_runtime_Core_Module__diagsEnabled__C)
                  20013888    00000004     app_pem4.oem4 (.const:xdc_runtime_Core_Module__diagsIncluded__C)
                  2001388c    00000004     app_pem4.oem4 (.const:xdc_runtime_Core_Module__diagsMask__C)
                  20013890    00000004     app_pem4.oem4 (.const:xdc_runtime_Error_E_memory__C)
                  20013894    00000004     app_pem4.oem4 (.const:xdc_runtime_Error_Module__diagsEnabled__C)
                  20013898    00000004     app_pem4.oem4 (.const:xdc_runtime_Error_Module__diagsIncluded__C)
                  2001389c    00000004     app_pem4.oem4 (.const:xdc_runtime_Error_Module__diagsMask__C)
                  200138a0    00000004     app_pem4.oem4 (.const:xdc_runtime_Error_Module__loggerFxn8__C)
                  200138a4    00000004     app_pem4.oem4 (.const:xdc_runtime_Error_Module__loggerObj__C)
                  200138a8    00000004     app_pem4.oem4 (.const:xdc_runtime_Error_policyFxn__C)
                  200138ac    00000004     app_pem4.oem4 (.const:xdc_runtime_Error_raiseHook__C)
                  200138b0    00000004     app_pem4.oem4 (.const:xdc_runtime_IFilterLogger_Interface__BASE__C)
                  200138b4    00000004     app_pem4.oem4 (.const:xdc_runtime_IGateProvider_Interface__BASE__C)
                  200138b8    00000004     app_pem4.oem4 (.const:xdc_runtime_IHeap_Interface__BASE__C)
                  200138bc    00000004     app_pem4.oem4 (.const:xdc_runtime_ILogger_Interface__BASE__C)
                  200138c0    00000004     app_pem4.oem4 (.const:xdc_runtime_IModule_Interface__BASE__C)
                  200138c4    00000004     app_pem4.oem4 (.const:xdc_runtime_Log_L_error__C)
                  200138c8    00000004     app_pem4.oem4 (.const:xdc_runtime_LoggerBuf_E_badLevel__C)
                  200138cc    00000004     app_pem4.oem4 (.const:xdc_runtime_LoggerBuf_Module__gateObj__C)
                  200138d0    00000004     app_pem4.oem4 (.const:xdc_runtime_LoggerBuf_Object__count__C)
                  200138d4    00000004     app_pem4.oem4 (.const:xdc_runtime_LoggerBuf_statusLogger__C)
                  200138d8    00000004     app_pem4.oem4 (.const:xdc_runtime_Memory_defaultHeapInstance__C)
                  200138dc    00000004     app_pem4.oem4 (.const:xdc_runtime_Startup_execImpl__C)
                  200138e0    00000004     app_pem4.oem4 (.const:xdc_runtime_Startup_maxPasses__C)
                  200138e4    00000004     app_pem4.oem4 (.const:xdc_runtime_Startup_sfxnRts__C)
                  200138e8    00000004     app_pem4.oem4 (.const:xdc_runtime_Startup_sfxnTab__C)
                  200138ec    00000004     app_pem4.oem4 (.const:xdc_runtime_SysMin_bufSize__C)
                  200138f0    00000004     app_pem4.oem4 (.const:xdc_runtime_SysMin_outputFunc__C)
                  200138f4    00000004     app_pem4.oem4 (.const:xdc_runtime_System_Module__gateObj__C)
                  200138f8    00000004     app_pem4.oem4 (.const:xdc_runtime_System_abortFxn__C)
                  200138fc    00000004     app_pem4.oem4 (.const:xdc_runtime_System_exitFxn__C)
                  20013900    00000004     app_pem4.oem4 (.const:xdc_runtime_System_extendFxn__C)
                  20013904    00000004     app_pem4.oem4 (.const:xdc_runtime_System_maxAtexitHandlers__C)
                  20013908    00000004     app_pem4.oem4 (.const:xdc_runtime_Text_charTab__C)
                  2001390c    00000004     app_pem4.oem4 (.const:xdc_runtime_Text_nameEmpty__C)
                  20013910    00000004     app_pem4.oem4 (.const:xdc_runtime_Text_nameStatic__C)
                  20013914    00000004     app_pem4.oem4 (.const:xdc_runtime_Text_nameUnknown__C)
                  20013918    00000004     app_pem4.oem4 (.const:xdc_runtime_Text_nodeTab__C)
                  2001391c    00000004     app_pem4.oem4 (.const:xdc_runtime_Text_visitRopeFxn__C)
                  20013920    00000002     app_pem4.oem4 (.const:ti_sysbios_family_arm_m3_Timer_Module__id__C)
                  20013922    00000002     app_pem4.oem4 (.const:ti_sysbios_family_arm_m3_TimestampProvider_configTimer__C)
                  20013924    00000002     app_pem4.oem4 (.const:ti_sysbios_gates_GateMutex_Module__id__C)
                  20013926    00000002     app_pem4.oem4 (.const:ti_sysbios_hal_Hwi_Module__id__C)
                  20013928    00000002     app_pem4.oem4 (.const:ti_sysbios_heaps_HeapMem_Module__id__C)
                  2001392a    00000002     app_pem4.oem4 (.const:ti_sysbios_knl_Clock_Module__id__C)
                  2001392c    00000002     app_pem4.oem4 (.const:ti_sysbios_knl_Clock_Module__loggerDefined__C)
                  2001392e    00000002     app_pem4.oem4 (.const:ti_sysbios_knl_Mailbox_Module__id__C)
                  20013930    00000002     app_pem4.oem4 (.const:ti_sysbios_knl_Semaphore_Module__id__C)
                  20013932    00000002     app_pem4.oem4 (.const:ti_sysbios_knl_Semaphore_Module__loggerDefined__C)
                  20013934    00000002     app_pem4.oem4 (.const:ti_sysbios_knl_Swi_Module__id__C)
                  20013936    00000002     app_pem4.oem4 (.const:ti_sysbios_knl_Swi_Module__loggerDefined__C)
                  20013938    00000002     app_pem4.oem4 (.const:ti_sysbios_knl_Task_Module__id__C)
                  2001393a    00000002     app_pem4.oem4 (.const:ti_sysbios_knl_Task_Module__loggerDefined__C)
                  2001393c    00000002     app_pem4.oem4 (.const:ti_sysbios_knl_Task_initStackFlag__C)
                  2001393e    00000002     app_pem4.oem4 (.const:xdc_runtime_Core_Module__id__C)
                  20013940    00000002     app_pem4.oem4 (.const:xdc_runtime_Error_Module__loggerDefined__C)
                  20013942    00000002     app_pem4.oem4 (.const:xdc_runtime_Error_maxDepth__C)
                  20013944    00000002     app_pem4.oem4 (.const:xdc_runtime_LoggerBuf_Module__id__C)
                  20013946    00000002     app_pem4.oem4 (.const:xdc_runtime_LoggerBuf_filterByLevel__C)
                  20013948    00000002     app_pem4.oem4 (.const:xdc_runtime_Memory_Module__id__C)
                  2001394a    00000002     app_pem4.oem4 (.const:xdc_runtime_SysMin_flushAtExit__C)
                  2001394c    00000002     app_pem4.oem4 (.const:xdc_runtime_Text_charCnt__C)
                  2001394e    00000002     app_pem4.oem4 (.const:xdc_runtime_Text_isLoaded__C)
                  20013950    00000002     app_pem4.oem4 (.const:xdc_runtime_Text_registryModsLastId__C)
                  20013952    00000002     app_pem4.oem4 (.const:xdc_runtime_Text_unnamedModsLastId__C)

.cinit     0    20013958    000003a0     
                  20013958    00000376     (.cinit..data.load) [load image, compression = rle]
                  20013cce    00000002     --HOLE-- [fill = 0]
                  20013cd0    0000000c     (__TI_handler_table)
                  20013cdc    00000004     --HOLE-- [fill = 0]
                  20013ce0    00000008     (.cinit..bss.load) [load image, compression = zero_init]
                  20013ce8    00000010     (__TI_cinit_table)

.bss       0    20018000    00009c1e     UNINITIALIZED
                  20018000    00008000     app_pem4.oem4 (.bss:ti_sysbios_heaps_HeapMem_Instance_State_0_buf__A)
                  20020000    00000800     app_pem4.oem4 (.bss:taskStackSection)
                  20020800    000005dc     sniff.obj (.bss:acBuffer)
                  20020ddc    00000400     app_pem4.oem4 (.bss:xdc_runtime_LoggerBuf_Instance_State_0_entryArr__A)
                  200211dc    00000400     app_pem4.oem4 (.bss:xdc_runtime_SysMin_Module_State_0_outbuf__A)
                  200215dc    0000030c     app_pem4.oem4 (.bss:ti_sysbios_family_arm_m3_Hwi_dispatchTable)
                  200218e8    00000178     simplelink.a : driver.obj (.bss:g_StatMem)
                  20021a60    00000120     rtsv7M4_T_le_eabi.lib : trgmsg.obj (.bss:__CIOBUF_)
                  20021b80    00000050     simplelink.a : cc_pal.obj (.bss:g_ucDinDout)
                  20021bd0    00000024     main.obj (.bss:g_ucConnectionSSID)
                  20021bf4    00000008     (.common:g_ucConnectionBSSID)
                  20021bfc    00000008     (.common:parmbuf)
                  20021c04    00000004     (.common:DMAMsgQ)
                  20021c08    00000004     (.common:SimpleLinkSpawnTaskHndl)
                  20021c0c    00000004     (.common:__Errorlog)
                  20021c10    00000004     (.common:g_cDummy)
                  20021c14    00000004     (.common:simpleLink_mailbox)
                  20021c18    00000002     (.common:iSoc)
                  20021c1a    00000001     (.common:RxIrqCnt)
                  20021c1b    00000001     (.common:g_ucLED1Pin)
                  20021c1c    00000001     (.common:g_ucLED2Pin)
                  20021c1d    00000001     (.common:g_ucLED3Pin)

.data      0    20021c20    000005a4     UNINITIALIZED
                  20021c20    00000138     app_pem4.oem4 (.data)
                  20021d58    000000b0     rtsv7M4_T_le_eabi.lib : signal.obj (.data:sigtable)
                  20021e08    00000080                           : xvalues.obj (.data)
                  20021e88    00000080     app_pem4.oem4 (.data:ti_sysbios_knl_Swi_Module_State_0_readyQ__A)
                  20021f08    00000080     app_pem4.oem4 (.data:ti_sysbios_knl_Task_Module_State_0_readyQ__A)
                  20021f88    0000004c     app_pem4.oem4 (.data:ti_sysbios_knl_Task_Object__table__V)
                  20021fd4    00000044     app_pem4.oem4 (.data:ti_sysbios_knl_Task_Module__state__V)
                  20022018    00000038     app_pem4.oem4 (.data:ti_sysbios_gates_GateMutex_Object__table__V)
[...]
200136f4  ti_sysbios_family_arm_m3_Hwi_NUM_INTERRUPTS__C              
200136f8  ti_sysbios_family_arm_m3_Hwi_Object__count__C               
200136fc  ti_sysbios_family_arm_m3_Hwi_ccr__C                         
20013700  ti_sysbios_family_arm_m3_Hwi_excHandlerFunc__C              
20013704  ti_sysbios_family_arm_m3_Hwi_excHookFuncs__C                
20013708  ti_sysbios_family_arm_m3_Hwi_nullIsrFunc__C                 
2001370c  ti_sysbios_family_arm_m3_Hwi_priGroup__C                    
20013710  ti_sysbios_family_arm_m3_TaskSupport_stackAlignment__C      
20013714  ti_sysbios_family_arm_m3_Timer_E_cannotSupport__C           
20013718  ti_sysbios_family_arm_m3_Timer_startupNeeded__C             
2001371c  ti_sysbios_gates_GateMutex_A_badContext__C                  
20013720  ti_sysbios_gates_GateMutex_Instance_State_sem__O            
20013724  ti_sysbios_gates_GateMutex_Module__diagsEnabled__C          
20013728  ti_sysbios_gates_GateMutex_Module__diagsIncluded__C         
2001372c  ti_sysbios_gates_GateMutex_Module__diagsMask__C             
20013730  ti_sysbios_hal_Hwi_E_stackOverflow__C                       
20013734  ti_sysbios_heaps_HeapMem_A_align__C                         
20013738  ti_sysbios_heaps_HeapMem_A_heapSize__C                      
2001373c  ti_sysbios_heaps_HeapMem_A_invalidFree__C                   
20013740  ti_sysbios_heaps_HeapMem_A_zeroBlock__C                     
20013744  ti_sysbios_heaps_HeapMem_E_memory__C                        
20013748  ti_sysbios_heaps_HeapMem_Module__diagsEnabled__C            
2001374c  ti_sysbios_heaps_HeapMem_Module__diagsIncluded__C           
20013750  ti_sysbios_heaps_HeapMem_Module__diagsMask__C               
20013754  ti_sysbios_heaps_HeapMem_Module__gateObj__C                 
20013758  ti_sysbios_heaps_HeapMem_Object__count__C                   
2001375c  ti_sysbios_heaps_HeapMem_reqAlign__C                        
20013760  ti_sysbios_knl_Clock_LM_begin__C                            
20013764  ti_sysbios_knl_Clock_LM_tick__C                             
20013768  ti_sysbios_knl_Clock_LW_delayed__C                          
2001376c  ti_sysbios_knl_Clock_Module_State_clockQ__O                 
20013770  ti_sysbios_knl_Clock_Module__diagsEnabled__C                
20013774  ti_sysbios_knl_Clock_Module__diagsIncluded__C               
20013778  ti_sysbios_knl_Clock_Module__diagsMask__C                   
2001377c  ti_sysbios_knl_Clock_Module__loggerFxn1__C                  
20013780  ti_sysbios_knl_Clock_Module__loggerFxn2__C                  
20013784  ti_sysbios_knl_Clock_Module__loggerObj__C                   
20013788  ti_sysbios_knl_Clock_tickPeriod__C                          
2001378c  ti_sysbios_knl_Idle_funcList__A                             
20013790  ti_sysbios_knl_Mailbox_A_invalidBufSize__C                  
20013794  ti_sysbios_knl_Mailbox_Instance_State_dataQue__O            
20013798  ti_sysbios_knl_Mailbox_Instance_State_dataSem__O            
2001379c  ti_sysbios_knl_Mailbox_Instance_State_freeQue__O            
200137a0  ti_sysbios_knl_Mailbox_Instance_State_freeSem__O            
200137a4  ti_sysbios_knl_Mailbox_Module__diagsEnabled__C              
200137a8  ti_sysbios_knl_Mailbox_Module__diagsIncluded__C             
200137ac  ti_sysbios_knl_Mailbox_Module__diagsMask__C                 
200137b0  ti_sysbios_knl_Mailbox_Object__count__C                     
200137b4  ti_sysbios_knl_Mailbox_maxTypeAlign__C                      
200137b8  ti_sysbios_knl_Semaphore_A_badContext__C                    
200137bc  ti_sysbios_knl_Semaphore_A_noEvents__C                      
200137c0  ti_sysbios_knl_Semaphore_A_overflow__C                      
200137c4  ti_sysbios_knl_Semaphore_A_pendTaskDisabled__C              
200137c8  ti_sysbios_knl_Semaphore_Instance_State_pendQ__O            
200137cc  ti_sysbios_knl_Semaphore_LM_pend__C                         
200137d0  ti_sysbios_knl_Semaphore_LM_post__C                         
200137d4  ti_sysbios_knl_Semaphore_Module__diagsEnabled__C            
200137d8  ti_sysbios_knl_Semaphore_Module__diagsIncluded__C           
200137dc  ti_sysbios_knl_Semaphore_Module__diagsMask__C               
200137e0  ti_sysbios_knl_Semaphore_Module__loggerFxn2__C              
200137e4  ti_sysbios_knl_Semaphore_Module__loggerFxn4__C              
200137e8  ti_sysbios_knl_Semaphore_Module__loggerObj__C               
200137ec  ti_sysbios_knl_Swi_LD_end__C                                
200137f0  ti_sysbios_knl_Swi_LM_begin__C                              
200137f4  ti_sysbios_knl_Swi_LM_post__C                               
200137f8  ti_sysbios_knl_Swi_Module__diagsEnabled__C                  
200137fc  ti_sysbios_knl_Swi_Module__diagsIncluded__C                 
20013800  ti_sysbios_knl_Swi_Module__diagsMask__C                     
20013804  ti_sysbios_knl_Swi_Module__loggerFxn1__C                    
20013808  ti_sysbios_knl_Swi_Module__loggerFxn4__C                    
2001380c  ti_sysbios_knl_Swi_Module__loggerObj__C                     
20013810  ti_sysbios_knl_Swi_Object__count__C                         
20013814  ti_sysbios_knl_Task_A_badPriority__C                        
20013818  ti_sysbios_knl_Task_A_badTaskState__C                       
2001381c  ti_sysbios_knl_Task_A_badThreadType__C                      
20013820  ti_sysbios_knl_Task_A_badTimeout__C                         
20013824  ti_sysbios_knl_Task_A_noPendElem__C                         
20013828  ti_sysbios_knl_Task_A_sleepTaskDisabled__C                  
2001382c  ti_sysbios_knl_Task_E_spOutOfBounds__C                      
20013830  ti_sysbios_knl_Task_E_stackOverflow__C                      
20013834  ti_sysbios_knl_Task_LD_block__C                             
20013838  ti_sysbios_knl_Task_LD_exit__C                              
2001383c  ti_sysbios_knl_Task_LD_ready__C                             
20013840  ti_sysbios_knl_Task_LM_sleep__C                             
20013844  ti_sysbios_knl_Task_LM_switch__C                            
20013848  ti_sysbios_knl_Task_LM_yield__C                             
2001384c  ti_sysbios_knl_Task_Module_State_inactiveQ__O               
20013850  ti_sysbios_knl_Task_Module__diagsEnabled__C                 
20013854  ti_sysbios_knl_Task_Module__diagsIncluded__C                
20013858  ti_sysbios_knl_Task_Module__diagsMask__C                    
2001385c  ti_sysbios_knl_Task_Module__loggerFxn2__C                   
20013860  ti_sysbios_knl_Task_Module__loggerFxn4__C                   
20013864  ti_sysbios_knl_Task_Module__loggerObj__C                    
20013868  ti_sysbios_knl_Task_Object__count__C                        
2001386c  ti_sysbios_knl_Task_allBlockedFunc__C                       
20013870  ti_sysbios_knl_Task_defaultStackHeap__C                     
20013874  ti_sysbios_knl_Task_defaultStackSize__C                     
20013878  ti_sysbios_knl_Task_numConstructedTasks__C                  
2001387c  xdc_runtime_Assert_E_assertFailed__C                        
20013880  xdc_runtime_Core_A_initializedParams__C                     
20013884  xdc_runtime_Core_Module__diagsEnabled__C                    
20013888  xdc_runtime_Core_Module__diagsIncluded__C                   
2001388c  xdc_runtime_Core_Module__diagsMask__C                       
20013890  xdc_runtime_Error_E_memory__C                               
20013894  xdc_runtime_Error_Module__diagsEnabled__C                   
20013898  xdc_runtime_Error_Module__diagsIncluded__C                  
2001389c  xdc_runtime_Error_Module__diagsMask__C                      
200138a0  xdc_runtime_Error_Module__loggerFxn8__C                     
200138a4  xdc_runtime_Error_Module__loggerObj__C                      
200138a8  xdc_runtime_Error_policyFxn__C                              
200138ac  xdc_runtime_Error_raiseHook__C                              
200138b0  xdc_runtime_IFilterLogger_Interface__BASE__C                
200138b4  xdc_runtime_IGateProvider_Interface__BASE__C                
200138b8  xdc_runtime_IHeap_Interface__BASE__C                        
200138bc  xdc_runtime_ILogger_Interface__BASE__C                      
200138c0  xdc_runtime_IModule_Interface__BASE__C                      
200138c4  xdc_runtime_Log_L_error__C                                  
200138c8  xdc_runtime_LoggerBuf_E_badLevel__C                         
200138cc  xdc_runtime_LoggerBuf_Module__gateObj__C                    
200138d0  xdc_runtime_LoggerBuf_Object__count__C                      
200138d4  xdc_runtime_LoggerBuf_statusLogger__C                       
200138d8  xdc_runtime_Memory_defaultHeapInstance__C                   
200138dc  xdc_runtime_Startup_execImpl__C                             
200138e0  xdc_runtime_Startup_maxPasses__C                            
200138e4  xdc_runtime_Startup_sfxnRts__C                              
200138e8  xdc_runtime_Startup_sfxnTab__C                              
200138ec  xdc_runtime_SysMin_bufSize__C                               
200138f0  xdc_runtime_SysMin_outputFunc__C                            
200138f4  xdc_runtime_System_Module__gateObj__C                       
200138f8  xdc_runtime_System_abortFxn__C                              
200138fc  xdc_runtime_System_exitFxn__C                               
20013900  xdc_runtime_System_extendFxn__C                             
20013904  xdc_runtime_System_maxAtexitHandlers__C                     
20013908  xdc_runtime_Text_charTab__C                                 
2001390c  xdc_runtime_Text_nameEmpty__C                               
20013910  xdc_runtime_Text_nameStatic__C                              
20013914  xdc_runtime_Text_nameUnknown__C                             
20013918  xdc_runtime_Text_nodeTab__C                                 
2001391c  xdc_runtime_Text_visitRopeFxn__C                            
20013920  ti_sysbios_family_arm_m3_Timer_Module__id__C                
20013922  ti_sysbios_family_arm_m3_TimestampProvider_configTimer__C   
20013924  ti_sysbios_gates_GateMutex_Module__id__C                    
20013926  ti_sysbios_hal_Hwi_Module__id__C                            
20013928  ti_sysbios_heaps_HeapMem_Module__id__C                      
2001392a  ti_sysbios_knl_Clock_Module__id__C                          
2001392c  ti_sysbios_knl_Clock_Module__loggerDefined__C               
2001392e  ti_sysbios_knl_Mailbox_Module__id__C                        
20013930  ti_sysbios_knl_Semaphore_Module__id__C                      
20013932  ti_sysbios_knl_Semaphore_Module__loggerDefined__C           
20013934  ti_sysbios_knl_Swi_Module__id__C                            
20013936  ti_sysbios_knl_Swi_Module__loggerDefined__C                 
20013938  ti_sysbios_knl_Task_Module__id__C                           
2001393a  ti_sysbios_knl_Task_Module__loggerDefined__C                
2001393c  ti_sysbios_knl_Task_initStackFlag__C                        
2001393e  xdc_runtime_Core_Module__id__C                              
20013940  xdc_runtime_Error_Module__loggerDefined__C                  
20013942  xdc_runtime_Error_maxDepth__C                               
20013944  xdc_runtime_LoggerBuf_Module__id__C                         
20013946  xdc_runtime_LoggerBuf_filterByLevel__C                      
20013948  xdc_runtime_Memory_Module__id__C                            
2001394a  xdc_runtime_SysMin_flushAtExit__C                           
2001394c  xdc_runtime_Text_charCnt__C                                 
2001394e  xdc_runtime_Text_isLoaded__C                                
20013950  xdc_runtime_Text_registryModsLastId__C                      
20013952  xdc_runtime_Text_unnamedModsLastId__C                       
20013958  __TI_static_base__                                          
20013cd0  __TI_Handler_Table_Base                                     
20013cdc  __TI_Handler_Table_Limit                                    
20013ce8  __TI_CINIT_Base                                             
20013cf8  __TI_CINIT_Limit                                            
20018000  ti_sysbios_heaps_HeapMem_Instance_State_0_buf__A            
20020000  ti_sysbios_knl_Task_Instance_State_0_stack__A               
20020800  acBuffer                                                    
20020ddc  xdc_runtime_LoggerBuf_Instance_State_0_entryArr__A          
200211dc  xdc_runtime_SysMin_Module_State_0_outbuf__A                 
200215dc  ti_sysbios_family_arm_m3_Hwi_dispatchTable                  
200218e8  g_StatMem                                                   
20021a60  __CIOBUF_                                                   
20021b80  g_ucDinDout                                                 
20021bd0  g_ucConnectionSSID                                          
20021bf4  g_ucConnectionBSSID                                         
20021c04  DMAMsgQ                                                     
20021c08  SimpleLinkSpawnTaskHndl                                     
20021c10  g_cDummy                                                    
20021c14  simpleLink_mailbox                                          
20021c18  iSoc                                                        
20021c1a  RxIrqCnt                                                    
20021c1b  g_ucLED1Pin                                                 
20021c1c  g_ucLED2Pin                                                 
20021c1d  g_ucLED3Pin                                                 
20021c20  ti_sysbios_family_arm_m3_Hwi_Module__root__V                
20021c28  ti_sysbios_family_arm_m3_Hwi_Object__table__V               
20021c40  ti_sysbios_family_arm_m3_Hwi_Module_State_0_excActive__A    
20021c44  ti_sysbios_family_arm_m3_Hwi_Module_State_0_excContext__A   
20021c48  ti_sysbios_family_arm_m3_Hwi_Module_State_0_excStack__A     
20021c4c  ti_sysbios_family_arm_m3_Timer_Module__root__V              
20021c54  ti_sysbios_family_arm_m3_Timer_Module__state__V             
20021c60  ti_sysbios_family_arm_m3_TimestampProvider_Module__state__V 
20021c64  ti_sysbios_gates_GateHwi_Module__root__V                    
20021c6c  ti_sysbios_gates_GateHwi_Object__table__V                   
20021c70  ti_sysbios_gates_GateMutex_Module__root__V                  
20021c78  ti_sysbios_hal_Hwi_Module__root__V                          
20021c80  ti_sysbios_hal_Timer_Module__root__V                        
20021c88  ti_sysbios_heaps_HeapMem_Module__root__V                    
20021c90  ti_sysbios_heaps_HeapMem_Object__table__V                   
20021ca8  ti_sysbios_knl_Clock_Module__root__V                        
20021cb0  ti_sysbios_knl_Event_Module__root__V                        
20021cb8  ti_sysbios_knl_Mailbox_Module__root__V                      
20021cc0  ti_sysbios_knl_Queue_Module__root__V                        
20021cc8  ti_sysbios_knl_Semaphore_Module__root__V                    
20021cd0  ti_sysbios_knl_Swi_Module__root__V                          
20021cd8  ti_sysbios_knl_Swi_Module__state__V                         
20021cf4  ti_sysbios_knl_Task_Module__root__V                         
20021cfc  ti_sysbios_knl_Task_Module_State_0_idleTask__A              
20021d00  xdc_runtime_Error_Module__state__V                          
20021d04  xdc_runtime_LoggerBuf_Module__root__V                       
20021d0c  xdc_runtime_LoggerBuf_Module__state__V                      
20021d14  xdc_runtime_Memory_Module__state__V                         
20021d18  xdc_runtime_Registry_Module__state__V                       
20021d20  xdc_runtime_Startup_Module__state__V                        
20021d28  xdc_runtime_SysMin_Module__state__V                         
20021d34  xdc_runtime_System_Module_State_0_atexitHandlers__A         
20021d44  xdc_runtime_System_Module__state__V                         
20021d4c  xdc_runtime_Text_Module__state__V                           
20021d54  __xdc__init__addr                                           
20021e08  _Denorm                                                     
20021e18  _Eps                                                        
20021e28  _Hugeval                                                    
20021e38  _Inf                                                        
20021e48  _Nan                                                        
20021e58  _Snan                                                       
20021e68  _Rteps                                                      
20021e78  _Xbig                                                       
20021e80  _Zero                                                       
20021e88  ti_sysbios_knl_Swi_Module_State_0_readyQ__A                 
20021f08  ti_sysbios_knl_Task_Module_State_0_readyQ__A                
20021f88  TSK_idle                                                    
20021f88  ti_sysbios_knl_Task_Object__table__V                        
20021fd4  ti_sysbios_knl_Task_Module__state__V                        
20022018  ti_sysbios_gates_GateMutex_Object__table__V                 
20022050  ti_sysbios_family_arm_m3_Hwi_Module__state__V               
20022084  ti_sysbios_family_arm_m3_Timer_Object__table__V             
200220b4  ti_sysbios_knl_Swi_Object__table__V                         
200220e4  ti_sysbios_knl_Clock_Module__state__V                       
20022110  ti_sysbios_BIOS_Module__state__V                            
20022134  xdc_runtime_LoggerBuf_Object__table__V                      
2002216c  g_uiLED1Port                                                
20022170  g_uiLED2Port                                                
20022174  g_uiLED3Port                                                
20022178  g_ulStatus                                                  
2002217c  g_ulPingPacketsRecv                                         
20022180  g_ulGatewayIP                                               
20022184  g_SpiFd                                                     
20022188  g_pHostIntHdl                                               
2002218c  g_ucDMAEnabled                                              
20022190  g_pCB                                                       
20022194  pPingCallBackFunc                                           
20022198  gFirstCmdMode                                               
2002219c  _lock                                                       
200221a0  _unlock                                                     
200221a4  __TI_cleanup_ptr                                            
200221a8  __TI_dtors_ptr                                              
200221ac  _Fenv                                                       
200221b0  _Tls_setup__Fenv                                            
200221b4  channelChanged                                              
200221b5  cmd                                                         
200221b8  iChannel                                                    
200221bc  _Errno                                                      
200221c0  main_func_sp                                                
2002e000  __stack                                                     
20030000  __STACK_END                                                 
e000e000  ti_sysbios_family_arm_m3_Hwi_nvic                           
ffffffff  __binit__                                                   
ffffffff  __c_args__                                                  
ffffffff  binit                                                       
UNDEFED   SHT$$INIT_ARRAY$$Base                                       
UNDEFED   SHT$$INIT_ARRAY$$Limit                                      

[949 symbols]
